Component: ARM Compiler 5.06 update 2 (build 183) Tool: armlink [4d35b7]

==============================================================================

Section Cross References

    main.o(i._Z10Initializev) refers to em_cmu.o(i.CMU_OscillatorEnable) for CMU_OscillatorEnable
    main.o(i._Z10Initializev) refers to em_cmu.o(i.CMU_ClockSelectSet) for CMU_ClockSelectSet
    main.o(i._Z10Initializev) refers to em_cmu.o(i.CMU_ClockDivSet) for CMU_ClockDivSet
    main.o(i._Z10Initializev) refers to em_cmu.o(i.CMU_ClockEnable) for CMU_ClockEnable
    main.o(i._Z12LoraTransmitPKv) refers to _printf_pad.o(.text) for _printf_pre_padding
    main.o(i._Z12LoraTransmitPKv) refers to _printf_percent.o(.ARM.Collect$$_printf_percent$$00000000) for _printf_percent
    main.o(i._Z12LoraTransmitPKv) refers to _printf_x.o(.ARM.Collect$$_printf_percent$$0000000C) for _printf_x
    main.o(i._Z12LoraTransmitPKv) refers to _printf_hex_int.o(.text) for _printf_longlong_hex
    main.o(i._Z12LoraTransmitPKv) refers to rn2483.o(i._Z10LoraConfigv) for LoraConfig()
    main.o(i._Z12LoraTransmitPKv) refers to lis3dsh.o(i._Z13accInitializev) for accInitialize()
    main.o(i._Z12LoraTransmitPKv) refers to main.o(i._Z7adcFuncv) for adcFunc()
    main.o(i._Z12LoraTransmitPKv) refers to lis3dsh.o(i._Z7accReadv) for accRead()
    main.o(i._Z12LoraTransmitPKv) refers to noretval__2sprintf.o(.text) for __2sprintf
    main.o(i._Z12LoraTransmitPKv) refers to rn2483.o(i._Z12LoraTransmitPcS_) for LoraTransmit(char*, char*)
    main.o(i._Z12LoraTransmitPKv) refers to main.o(i._Z8uartSendP13USART_TypeDefPc) for uartSend(USART_TypeDef*, char*)
    main.o(i._Z12LoraTransmitPKv) refers to rt_cmsis.o(i.osDelay) for osDelay
    main.o(i._Z12LoraTransmitPKv) refers to main.o(.data) for AxisZ
    main.o(i._Z12LoraTransmitPKv) refers to main.o(.bss) for iotBuffer
    main.o(i._Z13ReceiveThreadPKv) refers to em_usart.o(i.USART_Rx) for USART_Rx
    main.o(i._Z13ReceiveThreadPKv) refers to main.o(i._Z8uartSendP13USART_TypeDefPc) for uartSend(USART_TypeDef*, char*)
    main.o(i._Z13ReceiveThreadPKv) refers to rn2483.o(.data) for uartLora
    main.o(i._Z13ReceiveThreadPKv) refers to main.o(.data) for uart232
    main.o(i._Z15uart0Initializev) refers to rt_memcpy_w.o(.text) for __aeabi_memcpy4
    main.o(i._Z15uart0Initializev) refers to em_usart.o(i.USART_InitAsync) for USART_InitAsync
    main.o(i._Z15uart0Initializev) refers to em_gpio.o(i.GPIO_PinModeSet) for GPIO_PinModeSet
    main.o(i._Z15uart0Initializev) refers to em_usart.o(i.USART_Enable) for USART_Enable
    main.o(i._Z15uart0Initializev) refers to main.o(.constdata) for .constdata
    main.o(i._Z15uart0Initializev) refers to main.o(.data) for uart232
    main.o(i._Z6blinkyPKv) refers to em_gpio.o(i.GPIO_PinModeSet) for GPIO_PinModeSet
    main.o(i._Z6blinkyPKv) refers to main.o(i._Z14GPIO_PinOutSet17GPIO_Port_TypeDefj) for GPIO_PinOutSet(GPIO_Port_TypeDef, unsigned)
    main.o(i._Z6blinkyPKv) refers to rt_cmsis.o(i.osDelay) for osDelay
    main.o(i._Z7adcFuncv) refers to em_gpio.o(i.GPIO_PinModeSet) for GPIO_PinModeSet
    main.o(i._Z7adcFuncv) refers to main.o(i._Z14GPIO_PinOutSet17GPIO_Port_TypeDefj) for GPIO_PinOutSet(GPIO_Port_TypeDef, unsigned)
    main.o(i._Z7adcFuncv) refers to fflt_clz.o(x$fpl$ffltu) for __aeabi_ui2f
    main.o(i._Z7adcFuncv) refers to fdiv.o(x$fpl$fdiv) for __aeabi_fdiv
    main.o(i._Z7adcFuncv) refers to f2d.o(x$fpl$f2d) for __aeabi_f2d
    main.o(i._Z7adcFuncv) refers to dmul.o(x$fpl$dmul) for __aeabi_dmul
    main.o(i._Z7adcFuncv) refers to ddiv.o(x$fpl$ddiv) for __aeabi_ddiv
    main.o(i._Z7adcFuncv) refers to d2f.o(x$fpl$d2f) for __aeabi_d2f
    main.o(i._Z7adcFuncv) refers to ffixu.o(x$fpl$ffixu) for __aeabi_f2uiz
    main.o(i._Z7adcFuncv) refers to main.o(.data) for adcResult
    main.o(i._Z8uartSendP13USART_TypeDefPc) refers to em_usart.o(i.USART_Tx) for USART_Tx
    main.o(i.main) refers to rt_cmsis.o(i.osKernelInitialize) for osKernelInitialize
    main.o(i.main) refers to main.o(i._Z10Initializev) for Initialize()
    main.o(i.main) refers to main.o(i._Z15uart0Initializev) for uart0Initialize()
    main.o(i.main) refers to main.o(i._Z8uartSendP13USART_TypeDefPc) for uartSend(USART_TypeDef*, char*)
    main.o(i.main) refers to rt_cmsis.o(i.osThreadCreate) for osThreadCreate
    main.o(i.main) refers to rt_cmsis.o(i.osKernelStart) for osKernelStart
    main.o(i.main) refers to system_efm32gg.o(.data) for SystemCoreClock
    main.o(i.main) refers to main.o(.data) for uart232
    main.o(i.main) refers to main.o(.constdata) for os_thread_def_blinky
    main.o(.ARM.exidx) refers to main.o(i._Z10Initializev) for i._Z10Initializev
    main.o(.ARM.exidx) refers to main.o(i._Z7adcFuncv) for i._Z7adcFuncv
    main.o(.ARM.exidx) refers to main.o(i._Z6blinkyPKv) for i._Z6blinkyPKv
    main.o(.ARM.exidx) refers to main.o(i._Z15uart0Initializev) for i._Z15uart0Initializev
[...]
    i.SystemLFXOClockGet                     0x00001184   Section        0  system_efm32gg.o(i.SystemLFXOClockGet)
    i.SystemMaxCoreClockGet                  0x00001190   Section        0  system_efm32gg.o(i.SystemMaxCoreClockGet)
    i.SystemULFRCOClockGet                   0x00001198   Section        0  system_efm32gg.o(i.SystemULFRCOClockGet)
    i.USART_BaudrateAsyncSet                 0x000011a0   Section        0  em_usart.o(i.USART_BaudrateAsyncSet)
    i.USART_BaudrateSyncSet                  0x00001220   Section        0  em_usart.o(i.USART_BaudrateSyncSet)
    i.USART_Enable                           0x00001264   Section        0  em_usart.o(i.USART_Enable)
    i.USART_InitAsync                        0x00001272   Section        0  em_usart.o(i.USART_InitAsync)
    i.USART_InitSync                         0x000012b4   Section        0  em_usart.o(i.USART_InitSync)
    i.USART_Reset                            0x00001318   Section        0  em_usart.o(i.USART_Reset)
    i.USART_Rx                               0x00001368   Section        0  em_usart.o(i.USART_Rx)
    i.USART_Tx                               0x0000137c   Section        0  em_usart.o(i.USART_Tx)
    i._Z10Initializev                        0x0000138c   Section        0  main.o(i._Z10Initializev)
    i._Z10LoraConfigv                        0x000013f4   Section        0  rn2483.o(i._Z10LoraConfigv)
    i._Z12LoraTransmitPKv                    0x00001640   Section        0  main.o(i._Z12LoraTransmitPKv)
    i._Z12LoraTransmitPcS_                   0x000016b4   Section        0  rn2483.o(i._Z12LoraTransmitPcS_)
    i._Z13ReceiveThreadPKv                   0x000016d4   Section        0  main.o(i._Z13ReceiveThreadPKv)
    i._Z13accInitializev                     0x000016f8   Section        0  lis3dsh.o(i._Z13accInitializev)
    i._Z14GPIO_PinOutSet17GPIO_Port_TypeDefj 0x0000179c   Section        0  main.o(i._Z14GPIO_PinOutSet17GPIO_Port_TypeDefj)
    GPIO_PinOutSet(GPIO_Port_TypeDef, unsigned) 0x0000179d   Thumb Code    20  main.o(i._Z14GPIO_PinOutSet17GPIO_Port_TypeDefj)
    i._Z15uart0Initializev                   0x000017b4   Section        0  main.o(i._Z15uart0Initializev)
    i._Z6blinkyPKv                           0x00001814   Section        0  main.o(i._Z6blinkyPKv)
    i._Z7accReadh                            0x00001854   Section        0  lis3dsh.o(i._Z7accReadh)
    i._Z7accReadv                            0x000018e4   Section        0  lis3dsh.o(i._Z7accReadv)
    i._Z7adcFuncv                            0x00001914   Section        0  main.o(i._Z7adcFuncv)
    i._Z8accWritehh                          0x000019c8   Section        0  lis3dsh.o(i._Z8accWritehh)
    i._Z8uartSendP13USART_TypeDefPc          0x000019f0   Section        0  main.o(i._Z8uartSendP13USART_TypeDefPc)
    i._Z9accConfigv                          0x00001a0c   Section        0  lis3dsh.o(i._Z9accConfigv)
    i._ZN4LoRa12uartLoraSendEP13USART_TypeDefPc 0x00001a38   Section        0  lora.o(i._ZN4LoRa12uartLoraSendEP13USART_TypeDefPc)
    i._ZN4LoRa17stringConcatenateEPcS0_      0x00001a54   Section        0  lora.o(i._ZN4LoRa17stringConcatenateEPcS0_)
    i._ZN4LoRa17stringConcatenateEPcS0_S0_   0x00001a94   Section        0  lora.o(i._ZN4LoRa17stringConcatenateEPcS0_S0_)
    i._ZN4LoRa17stringConcatenateEPcS0_S0_S0_ 0x00001ae4   Section        0  lora.o(i._ZN4LoRa17stringConcatenateEPcS0_S0_S0_)
    i._ZN4LoRa18uartLoraInitializeEv         0x00001b4c   Section        0  lora.o(i._ZN4LoRa18uartLoraInitializeEv)
    i._ZN4LoRa3mac2txEPcS1_S1_               0x00001bb0   Section        0  lora.o(i._ZN4LoRa3mac2txEPcS1_S1_)
    i._ZN4LoRa3mac3getEPc                    0x00001bec   Section        0  lora.o(i._ZN4LoRa3mac3getEPc)
    i._ZN4LoRa3mac3setEPcS1_                 0x00001c1c   Section        0  lora.o(i._ZN4LoRa3mac3setEPcS1_)
    i._ZN4LoRa3mac3setEPcS1_S1_              0x00001c54   Section        0  lora.o(i._ZN4LoRa3mac3setEPcS1_S1_)
    i._ZN4LoRa3mac4joinEPc                   0x00001c90   Section        0  lora.o(i._ZN4LoRa3mac4joinEPc)
    i._ZN4LoRa3mac4saveEv                    0x00001cc4   Section        0  lora.o(i._ZN4LoRa3mac4saveEv)
    i._ZN4LoRa3sys5resetEv                   0x00001cec   Section        0  lora.o(i._ZN4LoRa3sys5resetEv)
    i._init_box                              0x00001d14   Section        0  rt_membox.o(i._init_box)
    i._is_digit                              0x00001d5a   Section        0  __printf_wp.o(i._is_digit)
    i._mutex_acquire                         0x00001d68   Section        0  rtx_conf_cm.o(i._mutex_acquire)
    __tagsym$$used                           0x00001d69   Number         0  rtx_conf_cm.o(i._mutex_acquire)
    i._mutex_release                         0x00001d88   Section        0  rtx_conf_cm.o(i._mutex_release)
    __tagsym$$used                           0x00001d89   Number         0  rtx_conf_cm.o(i._mutex_release)
    i.auxClkGet                              0x00001da4   Section        0  em_cmu.o(i.auxClkGet)
    auxClkGet                                0x00001da5   Thumb Code    78  em_cmu.o(i.auxClkGet)
    i.dbgClkGet                              0x00001e10   Section        0  em_cmu.o(i.dbgClkGet)
    dbgClkGet                                0x00001e11   Thumb Code    58  em_cmu.o(i.dbgClkGet)
    i.dbg_init                               0x00001e54   Section        0  hal_cm.o(i.dbg_init)
    i.dbg_task_notify                        0x00001e84   Section        0  hal_cm.o(i.dbg_task_notify)
    i.dbg_task_switch                        0x00001ea4   Section        0  hal_cm.o(i.dbg_task_switch)
    i.flashWaitStateControl                  0x00001eb4   Section        0  em_cmu.o(i.flashWaitStateControl)
    flashWaitStateControl                    0x00001eb5   Thumb Code   134  em_cmu.o(i.flashWaitStateControl)
    i.flashWaitStateMax                      0x00001f44   Section        0  em_cmu.o(i.flashWaitStateMax)
    flashWaitStateMax                        0x00001f45   Thumb Code    14  em_cmu.o(i.flashWaitStateMax)
    i.isrMessageGet                          0x00001f52   Section        0  rt_cmsis.o(i.isrMessageGet)
    i.isrMessagePut                          0x00001f7c   Section        0  rt_cmsis.o(i.isrMessagePut)
    i.isr_mbx_receive                        0x00001fa8   Section        0  rt_mailbox.o(i.isr_mbx_receive)
    i.isr_mbx_send                           0x00001ffe   Section        0  rt_mailbox.o(i.isr_mbx_send)
    i.lfClkGet                               0x0000200c   Section        0  em_cmu.o(i.lfClkGet)
    lfClkGet                                 0x0000200d   Thumb Code   206  em_cmu.o(i.lfClkGet)
    i.main                                   0x000020e8   Section        0  main.o(i.main)
    i.maxFreqHfle                            0x000021a4   Section        0  em_cmu.o(i.maxFreqHfle)
    maxFreqHfle                              0x000021a5   Thumb Code    74  em_cmu.o(i.maxFreqHfle)
    i.osDelay                                0x00002200   Section        0  rt_cmsis.o(i.osDelay)
    i.osKernelInitialize                     0x00002218   Section        0  rt_cmsis.o(i.osKernelInitialize)
    i.osKernelStart                          0x0000223c   Section        0  rt_cmsis.o(i.osKernelStart)
    i.osMessageGet                           0x000022a8   Section        0  rt_cmsis.o(i.osMessageGet)
    i.osThreadCreate                         0x000022c0   Section        0  rt_cmsis.o(i.osThreadCreate)
    i.osThreadExit                           0x000022ec   Section        0  rt_cmsis.o(i.osThreadExit)
    i.osTimerCall                            0x00002304   Section        0  rt_cmsis.o(i.osTimerCall)
    i.osTimerThread                          0x00002310   Section        0  rt_cmsis.o(i.osTimerThread)
    i.os_error                               0x0000233c   Section        0  rtx_conf_cm.o(i.os_error)
    i.os_idle_demon                          0x0000235e   Section        0  rtx_conf_cm.o(i.os_idle_demon)
    i.os_tick_init                           0x00002364   Section        0  rt_system.o(i.os_tick_init)
    i.os_tick_irqack                         0x0000238c   Section        0  rt_system.o(i.os_tick_irqack)
    i.rt_alloc_box                           0x0000238e   Section        0  rt_membox.o(i.rt_alloc_box)
    i.rt_alloc_mem                           0x000023a8   Section        0  rt_memory.o(i.rt_alloc_mem)
    i.rt_block                               0x000023e8   Section        0  rt_task.o(i.rt_block)
    i.rt_chk_robin                           0x00002420   Section        0  rt_robin.o(i.rt_chk_robin)
    i.rt_dec_dly                             0x00002468   Section        0  rt_list.o(i.rt_dec_dly)
    i.rt_dispatch                            0x000024d8   Section        0  rt_task.o(i.rt_dispatch)
    i.rt_dly_wait                            0x0000251c   Section        0  rt_time.o(i.rt_dly_wait)
    i.rt_evt_psh                             0x00002524   Section        0  rt_event.o(i.rt_evt_psh)
    i.rt_free_box                            0x00002574   Section        0  rt_membox.o(i.rt_free_box)
    i.rt_free_mem                            0x000025a0   Section        0  rt_memory.o(i.rt_free_mem)
    i.rt_get_first                           0x000025c8   Section        0  rt_list.o(i.rt_get_first)
    i.rt_id2obj                              0x000025f0   Section        0  rt_cmsis.o(i.rt_id2obj)
    rt_id2obj                                0x000025f1   Thumb Code     8  rt_cmsis.o(i.rt_id2obj)
    i.rt_init_context                        0x000025f8   Section        0  rt_task.o(i.rt_init_context)
    rt_init_context                          0x000025f9   Thumb Code    66  rt_task.o(i.rt_init_context)
    i.rt_init_mem                            0x00002640   Section        0  rt_memory.o(i.rt_init_mem)
    i.rt_init_robin                          0x0000265c   Section        0  rt_robin.o(i.rt_init_robin)
    i.rt_init_stack                          0x00002674   Section        0  hal_cm.o(i.rt_init_stack)
    i.rt_mbx_check                           0x000026f4   Section        0  rt_mailbox.o(i.rt_mbx_check)
    i.rt_mbx_init                            0x000026fc   Section        0  rt_mailbox.o(i.rt_mbx_init)
    i.rt_mbx_psh                             0x00002718   Section        0  rt_mailbox.o(i.rt_mbx_psh)
    i.rt_mbx_wait                            0x00002808   Section        0  rt_mailbox.o(i.rt_mbx_wait)
    i.rt_ms2tick                             0x000028bc   Section        0  rt_cmsis.o(i.rt_ms2tick)
    rt_ms2tick                               0x000028bd   Thumb Code    58  rt_cmsis.o(i.rt_ms2tick)
    i.rt_mut_release                         0x00002900   Section        0  rt_mutex.o(i.rt_mut_release)
    i.rt_mut_wait                            0x000029d8   Section        0  rt_mutex.o(i.rt_mut_wait)
    i.rt_pop_req                             0x00002a50   Section        0  rt_system.o(i.rt_pop_req)
    i.rt_psh_req                             0x00002acc   Section        0  rt_system.o(i.rt_psh_req)
    i.rt_psq_enq                             0x00002aec   Section        0  rt_list.o(i.rt_psq_enq)
    i.rt_put_dly                             0x00002b48   Section        0  rt_list.o(i.rt_put_dly)
    i.rt_put_prio                            0x00002b90   Section        0  rt_list.o(i.rt_put_prio)
    i.rt_put_rdy_first                       0x00002bc8   Section        0  rt_list.o(i.rt_put_rdy_first)
    i.rt_resort_prio                         0x00002bdc   Section        0  rt_list.o(i.rt_resort_prio)
    i.rt_ret_val                             0x00002c10   Section        0  hal_cm.o(i.rt_ret_val)
    i.rt_ret_val2                            0x00002c16   Section        0  hal_cm.o(i.rt_ret_val2)
    i.rt_rmv_dly                             0x00002c1e   Section        0  rt_list.o(i.rt_rmv_dly)
    i.rt_rmv_list                            0x00002c48   Section        0  rt_list.o(i.rt_rmv_list)
    i.rt_sem_psh                             0x00002c78   Section        0  rt_semaphore.o(i.rt_sem_psh)
    i.rt_stk_check                           0x00002cac   Section        0  rt_system.o(i.rt_stk_check)
    i.rt_switch_req                          0x00002cd0   Section        0  rt_task.o(i.rt_switch_req)
    i.rt_sys_init                            0x00002cf8   Section        0  rt_task.o(i.rt_sys_init)
    i.rt_sys_start                           0x00002dc4   Section        0  rt_task.o(i.rt_sys_start)
    i.rt_systick                             0x00002e3c   Section        0  rt_system.o(i.rt_systick)
    i.rt_tid2ptcb                            0x00002e7c   Section        0  rt_cmsis.o(i.rt_tid2ptcb)
    rt_tid2ptcb                              0x00002e7d   Thumb Code    18  rt_cmsis.o(i.rt_tid2ptcb)
    i.rt_timer_insert                        0x00002e90   Section        0  rt_cmsis.o(i.rt_timer_insert)
    rt_timer_insert                          0x00002e91   Thumb Code    48  rt_cmsis.o(i.rt_timer_insert)
    i.rt_tsk_create                          0x00002ec4   Section        0  rt_task.o(i.rt_tsk_create)
    i.rt_tsk_delete                          0x00002f4c   Section        0  rt_task.o(i.rt_tsk_delete)
    i.rt_tsk_prio                            0x000030c8   Section        0  rt_task.o(i.rt_tsk_prio)
    i.rt_tsk_self                            0x00003144   Section        0  rt_task.o(i.rt_tsk_self)
    i.svcDelay                               0x00003154   Section        0  rt_cmsis.o(i.svcDelay)
    i.svcKernelInitialize                    0x00003168   Section        0  rt_cmsis.o(i.svcKernelInitialize)
    i.svcKernelStart                         0x000031d8   Section        0  rt_cmsis.o(i.svcKernelStart)
    i.svcMessageCreate                       0x00003220   Section        0  rt_cmsis.o(i.svcMessageCreate)
    i.svcMessageGet                          0x00003244   Section        0  rt_cmsis.o(i.svcMessageGet)
    i.svcThreadCreate                        0x00003280   Section        0  rt_cmsis.o(i.svcThreadCreate)
    i.svcThreadGetId                         0x000032ec   Section        0  rt_cmsis.o(i.svcThreadGetId)
    i.svcThreadTerminate                     0x00003308   Section        0  rt_cmsis.o(i.svcThreadTerminate)
    i.svcTimerCall                           0x00003340   Section        0  rt_cmsis.o(i.svcTimerCall)
    i.syncReg                                0x00003358   Section        0  em_cmu.o(i.syncReg)
    syncReg                                  0x00003359   Thumb Code    28  em_cmu.o(i.syncReg)
    i.sysTimerTick                           0x00003378   Section        0  rt_cmsis.o(i.sysTimerTick)
    i.usbCClkGet                             0x000033d4   Section        0  em_cmu.o(i.usbCClkGet)
    usbCClkGet                               0x000033d5   Thumb Code    58  em_cmu.o(i.usbCClkGet)
    x$fpl$d2f                                0x00003414   Section       98  d2f.o(x$fpl$d2f)
    x$fpl$ddiv                               0x00003478   Section      688  ddiv.o(x$fpl$ddiv)
    ddiv_entry                               0x0000347f   Thumb Code     0  ddiv.o(x$fpl$ddiv)
    x$fpl$dmul                               0x00003728   Section      340  dmul.o(x$fpl$dmul)
    x$fpl$dnaninf                            0x0000387c   Section      156  dnaninf.o(x$fpl$dnaninf)
    x$fpl$dretinf                            0x00003918   Section       12  dretinf.o(x$fpl$dretinf)
    x$fpl$f2d                                0x00003924   Section       86  f2d.o(x$fpl$f2d)
    x$fpl$fdiv                               0x0000397c   Section      388  fdiv.o(x$fpl$fdiv)
    _fdiv1                                   0x0000397d   Thumb Code     0  fdiv.o(x$fpl$fdiv)
    x$fpl$ffixu                              0x00003b00   Section       62  ffixu.o(x$fpl$ffixu)
    x$fpl$ffltu                              0x00003b40   Section       38  fflt_clz.o(x$fpl$ffltu)
    x$fpl$fnaninf                            0x00003b66   Section      140  fnaninf.o(x$fpl$fnaninf)
    x$fpl$fretinf                            0x00003bf2   Section       10  fretinf.o(x$fpl$fretinf)
    .constdata                               0x00003bfc   Section       72  main.o(.constdata)
    x$fpl$usenofp                            0x00003bfc   Section        0  usenofp.o(x$fpl$usenofp)
    os_thread_def_blinky                     0x00003bfc   Data          16  main.o(.constdata)
    os_thread_def_ReceiveThread              0x00003c0c   Data          16  main.o(.constdata)
    os_thread_def_LoraTransmit               0x00003c1c   Data          16  main.o(.constdata)
    .constdata                               0x00003c44   Section       24  lora.o(.constdata)
    .constdata                               0x00003c5c   Section       24  lis3dsh.o(.constdata)
    .constdata                               0x00003c74   Section      104  rtx_conf_cm.o(.constdata)
    __tagsym$$used                           0x00003c90   Number         0  rtx_conf_cm.o(.constdata)
    __tagsym$$used                           0x00003c94   Number         0  rtx_conf_cm.o(.constdata)
    __tagsym$$used                           0x00003c98   Number         0  rtx_conf_cm.o(.constdata)
    __tagsym$$used                           0x00003c9c   Number         0  rtx_conf_cm.o(.constdata)
    .constdata                               0x00003cdc   Section       40  _printf_hex_int.o(.constdata)
    uc_hextab                                0x00003cdc   Data          20  _printf_hex_int.o(.constdata)
    lc_hextab                                0x00003cf0   Data          20  _printf_hex_int.o(.constdata)
    .constdata                               0x00003d04   Section       17  __printf_flags_wp.o(.constdata)
    maptable                                 0x00003d04   Data          17  __printf_flags_wp.o(.constdata)
    .data                                    0x20000000   Section       14  main.o(.data)
    .data                                    0x20000010   Section        4  lora.o(.data)
    .data                                    0x20000014   Section        4  lis3dsh.o(.data)
    .data                                    0x20000018   Section        4  rn2483.o(.data)
    .data                                    0x2000001c   Section       20  rtx_conf_cm.o(.data)
    nr_mutex                                 0x2000002c   Data           4  rtx_conf_cm.o(.data)
    .data                                    0x20000030   Section        4  em_emu.o(.data)
    cmuStatus                                0x20000030   Data           4  em_emu.o(.data)
    .data                                    0x20000034   Section       12  system_efm32gg.o(.data)
    SystemHFXOClock                          0x20000034   Data           4  system_efm32gg.o(.data)
    SystemLFXOClock                          0x20000038   Data           4  system_efm32gg.o(.data)
    .data                                    0x20000040   Section        8  rt_cmsis.o(.data)
    .data                                    0x20000048   Section        8  rt_task.o(.data)
    .data                                    0x20000050   Section        8  rt_system.o(.data)
    os_lock                                  0x20000050   Data           1  rt_system.o(.data)
    os_psh_flag                              0x20000051   Data           1  rt_system.o(.data)
    pend_flags                               0x20000052   Data           1  rt_system.o(.data)
    .data                                    0x20000058   Section        4  rt_time.o(.data)
    .data                                    0x2000005c   Section        8  rt_robin.o(.data)
    .data                                    0x20000064   Section        1  hal_cm.o(.data)
    .bss                                     0x20000068   Section       48  main.o(.bss)
    .bss                                     0x20000098   Section      320  lora.o(.bss)
    temp                                     0x20000098   Data          64  lora.o(.bss)
    temp                                     0x200000d8   Data          64  lora.o(.bss)
    temp                                     0x20000118   Data          64  lora.o(.bss)
    temp                                     0x20000158   Data          64  lora.o(.bss)
    temp                                     0x20000198   Data          64  lora.o(.bss)
    .bss                                     0x200001d8   Section     4192  rtx_conf_cm.o(.bss)
    std_libspace                             0x20000f18   Data         672  rtx_conf_cm.o(.bss)
    std_libmutex                             0x200011b8   Data         128  rtx_conf_cm.o(.bss)
    .bss                                     0x20001238   Section       52  rt_task.o(.bss)
    .bss                                     0x2000126c   Section       48  rt_list.o(.bss)
    .bss                                     0x2000129c   Section       96  libspace.o(.bss)
    HEAP                                     0x20001300   Section     3072  startup_efm32gg.o(HEAP)
    Heap_Mem                                 0x20001300   Data        3072  startup_efm32gg.o(HEAP)
    STACK                                    0x20001f00   Section     1024  startup_efm32gg.o(STACK)
    Stack_Mem                                0x20001f00   Data        1024  startup_efm32gg.o(STACK)
    __initial_sp                             0x20002300   Data           0  startup_efm32gg.o(STACK)

    Global Symbols

    Symbol Name                              Value     Ov Type        Size  Object(Section)

    BuildAttributes$$THM_ISAv4$P$D$K$B$S$PE$A:L22UL41UL21$X:L11$S22US41US21$IEEE1$IW$USESV6$~STKCKD$USESV7$~SHL$OSPACE$ROPI$EBA8$UX$STANDARDLIB$REQ8$PRES8$EABIv2 0x00000000   Number         0  anon$$obj.o ABSOLUTE
    __ARM_use_no_argv                        0x00000000   Number         0  main.o ABSOLUTE
    __Vectors                                0x00000000   Data           4  startup_efm32gg.o(RESET)
    _printf_flags                            0x00000000   Number         0  printf_stubs.o ABSOLUTE
    _printf_return_value                     0x00000000   Number         0  printf_stubs.o ABSOLUTE
    _printf_sizespec                         0x00000000   Number         0  printf_stubs.o ABSOLUTE
    _printf_widthprec                        0x00000000   Number         0  printf_stubs.o ABSOLUTE
    __ARM_exceptions_init                     - Undefined Weak Reference
    __alloca_initialize                       - Undefined Weak Reference
    __arm_preinit_                            - Undefined Weak Reference
    __cpp_initialize__aeabi_                  - Undefined Weak Reference
    __cxa_finalize                            - Undefined Weak Reference
    __rt_locale                               - Undefined Weak Reference
    __sigvec_lookup                           - Undefined Weak Reference
    _atexit_init                              - Undefined Weak Reference
    _call_atexit_fns                          - Undefined Weak Reference
    _clock_init                               - Undefined Weak Reference
    _fp_trap_init                             - Undefined Weak Reference
    _fp_trap_shutdown                         - Undefined Weak Reference
    _get_lc_collate                           - Undefined Weak Reference
    _get_lc_ctype                             - Undefined Weak Reference
    _get_lc_monetary                          - Undefined Weak Reference
    _get_lc_numeric                           - Undefined Weak Reference
    _get_lc_time                              - Undefined Weak Reference
    _getenv_init                              - Undefined Weak Reference
    _handle_redirection                       - Undefined Weak Reference
    _init_alloc                               - Undefined Weak Reference
    _init_user_alloc                          - Undefined Weak Reference
    _initio                                   - Undefined Weak Reference
    _printf_truncate_unsigned                 - Undefined Weak Reference
    _rand_init                                - Undefined Weak Reference
    _signal_finish                            - Undefined Weak Reference
    _signal_init                              - Undefined Weak Reference
    _terminate_alloc                          - Undefined Weak Reference
    _terminate_user_alloc                     - Undefined Weak Reference
    _terminateio                              - Undefined Weak Reference
    __Vectors_End                            0x000000dc   Data           0  startup_efm32gg.o(RESET)
    __Vectors_Size                           0x000000dc   Number         0  startup_efm32gg.o ABSOLUTE
    __main                                   0x000000dd   Thumb Code     8  __main.o(!!!main)
    __scatterload                            0x000000e5   Thumb Code     0  __scatter.o(!!!scatter)
    __scatterload_rt2                        0x000000e5   Thumb Code    44  __scatter.o(!!!scatter)
    __scatterload_rt2_thumb_only             0x000000e5   Thumb Code     0  __scatter.o(!!!scatter)
    __scatterload_null                       0x000000f3   Thumb Code     0  __scatter.o(!!!scatter)
    __scatterload_copy                       0x00000119   Thumb Code    26  __scatter_copy.o(!!handler_copy)
    __scatterload_zeroinit                   0x00000135   Thumb Code    28  __scatter_zi.o(!!handler_zi)
    _printf_percent                          0x00000151   Thumb Code     0  _printf_percent.o(.ARM.Collect$$_printf_percent$$00000000)
    _printf_x                                0x00000151   Thumb Code     0  _printf_x.o(.ARM.Collect$$_printf_percent$$0000000C)
    _printf_percent_end                      0x00000157   Thumb Code     0  _printf_percent_end.o(.ARM.Collect$$_printf_percent$$00000017)
    __rt_lib_init                            0x0000015b   Thumb Code     0  libinit.o(.ARM.Collect$$libinit$$00000000)
    __rt_lib_init_alloca_1                   0x0000015d   Thumb Code     0  libinit2.o(.ARM.Collect$$libinit$$0000002E)
    __rt_lib_init_argv_1                     0x0000015d   Thumb Code     0  libinit2.o(.ARM.Collect$$libinit$$0000002C)
    __rt_lib_init_atexit_1                   0x0000015d   Thumb Code     0  libinit2.o(.ARM.Collect$$libinit$$0000001B)
    __rt_lib_init_clock_1                    0x0000015d   Thumb Code     0  libinit2.o(.ARM.Collect$$libinit$$00000021)
    __rt_lib_init_cpp_1                      0x0000015d   Thumb Code     0  libinit2.o(.ARM.Collect$$libinit$$00000032)
    __rt_lib_init_exceptions_1               0x0000015d   Thumb Code     0  libinit2.o(.ARM.Collect$$libinit$$00000030)
    __rt_lib_init_fp_1                       0x0000015d   Thumb Code     0  libinit2.o(.ARM.Collect$$libinit$$00000002)
    __rt_lib_init_fp_trap_1                  0x0000015d   Thumb Code     0  libinit2.o(.ARM.Collect$$libinit$$0000001F)
    __rt_lib_init_getenv_1                   0x0000015d   Thumb Code     0  libinit2.o(.ARM.Collect$$libinit$$00000023)
    __rt_lib_init_heap_1                     0x0000015d   Thumb Code     0  libinit2.o(.ARM.Collect$$libinit$$0000000A)
    __rt_lib_init_lc_collate_1               0x0000015d   Thumb Code     0  libinit2.o(.ARM.Collect$$libinit$$00000011)
    __rt_lib_init_lc_ctype_1                 0x0000015d   Thumb Code     0  libinit2.o(.ARM.Collect$$libinit$$00000013)
    __rt_lib_init_lc_monetary_1              0x0000015d   Thumb Code     0  libinit2.o(.ARM.Collect$$libinit$$00000015)
    __rt_lib_init_lc_numeric_1               0x0000015d   Thumb Code     0  libinit2.o(.ARM.Collect$$libinit$$00000017)
    __rt_lib_init_lc_time_1                  0x0000015d   Thumb Code     0  libinit2.o(.ARM.Collect$$libinit$$00000019)
    __rt_lib_init_preinit_1                  0x0000015d   Thumb Code     0  libinit2.o(.ARM.Collect$$libinit$$00000004)
    __rt_lib_init_rand_1                     0x0000015d   Thumb Code     0  libinit2.o(.ARM.Collect$$libinit$$0000000E)
    __rt_lib_init_return                     0x0000015d   Thumb Code     0  libinit2.o(.ARM.Collect$$libinit$$00000033)
    __rt_lib_init_signal_1                   0x0000015d   Thumb Code     0  libinit2.o(.ARM.Collect$$libinit$$0000001D)
    __rt_lib_init_stdio_1                    0x0000015d   Thumb Code     0  libinit2.o(.ARM.Collect$$libinit$$00000025)
    __rt_lib_init_user_alloc_1               0x0000015d   Thumb Code     0  libinit2.o(.ARM.Collect$$libinit$$0000000C)
    __rt_lib_shutdown                        0x0000015f   Thumb Code     0  libshutdown.o(.ARM.Collect$$libshutdown$$00000000)
    __rt_lib_shutdown_cpp_1                  0x00000161   Thumb Code     0  libshutdown2.o(.ARM.Collect$$libshutdown$$00000002)
    __rt_lib_shutdown_fp_trap_1              0x00000161   Thumb Code     0  libshutdown2.o(.ARM.Collect$$libshutdown$$00000007)
    __rt_lib_shutdown_heap_1                 0x00000161   Thumb Code     0  libshutdown2.o(.ARM.Collect$$libshutdown$$0000000F)
    __rt_lib_shutdown_return                 0x00000161   Thumb Code     0  libshutdown2.o(.ARM.Collect$$libshutdown$$00000010)
    __rt_lib_shutdown_signal_1               0x00000161   Thumb Code     0  libshutdown2.o(.ARM.Collect$$libshutdown$$0000000A)
    __rt_lib_shutdown_stdio_1                0x00000161   Thumb Code     0  libshutdown2.o(.ARM.Collect$$libshutdown$$00000004)
    __rt_lib_shutdown_user_alloc_1           0x00000161   Thumb Code     0  libshutdown2.o(.ARM.Collect$$libshutdown$$0000000C)
    __rt_entry                               0x00000163   Thumb Code     0  __rtentry.o(.ARM.Collect$$rtentry$$00000000)
    __rt_entry_presh_1                       0x00000163   Thumb Code     0  __rtentry2.o(.ARM.Collect$$rtentry$$00000002)
    __rt_entry_sh                            0x00000163   Thumb Code     0  __rtentry4.o(.ARM.Collect$$rtentry$$00000004)
    __rt_entry_li                            0x00000169   Thumb Code     0  __rtentry2.o(.ARM.Collect$$rtentry$$0000000A)
    __rt_entry_postsh_1                      0x00000169   Thumb Code     0  __rtentry2.o(.ARM.Collect$$rtentry$$00000009)
    __rt_entry_postli_1                      0x0000016d   Thumb Code     0  __rtentry2.o(.ARM.Collect$$rtentry$$0000000B)
    __rt_entry_main                          0x00000175   Thumb Code     0  __rtentry2.o(.ARM.Collect$$rtentry$$0000000D)
    __rt_exit                                0x0000017d   Thumb Code     0  rtexit.o(.ARM.Collect$$rtexit$$00000000)
    __rt_exit_ls                             0x0000017f   Thumb Code     0  rtexit2.o(.ARM.Collect$$rtexit$$00000003)
    __rt_exit_prels_1                        0x0000017f   Thumb Code     0  rtexit2.o(.ARM.Collect$$rtexit$$00000002)
    __rt_exit_exit                           0x00000183   Thumb Code     0  rtexit2.o(.ARM.Collect$$rtexit$$00000004)
    _platform_post_lib_init                  0x00000189   Thumb Code    24  rtx_conf_cm.o(.emb_text)
    rt_set_PSP                               0x000001a5   Thumb Code     6  hal_cm3.o(.emb_text)
    rt_get_PSP                               0x000001ab   Thumb Code     6  hal_cm3.o(.emb_text)
    os_set_env                               0x000001b1   Thumb Code    24  hal_cm3.o(.emb_text)
    _alloc_box                               0x000001cd   Thumb Code    28  hal_cm3.o(.emb_text)
    _free_box                                0x000001ed   Thumb Code    28  hal_cm3.o(.emb_text)
    SVC_Handler                              0x0000020d   Thumb Code   108  hal_cm3.o(.emb_text)
    PendSV_Handler                           0x00000285   Thumb Code    56  hal_cm3.o(.emb_text)
    SysTick_Handler                          0x000002c1   Thumb Code     8  hal_cm3.o(.emb_text)
    OS_Tick_Handler                          0x000002c9   Thumb Code    12  hal_cm3.o(.emb_text)
    Reset_Handler                            0x000002d5   Thumb Code     8  startup_efm32gg.o(.text)
    NMI_Handler                              0x000002dd   Thumb Code     2  startup_efm32gg.o(.text)
    HardFault_Handler                        0x000002df   Thumb Code     2  startup_efm32gg.o(.text)
    MemManage_Handler                        0x000002e1   Thumb Code     2  startup_efm32gg.o(.text)
    BusFault_Handler                         0x000002e3   Thumb Code     2  startup_efm32gg.o(.text)
    UsageFault_Handler                       0x000002e5   Thumb Code     2  startup_efm32gg.o(.text)
    DebugMon_Handler                         0x000002e9   Thumb Code     2  startup_efm32gg.o(.text)
    ACMP0_IRQHandler                         0x000002ef   Thumb Code     0  startup_efm32gg.o(.text)
    ADC0_IRQHandler                          0x000002ef   Thumb Code     0  startup_efm32gg.o(.text)
    AES_IRQHandler                           0x000002ef   Thumb Code     0  startup_efm32gg.o(.text)
    BURTC_IRQHandler                         0x000002ef   Thumb Code     0  startup_efm32gg.o(.text)
    CMU_IRQHandler                           0x000002ef   Thumb Code     0  startup_efm32gg.o(.text)
    DAC0_IRQHandler                          0x000002ef   Thumb Code     0  startup_efm32gg.o(.text)
    DMA_IRQHandler                           0x000002ef   Thumb Code     0  startup_efm32gg.o(.text)
    EBI_IRQHandler                           0x000002ef   Thumb Code     0  startup_efm32gg.o(.text)
    EMU_IRQHandler                           0x000002ef   Thumb Code     0  startup_efm32gg.o(.text)
    GPIO_EVEN_IRQHandler                     0x000002ef   Thumb Code     0  startup_efm32gg.o(.text)
    GPIO_ODD_IRQHandler                      0x000002ef   Thumb Code     0  startup_efm32gg.o(.text)
    I2C0_IRQHandler                          0x000002ef   Thumb Code     0  startup_efm32gg.o(.text)
    I2C1_IRQHandler                          0x000002ef   Thumb Code     0  startup_efm32gg.o(.text)
    LCD_IRQHandler                           0x000002ef   Thumb Code     0  startup_efm32gg.o(.text)
    LESENSE_IRQHandler                       0x000002ef   Thumb Code     0  startup_efm32gg.o(.text)
    LETIMER0_IRQHandler                      0x000002ef   Thumb Code     0  startup_efm32gg.o(.text)
    LEUART0_IRQHandler                       0x000002ef   Thumb Code     0  startup_efm32gg.o(.text)
    LEUART1_IRQHandler                       0x000002ef   Thumb Code     0  startup_efm32gg.o(.text)
    MSC_IRQHandler                           0x000002ef   Thumb Code     0  startup_efm32gg.o(.text)
    PCNT0_IRQHandler                         0x000002ef   Thumb Code     0  startup_efm32gg.o(.text)
    PCNT1_IRQHandler                         0x000002ef   Thumb Code     0  startup_efm32gg.o(.text)
    PCNT2_IRQHandler                         0x000002ef   Thumb Code     0  startup_efm32gg.o(.text)
    RTC_IRQHandler                           0x000002ef   Thumb Code     0  startup_efm32gg.o(.text)
    TIMER0_IRQHandler                        0x000002ef   Thumb Code     0  startup_efm32gg.o(.text)
    TIMER1_IRQHandler                        0x000002ef   Thumb Code     0  startup_efm32gg.o(.text)
    TIMER2_IRQHandler                        0x000002ef   Thumb Code     0  startup_efm32gg.o(.text)
    TIMER3_IRQHandler                        0x000002ef   Thumb Code     0  startup_efm32gg.o(.text)
    UART0_RX_IRQHandler                      0x000002ef   Thumb Code     0  startup_efm32gg.o(.text)
    UART0_TX_IRQHandler                      0x000002ef   Thumb Code     0  startup_efm32gg.o(.text)
    UART1_RX_IRQHandler                      0x000002ef   Thumb Code     0  startup_efm32gg.o(.text)
    UART1_TX_IRQHandler                      0x000002ef   Thumb Code     0  startup_efm32gg.o(.text)
    USART0_RX_IRQHandler                     0x000002ef   Thumb Code     0  startup_efm32gg.o(.text)
    USART0_TX_IRQHandler                     0x000002ef   Thumb Code     0  startup_efm32gg.o(.text)
    USART1_RX_IRQHandler                     0x000002ef   Thumb Code     0  startup_efm32gg.o(.text)
    USART1_TX_IRQHandler                     0x000002ef   Thumb Code     0  startup_efm32gg.o(.text)
    USART2_RX_IRQHandler                     0x000002ef   Thumb Code     0  startup_efm32gg.o(.text)
    USART2_TX_IRQHandler                     0x000002ef   Thumb Code     0  startup_efm32gg.o(.text)
    USB_IRQHandler                           0x000002ef   Thumb Code     0  startup_efm32gg.o(.text)
    VCMP_IRQHandler                          0x000002ef   Thumb Code     0  startup_efm32gg.o(.text)
    __user_initial_stackheap                 0x000002f1   Thumb Code    10  startup_efm32gg.o(.text)
    __user_libspace                          0x00000315   Thumb Code     8  libspace.o(.text)
    __user_perproc_libspace                  0x00000315   Thumb Code     0  libspace.o(.text)
    __2sprintf                               0x0000031d   Thumb Code    34  noretval__2sprintf.o(.text)
    _printf_pre_padding                      0x00000345   Thumb Code    44  _printf_pad.o(.text)
    _printf_post_padding                     0x00000371   Thumb Code    34  _printf_pad.o(.text)
    _printf_int_hex                          0x00000395   Thumb Code    84  _printf_hex_int.o(.text)
    _printf_longlong_hex                     0x00000395   Thumb Code     0  _printf_hex_int.o(.text)
    __printf                                 0x000003ed   Thumb Code   308  __printf_flags_wp.o(.text)
    __RL_RTX_VER                             0x00000482   Number         0  rt_system.o ABSOLUTE
    exit                                     0x00000525   Thumb Code    18  exit.o(.text)
    strcpy                                   0x00000537   Thumb Code    72  strcpy.o(.text)
    strcat                                   0x0000057f   Thumb Code    24  strcat.o(.text)
    __aeabi_memcpy4                          0x00000597   Thumb Code     0  rt_memcpy_w.o(.text)
    __aeabi_memcpy8                          0x00000597   Thumb Code     0  rt_memcpy_w.o(.text)
    __rt_memcpy_w                            0x00000597   Thumb Code   100  rt_memcpy_w.o(.text)
    _memcpy_lastbytes_aligned                0x000005df   Thumb Code     0  rt_memcpy_w.o(.text)
    __aeabi_memclr                           0x000005fb   Thumb Code     0  rt_memclr.o(.text)
    __rt_memclr                              0x000005fb   Thumb Code    68  rt_memclr.o(.text)
    _memset                                  0x000005ff   Thumb Code     0  rt_memclr.o(.text)
    __use_two_region_memory                  0x0000063f   Thumb Code     2  heapauxi.o(.text)
    __rt_heap_escrow$2region                 0x00000641   Thumb Code     2  heapauxi.o(.text)
    __rt_heap_expand$2region                 0x00000643   Thumb Code     2  heapauxi.o(.text)
    _printf_int_common                       0x00000645   Thumb Code   178  _printf_intcommon.o(.text)
    _printf_char_common                      0x00000703   Thumb Code    32  _printf_char_common.o(.text)
    _sputc                                   0x00000729   Thumb Code    10  _sputc.o(.text)
    __aeabi_memclr4                          0x00000733   Thumb Code     0  rt_memclr_w.o(.text)
    __aeabi_memclr8                          0x00000733   Thumb Code     0  rt_memclr_w.o(.text)
    __rt_memclr_w                            0x00000733   Thumb Code    78  rt_memclr_w.o(.text)
    _memset_w                                0x00000737   Thumb Code     0  rt_memclr_w.o(.text)
    _sys_exit                                0x00000781   Thumb Code     8  sys_exit.o(.text)
    __user_setup_stackheap                   0x0000078d   Thumb Code    74  sys_stackheap_outer.o(.text)
    __I$use$semihosting                      0x000007d7   Thumb Code     0  use_no_semi.o(.text)
    __use_no_semihosting_swi                 0x000007d7   Thumb Code     2  use_no_semi.o(.text)
    SVC_Count                                0x000007d8   Data           4  svc_table.o(SVC_TABLE)
    __semihosting_library_function           0x000007d9   Thumb Code     0  indicate_semi.o(.text)
    SVC_Table                                0x000007dc   Data           0  svc_table.o(SVC_TABLE)
    CMU_ClockDivSet                          0x0000080d   Thumb Code   454  em_cmu.o(i.CMU_ClockDivSet)
    CMU_ClockEnable                          0x000009e9   Thumb Code   154  em_cmu.o(i.CMU_ClockEnable)
    CMU_ClockFreqGet                         0x00000a8d   Thumb Code   328  em_cmu.o(i.CMU_ClockFreqGet)
    CMU_ClockSelectGet                       0x00000be1   Thumb Code   268  em_cmu.o(i.CMU_ClockSelectGet)
    CMU_ClockSelectSet                       0x00000cf1   Thumb Code   534  em_cmu.o(i.CMU_ClockSelectSet)
    CMU_OscillatorEnable                     0x00000f21   Thumb Code   120  em_cmu.o(i.CMU_OscillatorEnable)
    EMU_UpdateOscConfig                      0x00000f9d   Thumb Code    10  em_emu.o(i.EMU_UpdateOscConfig)
    GPIO_PinModeSet                          0x00000fb1   Thumb Code   144  em_gpio.o(i.GPIO_PinModeSet)
    SystemCoreClockGet                       0x00001075   Thumb Code    40  system_efm32gg.o(i.SystemCoreClockGet)
    SystemHFClockGet                         0x000010a5   Thumb Code   156  system_efm32gg.o(i.SystemHFClockGet)
    SystemHFXOClockGet                       0x00001171   Thumb Code     6  system_efm32gg.o(i.SystemHFXOClockGet)
    SystemInit                               0x0000117d   Thumb Code     2  system_efm32gg.o(i.SystemInit)
    SystemLFRCOClockGet                      0x0000117f   Thumb Code     6  system_efm32gg.o(i.SystemLFRCOClockGet)
    SystemLFXOClockGet                       0x00001185   Thumb Code     6  system_efm32gg.o(i.SystemLFXOClockGet)
    SystemMaxCoreClockGet                    0x00001191   Thumb Code     4  system_efm32gg.o(i.SystemMaxCoreClockGet)
    SystemULFRCOClockGet                     0x00001199   Thumb Code     6  system_efm32gg.o(i.SystemULFRCOClockGet)
    USART_BaudrateAsyncSet                   0x000011a1   Thumb Code   118  em_usart.o(i.USART_BaudrateAsyncSet)
    USART_BaudrateSyncSet                    0x00001221   Thumb Code    60  em_usart.o(i.USART_BaudrateSyncSet)
    USART_Enable                             0x00001265   Thumb Code    14  em_usart.o(i.USART_Enable)
    USART_InitAsync                          0x00001273   Thumb Code    66  em_usart.o(i.USART_InitAsync)
    USART_InitSync                           0x000012b5   Thumb Code   100  em_usart.o(i.USART_InitSync)
    USART_Reset                              0x00001319   Thumb Code    66  em_usart.o(i.USART_Reset)
    USART_Rx                                 0x00001369   Thumb Code    20  em_usart.o(i.USART_Rx)
    USART_Tx                                 0x0000137d   Thumb Code    16  em_usart.o(i.USART_Tx)
    Initialize()                             0x0000138d   Thumb Code    78  main.o(i._Z10Initializev)
    LoraConfig()                             0x000013f5   Thumb Code   278  rn2483.o(i._Z10LoraConfigv)
    LoraTransmit(const void*)                0x00001641   Thumb Code    80  main.o(i._Z12LoraTransmitPKv)
    LoraTransmit(char*, char*)               0x000016b5   Thumb Code    22  rn2483.o(i._Z12LoraTransmitPcS_)
    ReceiveThread(const void*)               0x000016d5   Thumb Code    26  main.o(i._Z13ReceiveThreadPKv)
    accInitialize()                          0x000016f9   Thumb Code   150  lis3dsh.o(i._Z13accInitializev)
    uart0Initialize()                        0x000017b5   Thumb Code    88  main.o(i._Z15uart0Initializev)
    blinky(const void*)                      0x00001815   Thumb Code    60  main.o(i._Z6blinkyPKv)
    accRead(unsigned char)                   0x00001855   Thumb Code   138  lis3dsh.o(i._Z7accReadh)
    accRead()                                0x000018e5   Thumb Code    46  lis3dsh.o(i._Z7accReadv)
    adcFunc()                                0x00001915   Thumb Code   148  main.o(i._Z7adcFuncv)
    accWrite(unsigned char, unsigned char)   0x000019c9   Thumb Code    34  lis3dsh.o(i._Z8accWritehh)
    uartSend(USART_TypeDef*, char*)          0x000019f1   Thumb Code    28  main.o(i._Z8uartSendP13USART_TypeDefPc)
    accConfig()                              0x00001a0d   Thumb Code    44  lis3dsh.o(i._Z9accConfigv)
    LoRa::uartLoraSend(USART_TypeDef*, char*) 0x00001a39   Thumb Code    28  lora.o(i._ZN4LoRa12uartLoraSendEP13USART_TypeDefPc)
    LoRa::stringConcatenate(char*, char*)    0x00001a55   Thumb Code    50  lora.o(i._ZN4LoRa17stringConcatenateEPcS0_)
    LoRa::stringConcatenate(char*, char*, char*) 0x00001a95   Thumb Code    68  lora.o(i._ZN4LoRa17stringConcatenateEPcS0_S0_)
    LoRa::stringConcatenate(char*, char*, char*, char*) 0x00001ae5   Thumb Code    90  lora.o(i._ZN4LoRa17stringConcatenateEPcS0_S0_S0_)
    LoRa::uartLoraInitialize()               0x00001b4d   Thumb Code    90  lora.o(i._ZN4LoRa18uartLoraInitializeEv)
    LoRa::mac::tx(char*, char*, char*)       0x00001bb1   Thumb Code    48  lora.o(i._ZN4LoRa3mac2txEPcS1_S1_)
    LoRa::mac::get(char*)                    0x00001bed   Thumb Code    36  lora.o(i._ZN4LoRa3mac3getEPc)
    LoRa::mac::set(char*, char*)             0x00001c1d   Thumb Code    44  lora.o(i._ZN4LoRa3mac3setEPcS1_)
    LoRa::mac::set(char*, char*, char*)      0x00001c55   Thumb Code    48  lora.o(i._ZN4LoRa3mac3setEPcS1_S1_)
    LoRa::mac::join(char*)                   0x00001c91   Thumb Code    36  lora.o(i._ZN4LoRa3mac4joinEPc)
    LoRa::mac::save()                        0x00001cc5   Thumb Code    24  lora.o(i._ZN4LoRa3mac4saveEv)
    LoRa::sys::reset()                       0x00001ced   Thumb Code    24  lora.o(i._ZN4LoRa3sys5resetEv)
    _init_box                                0x00001d15   Thumb Code    70  rt_membox.o(i._init_box)
    _is_digit                                0x00001d5b   Thumb Code    14  __printf_wp.o(i._is_digit)
    _mutex_acquire                           0x00001d69   Thumb Code    22  rtx_conf_cm.o(i._mutex_acquire)
    _mutex_release                           0x00001d89   Thumb Code    18  rtx_conf_cm.o(i._mutex_release)
    dbg_init                                 0x00001e55   Thumb Code    34  hal_cm.o(i.dbg_init)
    dbg_task_notify                          0x00001e85   Thumb Code    32  hal_cm.o(i.dbg_task_notify)
    dbg_task_switch                          0x00001ea5   Thumb Code    16  hal_cm.o(i.dbg_task_switch)
    isrMessageGet                            0x00001f53   Thumb Code    42  rt_cmsis.o(i.isrMessageGet)
    isrMessagePut                            0x00001f7d   Thumb Code    44  rt_cmsis.o(i.isrMessagePut)
    isr_mbx_receive                          0x00001fa9   Thumb Code    86  rt_mailbox.o(i.isr_mbx_receive)
    isr_mbx_send                             0x00001fff   Thumb Code    14  rt_mailbox.o(i.isr_mbx_send)
    main                                     0x000020e9   Thumb Code   134  main.o(i.main)
    osDelay                                  0x00002201   Thumb Code    18  rt_cmsis.o(i.osDelay)
    osKernelInitialize                       0x00002219   Thumb Code    30  rt_cmsis.o(i.osKernelInitialize)
    osKernelStart                            0x0000223d   Thumb Code    98  rt_cmsis.o(i.osKernelStart)
    osMessageGet                             0x000022a9   Thumb Code    18  rt_cmsis.o(i.osMessageGet)
    osThreadCreate                           0x000022c1   Thumb Code    36  rt_cmsis.o(i.osThreadCreate)
    osThreadExit                             0x000022ed   Thumb Code    14  rt_cmsis.o(i.osThreadExit)
    osTimerCall                              0x00002305   Thumb Code     8  rt_cmsis.o(i.osTimerCall)
    osTimerThread                            0x00002311   Thumb Code    38  rt_cmsis.o(i.osTimerThread)
    os_error                                 0x0000233d   Thumb Code    34  rtx_conf_cm.o(i.os_error)
    os_idle_demon                            0x0000235f   Thumb Code     4  rtx_conf_cm.o(i.os_idle_demon)
    os_tick_init                             0x00002365   Thumb Code    32  rt_system.o(i.os_tick_init)
    os_tick_irqack                           0x0000238d   Thumb Code     2  rt_system.o(i.os_tick_irqack)
    rt_alloc_box                             0x0000238f   Thumb Code    26  rt_membox.o(i.rt_alloc_box)
    rt_alloc_mem                             0x000023a9   Thumb Code    62  rt_memory.o(i.rt_alloc_mem)
    rt_block                                 0x000023e9   Thumb Code    48  rt_task.o(i.rt_block)
    rt_chk_robin                             0x00002421   Thumb Code    60  rt_robin.o(i.rt_chk_robin)
    rt_dec_dly                               0x00002469   Thumb Code   102  rt_list.o(i.rt_dec_dly)
    rt_dispatch                              0x000024d9   Thumb Code    60  rt_task.o(i.rt_dispatch)
    rt_dly_wait                              0x0000251d   Thumb Code     6  rt_time.o(i.rt_dly_wait)
    rt_evt_psh                               0x00002525   Thumb Code    76  rt_event.o(i.rt_evt_psh)
    rt_free_box                              0x00002575   Thumb Code    44  rt_membox.o(i.rt_free_box)
    rt_free_mem                              0x000025a1   Thumb Code    40  rt_memory.o(i.rt_free_mem)
    rt_get_first                             0x000025c9   Thumb Code    40  rt_list.o(i.rt_get_first)
    rt_init_mem                              0x00002641   Thumb Code    26  rt_memory.o(i.rt_init_mem)
    rt_init_robin                            0x0000265d   Thumb Code    14  rt_robin.o(i.rt_init_robin)
    rt_init_stack                            0x00002675   Thumb Code   118  hal_cm.o(i.rt_init_stack)
    rt_mbx_check                             0x000026f5   Thumb Code     8  rt_mailbox.o(i.rt_mbx_check)
    rt_mbx_init                              0x000026fd   Thumb Code    26  rt_mailbox.o(i.rt_mbx_init)
    rt_mbx_psh                               0x00002719   Thumb Code   236  rt_mailbox.o(i.rt_mbx_psh)
    rt_mbx_wait                              0x00002809   Thumb Code   174  rt_mailbox.o(i.rt_mbx_wait)
    rt_mut_release                           0x00002901   Thumb Code   208  rt_mutex.o(i.rt_mut_release)
    rt_mut_wait                              0x000029d9   Thumb Code   114  rt_mutex.o(i.rt_mut_wait)
    rt_pop_req                               0x00002a51   Thumb Code   112  rt_system.o(i.rt_pop_req)
    rt_psh_req                               0x00002acd   Thumb Code    22  rt_system.o(i.rt_psh_req)
    rt_psq_enq                               0x00002aed   Thumb Code    88  rt_list.o(i.rt_psq_enq)
    rt_put_dly                               0x00002b49   Thumb Code    68  rt_list.o(i.rt_put_dly)
    rt_put_prio                              0x00002b91   Thumb Code    54  rt_list.o(i.rt_put_prio)
    rt_put_rdy_first                         0x00002bc9   Thumb Code    14  rt_list.o(i.rt_put_rdy_first)
    rt_resort_prio                           0x00002bdd   Thumb Code    46  rt_list.o(i.rt_resort_prio)
    rt_ret_val                               0x00002c11   Thumb Code     6  hal_cm.o(i.rt_ret_val)
    rt_ret_val2                              0x00002c17   Thumb Code     8  hal_cm.o(i.rt_ret_val2)
    rt_rmv_dly                               0x00002c1f   Thumb Code    40  rt_list.o(i.rt_rmv_dly)
    rt_rmv_list                              0x00002c49   Thumb Code    44  rt_list.o(i.rt_rmv_list)
    rt_sem_psh                               0x00002c79   Thumb Code    48  rt_semaphore.o(i.rt_sem_psh)
    rt_stk_check                             0x00002cad   Thumb Code    28  rt_system.o(i.rt_stk_check)
    rt_switch_req                            0x00002cd1   Thumb Code    30  rt_task.o(i.rt_switch_req)
    rt_sys_init                              0x00002cf9   Thumb Code   138  rt_task.o(i.rt_sys_init)
    rt_sys_start                             0x00002dc5   Thumb Code   110  rt_task.o(i.rt_sys_start)
    rt_systick                               0x00002e3d   Thumb Code    50  rt_system.o(i.rt_systick)
    rt_tsk_create                            0x00002ec5   Thumb Code   118  rt_task.o(i.rt_tsk_create)
    rt_tsk_delete                            0x00002f4d   Thumb Code   352  rt_task.o(i.rt_tsk_delete)
    rt_tsk_prio                              0x000030c9   Thumb Code   108  rt_task.o(i.rt_tsk_prio)
    rt_tsk_self                              0x00003145   Thumb Code    12  rt_task.o(i.rt_tsk_self)
    svcDelay                                 0x00003155   Thumb Code    18  rt_cmsis.o(i.svcDelay)
    svcKernelInitialize                      0x00003169   Thumb Code    80  rt_cmsis.o(i.svcKernelInitialize)
    svcKernelStart                           0x000031d9   Thumb Code    62  rt_cmsis.o(i.svcKernelStart)
    svcMessageCreate                         0x00003221   Thumb Code    36  rt_cmsis.o(i.svcMessageCreate)
    svcMessageGet                            0x00003245   Thumb Code    58  rt_cmsis.o(i.svcMessageGet)
    svcThreadCreate                          0x00003281   Thumb Code    96  rt_cmsis.o(i.svcThreadCreate)
    svcThreadGetId                           0x000032ed   Thumb Code    22  rt_cmsis.o(i.svcThreadGetId)
    svcThreadTerminate                       0x00003309   Thumb Code    50  rt_cmsis.o(i.svcThreadTerminate)
    svcTimerCall                             0x00003341   Thumb Code    24  rt_cmsis.o(i.svcTimerCall)
    sysTimerTick                             0x00003379   Thumb Code    84  rt_cmsis.o(i.sysTimerTick)
    __aeabi_d2f                              0x00003415   Thumb Code     0  d2f.o(x$fpl$d2f)
    _d2f                                     0x00003415   Thumb Code    98  d2f.o(x$fpl$d2f)
    __aeabi_ddiv                             0x00003479   Thumb Code     0  ddiv.o(x$fpl$ddiv)
    _ddiv                                    0x00003479   Thumb Code   552  ddiv.o(x$fpl$ddiv)
    __aeabi_dmul                             0x00003729   Thumb Code     0  dmul.o(x$fpl$dmul)
    _dmul                                    0x00003729   Thumb Code   332  dmul.o(x$fpl$dmul)
    __fpl_dnaninf                            0x0000387d   Thumb Code   156  dnaninf.o(x$fpl$dnaninf)
    __fpl_dretinf                            0x00003919   Thumb Code    12  dretinf.o(x$fpl$dretinf)
    __aeabi_f2d                              0x00003925   Thumb Code     0  f2d.o(x$fpl$f2d)
    _f2d                                     0x00003925   Thumb Code    86  f2d.o(x$fpl$f2d)
    __aeabi_fdiv                             0x0000397d   Thumb Code     0  fdiv.o(x$fpl$fdiv)
    _fdiv                                    0x0000397d   Thumb Code   384  fdiv.o(x$fpl$fdiv)
    __aeabi_f2uiz                            0x00003b01   Thumb Code     0  ffixu.o(x$fpl$ffixu)
    _ffixu                                   0x00003b01   Thumb Code    62  ffixu.o(x$fpl$ffixu)
    __aeabi_ui2f                             0x00003b41   Thumb Code     0  fflt_clz.o(x$fpl$ffltu)
    _ffltu                                   0x00003b41   Thumb Code    38  fflt_clz.o(x$fpl$ffltu)
    __fpl_fnaninf                            0x00003b67   Thumb Code   140  fnaninf.o(x$fpl$fnaninf)
    __fpl_fretinf                            0x00003bf3   Thumb Code    10  fretinf.o(x$fpl$fretinf)
    __I$use$fp                               0x00003bfc   Number         0  usenofp.o(x$fpl$usenofp)
    os_maxtaskrun                            0x00003c74   Data           2  rtx_conf_cm.o(.constdata)
    os_stackinfo                             0x00003c78   Data           4  rtx_conf_cm.o(.constdata)
    os_rrobin                                0x00003c7c   Data           4  rtx_conf_cm.o(.constdata)
    os_tickfreq                              0x00003c80   Data           4  rtx_conf_cm.o(.constdata)
    os_tickus_i                              0x00003c84   Data           2  rtx_conf_cm.o(.constdata)
    os_tickus_f                              0x00003c86   Data           2  rtx_conf_cm.o(.constdata)
    os_trv                                   0x00003c88   Data           4  rtx_conf_cm.o(.constdata)
    os_flags                                 0x00003c8c   Data           1  rtx_conf_cm.o(.constdata)
    CMSIS_RTOS_API_Version                   0x00003c90   Data           4  rtx_conf_cm.o(.constdata)
    CMSIS_RTOS_RTX_Version                   0x00003c94   Data           4  rtx_conf_cm.o(.constdata)
    os_clockrate                             0x00003c98   Data           4  rtx_conf_cm.o(.constdata)
    os_timernum                              0x00003c9c   Data           4  rtx_conf_cm.o(.constdata)
    mp_tcb_size                              0x00003ca0   Data           2  rtx_conf_cm.o(.constdata)
    mp_stk_size                              0x00003ca4   Data           4  rtx_conf_cm.o(.constdata)
    os_stack_sz                              0x00003ca8   Data           4  rtx_conf_cm.o(.constdata)
    os_fifo_size                             0x00003cac   Data           1  rtx_conf_cm.o(.constdata)
    os_thread_def_osTimerThread              0x00003cb0   Data          16  rtx_conf_cm.o(.constdata)
    os_messageQ_def_osTimerMessageQ          0x00003cc0   Data           8  rtx_conf_cm.o(.constdata)
    mp_tmr_size                              0x00003cc8   Data           2  rtx_conf_cm.o(.constdata)
    os_thread_def_main                       0x00003ccc   Data          16  rtx_conf_cm.o(.constdata)
    Region$$Table$$Base                      0x00003d18   Number         0  anon$$obj.o(Region$$Table)
    Region$$Table$$Limit                     0x00003d38   Number         0  anon$$obj.o(Region$$Table)
    uart232                                  0x20000000   Data           4  main.o(.data)
    adcResult                                0x20000004   Data           4  main.o(.data)
    adcResultwhat                            0x20000008   Data           4  main.o(.data)
    AxisZ                                    0x2000000c   Data           2  main.o(.data)
    uartClassLora                            0x20000010   Data           4  lora.o(.data)
    usartAcc                                 0x20000014   Data           4  lis3dsh.o(.data)
    uartLora                                 0x20000018   Data           4  rn2483.o(.data)
    osThreadId_osTimerThread                 0x2000001c   Data           4  rtx_conf_cm.o(.data)
    osMessageQId_osTimerMessageQ             0x20000020   Data           4  rtx_conf_cm.o(.data)
    os_tmr                                   0x20000024   Data           4  rtx_conf_cm.o(.data)
    m_tmr                                    0x20000028   Data           4  rtx_conf_cm.o(.data)
    SystemCoreClock                          0x2000003c   Data           4  system_efm32gg.o(.data)
    os_initialized                           0x20000040   Data           1  rt_cmsis.o(.data)
    os_running                               0x20000041   Data           1  rt_cmsis.o(.data)
    os_timer_head                            0x20000044   Data           4  rt_cmsis.o(.data)
    os_tsk                                   0x20000048   Data           8  rt_task.o(.data)
    os_tick_irqn                             0x20000054   Data           4  rt_system.o(.data)
    os_time                                  0x20000058   Data           4  rt_time.o(.data)
    os_robin                                 0x2000005c   Data           8  rt_robin.o(.data)
    dbg_msg                                  0x20000064   Data           1  hal_cm.o(.data)
    iotBuffer                                0x20000068   Data          16  main.o(.bss)
    transitory                               0x20000078   Data          32  main.o(.bss)
    mp_tcb                                   0x200001d8   Data         376  rtx_conf_cm.o(.bss)
    mp_stk                                   0x20000350   Data        1792  rtx_conf_cm.o(.bss)
    os_stack_mem                             0x20000a50   Data        1032  rtx_conf_cm.o(.bss)
    os_fifo                                  0x20000e58   Data         132  rtx_conf_cm.o(.bss)
    os_active_TCB                            0x20000edc   Data          28  rtx_conf_cm.o(.bss)
    os_messageQ_q_osTimerMessageQ            0x20000ef8   Data          32  rtx_conf_cm.o(.bss)
    os_idle_TCB                              0x20001238   Data          52  rt_task.o(.bss)
    os_rdy                                   0x2000126c   Data          24  rt_list.o(.bss)
    os_dly                                   0x20001284   Data          24  rt_list.o(.bss)
    __libspace_start                         0x2000129c   Data          96  libspace.o(.bss)
    __temporary_stack_top$libspace           0x200012fc   Data           0  libspace.o(.bss)



==============================================================================

Memory Map of the image

  Image Entry point : 0x000000dd

  Load Region LR_IROM1 (Base: 0x00000000, Size: 0x00003da0, Max: 0x00100000, ABSOLUTE)

    Execution Region ER_IROM1 (Base: 0x00000000, Size: 0x00003d38, Max: 0x00100000, ABSOLUTE)

    Base Addr    Size         Type   Attr      Idx    E Section Name        Object

    0x00000000   0x000000dc   Data   RO         1654    RESET               startup_efm32gg.o
    0x000000dc   0x00000008   Code   RO         3021  * !!!main             c_w.l(__main.o)
    0x000000e4   0x00000034   Code   RO         3226    !!!scatter          c_w.l(__scatter.o)
    0x00000118   0x0000001a   Code   RO         3228    !!handler_copy      c_w.l(__scatter_copy.o)
    0x00000132   0x00000002   PAD
    0x00000134   0x0000001c   Code   RO         3230    !!handler_zi        c_w.l(__scatter_zi.o)
    0x00000150   0x00000000   Code   RO         3008    .ARM.Collect$$_printf_percent$$00000000  c_w.l(_printf_percent.o)
    0x00000150   0x00000006   Code   RO         3007    .ARM.Collect$$_printf_percent$$0000000C  c_w.l(_printf_x.o)
    0x00000156   0x00000004   Code   RO         3060    .ARM.Collect$$_printf_percent$$00000017  c_w.l(_printf_percent_end.o)
    0x0000015a   0x00000002   Code   RO         3112    .ARM.Collect$$libinit$$00000000  c_w.l(libinit.o)
    0x0000015c   0x00000000   Code   RO         3124    .ARM.Collect$$libinit$$00000002  c_w.l(libinit2.o)
    0x0000015c   0x00000000   Code   RO         3126    .ARM.Collect$$libinit$$00000004  c_w.l(libinit2.o)
    0x0000015c   0x00000000   Code   RO         3129    .ARM.Collect$$libinit$$0000000A  c_w.l(libinit2.o)
    0x0000015c   0x00000000   Code   RO         3131    .ARM.Collect$$libinit$$0000000C  c_w.l(libinit2.o)
    0x0000015c   0x00000000   Code   RO         3133    .ARM.Collect$$libinit$$0000000E  c_w.l(libinit2.o)
    0x0000015c   0x00000000   Code   RO         3136    .ARM.Collect$$libinit$$00000011  c_w.l(libinit2.o)
    0x0000015c   0x00000000   Code   RO         3138    .ARM.Collect$$libinit$$00000013  c_w.l(libinit2.o)
    0x0000015c   0x00000000   Code   RO         3140    .ARM.Collect$$libinit$$00000015  c_w.l(libinit2.o)
    0x0000015c   0x00000000   Code   RO         3142    .ARM.Collect$$libinit$$00000017  c_w.l(libinit2.o)
    0x0000015c   0x00000000   Code   RO         3144    .ARM.Collect$$libinit$$00000019  c_w.l(libinit2.o)
    0x0000015c   0x00000000   Code   RO         3146    .ARM.Collect$$libinit$$0000001B  c_w.l(libinit2.o)
    0x0000015c   0x00000000   Code   RO         3148    .ARM.Collect$$libinit$$0000001D  c_w.l(libinit2.o)
    0x0000015c   0x00000000   Code   RO         3150    .ARM.Collect$$libinit$$0000001F  c_w.l(libinit2.o)
    0x0000015c   0x00000000   Code   RO         3152    .ARM.Collect$$libinit$$00000021  c_w.l(libinit2.o)
    0x0000015c   0x00000000   Code   RO         3154    .ARM.Collect$$libinit$$00000023  c_w.l(libinit2.o)
    0x0000015c   0x00000000   Code   RO         3156    .ARM.Collect$$libinit$$00000025  c_w.l(libinit2.o)
    0x0000015c   0x00000000   Code   RO         3160    .ARM.Collect$$libinit$$0000002C  c_w.l(libinit2.o)
    0x0000015c   0x00000000   Code   RO         3162    .ARM.Collect$$libinit$$0000002E  c_w.l(libinit2.o)
    0x0000015c   0x00000000   Code   RO         3164    .ARM.Collect$$libinit$$00000030  c_w.l(libinit2.o)
    0x0000015c   0x00000000   Code   RO         3166    .ARM.Collect$$libinit$$00000032  c_w.l(libinit2.o)
    0x0000015c   0x00000002   Code   RO         3167    .ARM.Collect$$libinit$$00000033  c_w.l(libinit2.o)
    0x0000015e   0x00000002   Code   RO         3113    .ARM.Collect$$libshutdown$$00000000  c_w.l(libshutdown.o)
    0x00000160   0x00000000   Code   RO         3169    .ARM.Collect$$libshutdown$$00000002  c_w.l(libshutdown2.o)
    0x00000160   0x00000000   Code   RO         3171    .ARM.Collect$$libshutdown$$00000004  c_w.l(libshutdown2.o)
    0x00000160   0x00000000   Code   RO         3174    .ARM.Collect$$libshutdown$$00000007  c_w.l(libshutdown2.o)
    0x00000160   0x00000000   Code   RO         3177    .ARM.Collect$$libshutdown$$0000000A  c_w.l(libshutdown2.o)
    0x00000160   0x00000000   Code   RO         3179    .ARM.Collect$$libshutdown$$0000000C  c_w.l(libshutdown2.o)
    0x00000160   0x00000000   Code   RO         3182    .ARM.Collect$$libshutdown$$0000000F  c_w.l(libshutdown2.o)
    0x00000160   0x00000002   Code   RO         3183    .ARM.Collect$$libshutdown$$00000010  c_w.l(libshutdown2.o)
    0x00000162   0x00000000   Code   RO         3047    .ARM.Collect$$rtentry$$00000000  c_w.l(__rtentry.o)
    0x00000162   0x00000000   Code   RO         3073    .ARM.Collect$$rtentry$$00000002  c_w.l(__rtentry2.o)
    0x00000162   0x00000006   Code   RO         3085    .ARM.Collect$$rtentry$$00000004  c_w.l(__rtentry4.o)
    0x00000168   0x00000000   Code   RO         3075    .ARM.Collect$$rtentry$$00000009  c_w.l(__rtentry2.o)
    0x00000168   0x00000004   Code   RO         3076    .ARM.Collect$$rtentry$$0000000A  c_w.l(__rtentry2.o)
    0x0000016c   0x00000008   Code   RO         3077    .ARM.Collect$$rtentry$$0000000B  c_w.l(__rtentry2.o)
    0x00000174   0x00000008   Code   RO         3079    .ARM.Collect$$rtentry$$0000000D  c_w.l(__rtentry2.o)
    0x0000017c   0x00000002   Code   RO         3048    .ARM.Collect$$rtexit$$00000000  c_w.l(rtexit.o)
    0x0000017e   0x00000000   Code   RO         3088    .ARM.Collect$$rtexit$$00000002  c_w.l(rtexit2.o)
    0x0000017e   0x00000004   Code   RO         3089    .ARM.Collect$$rtexit$$00000003  c_w.l(rtexit2.o)
    0x00000182   0x00000006   Code   RO         3090    .ARM.Collect$$rtexit$$00000004  c_w.l(rtexit2.o)
    0x00000188   0x0000001c   Code   RO          833    .emb_text           rtx_conf_cm.o
    0x000001a4   0x00000130   Code   RO         2938    .emb_text           RTX_CM3.lib(hal_cm3.o)
    0x000002d4   0x00000040   Code   RO         1655    .text               startup_efm32gg.o
    0x00000314   0x00000008   Code   RO         2953    .text               c_w.l(libspace.o)
    0x0000031c   0x00000028   Code   RO         2960    .text               c_w.l(noretval__2sprintf.o)
    0x00000344   0x0000004e   Code   RO         2964    .text               c_w.l(_printf_pad.o)
    0x00000392   0x00000002   PAD
    0x00000394   0x00000058   Code   RO         2969    .text               c_w.l(_printf_hex_int.o)
    0x000003ec   0x00000138   Code   RO         2999    .text               c_w.l(__printf_flags_wp.o)
    0x00000524   0x00000012   Code   RO         3009    .text               c_w.l(exit.o)
    0x00000536   0x00000048   Code   RO         3011    .text               c_w.l(strcpy.o)
    0x0000057e   0x00000018   Code   RO         3013    .text               c_w.l(strcat.o)
    0x00000596   0x00000064   Code   RO         3015    .text               c_w.l(rt_memcpy_w.o)
    0x000005fa   0x00000044   Code   RO         3017    .text               c_w.l(rt_memclr.o)
    0x0000063e   0x00000006   Code   RO         3019    .text               c_w.l(heapauxi.o)
    0x00000644   0x000000b2   Code   RO         3054    .text               c_w.l(_printf_intcommon.o)
    0x000006f6   0x00000002   PAD
    0x000006f8   0x00000030   Code   RO         3056    .text               c_w.l(_printf_char_common.o)
    0x00000728   0x0000000a   Code   RO         3058    .text               c_w.l(_sputc.o)
    0x00000732   0x0000004e   Code   RO         3061    .text               c_w.l(rt_memclr_w.o)
    0x00000780   0x0000000c   Code   RO         3098    .text               c_w.l(sys_exit.o)
    0x0000078c   0x0000004a   Code   RO         3100    .text               c_w.l(sys_stackheap_outer.o)
    0x000007d6   0x00000002   Code   RO         3114    .text               c_w.l(use_no_semi.o)
    0x000007d8   0x00000000   Code   RO         3116    .text               c_w.l(indicate_semi.o)
    0x000007d8   0x00000004   Code   RO         2948    SVC_TABLE           RTX_CM3.lib(svc_table.o)
    0x000007dc   0x00000014   Code   RO          910    i.BUS_RegBitRead    em_cmu.o
    0x000007f0   0x00000012   Code   RO          911    i.BUS_RegBitWrite   em_cmu.o
    0x00000802   0x0000000a   Code   RO         1405    i.BUS_RegMaskedWrite  em_gpio.o
    0x0000080c   0x000001dc   Code   RO          918    i.CMU_ClockDivSet   em_cmu.o
    0x000009e8   0x000000a4   Code   RO          919    i.CMU_ClockEnable   em_cmu.o
    0x00000a8c   0x00000154   Code   RO          920    i.CMU_ClockFreqGet  em_cmu.o
    0x00000be0   0x00000110   Code   RO          921    i.CMU_ClockSelectGet  em_cmu.o
    0x00000cf0   0x00000224   Code   RO          922    i.CMU_ClockSelectSet  em_cmu.o
    0x00000f14   0x0000000c   Code   RO          923    i.CMU_DivToLog2     em_cmu.o
    0x00000f20   0x0000007c   Code   RO          932    i.CMU_OscillatorEnable  em_cmu.o
    0x00000f9c   0x00000014   Code   RO         1303    i.EMU_UpdateOscConfig  em_emu.o
    0x00000fb0   0x00000094   Code   RO         1410    i.GPIO_PinModeSet   em_gpio.o
    0x00001044   0x00000018   Code   RO         1411    i.GPIO_PinOutClear  em_gpio.o
    0x0000105c   0x00000018   Code   RO         1412    i.GPIO_PinOutSet    em_gpio.o
    0x00001074   0x00000030   Code   RO         1662    i.SystemCoreClockGet  system_efm32gg.o
    0x000010a4   0x000000cc   Code   RO         1663    i.SystemHFClockGet  system_efm32gg.o
    0x00001170   0x0000000c   Code   RO         1664    i.SystemHFXOClockGet  system_efm32gg.o
    0x0000117c   0x00000002   Code   RO         1666    i.SystemInit        system_efm32gg.o
    0x0000117e   0x00000006   Code   RO         1667    i.SystemLFRCOClockGet  system_efm32gg.o
    0x00001184   0x0000000c   Code   RO         1668    i.SystemLFXOClockGet  system_efm32gg.o
    0x00001190   0x00000008   Code   RO         1670    i.SystemMaxCoreClockGet  system_efm32gg.o
    0x00001198   0x00000006   Code   RO         1671    i.SystemULFRCOClockGet  system_efm32gg.o
    0x0000119e   0x00000002   PAD
    0x000011a0   0x00000080   Code   RO         1508    i.USART_BaudrateAsyncSet  em_usart.o
    0x00001220   0x00000044   Code   RO         1511    i.USART_BaudrateSyncSet  em_usart.o
    0x00001264   0x0000000e   Code   RO         1512    i.USART_Enable      em_usart.o
    0x00001272   0x00000042   Code   RO         1513    i.USART_InitAsync   em_usart.o
    0x000012b4   0x00000064   Code   RO         1517    i.USART_InitSync    em_usart.o
    0x00001318   0x00000050   Code   RO         1518    i.USART_Reset       em_usart.o
    0x00001368   0x00000014   Code   RO         1519    i.USART_Rx          em_usart.o
    0x0000137c   0x00000010   Code   RO         1524    i.USART_Tx          em_usart.o
    0x0000138c   0x00000068   Code   RO            4    i._Z10Initializev   main.o
    0x000013f4   0x0000024c   Code   RO          801    i._Z10LoraConfigv   rn2483.o
    0x00001640   0x00000074   Code   RO            5    i._Z12LoraTransmitPKv  main.o
    0x000016b4   0x00000020   Code   RO          802    i._Z12LoraTransmitPcS_  rn2483.o
    0x000016d4   0x00000024   Code   RO            6    i._Z13ReceiveThreadPKv  main.o
    0x000016f8   0x000000a4   Code   RO          733    i._Z13accInitializev  lis3dsh.o
    0x0000179c   0x00000018   Code   RO            7    i._Z14GPIO_PinOutSet17GPIO_Port_TypeDefj  main.o
    0x000017b4   0x00000060   Code   RO            8    i._Z15uart0Initializev  main.o
    0x00001814   0x00000040   Code   RO            9    i._Z6blinkyPKv      main.o
    0x00001854   0x00000090   Code   RO          734    i._Z7accReadh       lis3dsh.o
    0x000018e4   0x0000002e   Code   RO          735    i._Z7accReadv       lis3dsh.o
    0x00001912   0x00000002   PAD
    0x00001914   0x000000b4   Code   RO           10    i._Z7adcFuncv       main.o
    0x000019c8   0x00000028   Code   RO          736    i._Z8accWritehh     lis3dsh.o
    0x000019f0   0x0000001c   Code   RO           11    i._Z8uartSendP13USART_TypeDefPc  main.o
    0x00001a0c   0x0000002c   Code   RO          737    i._Z9accConfigv     lis3dsh.o
    0x00001a38   0x0000001c   Code   RO          334    i._ZN4LoRa12uartLoraSendEP13USART_TypeDefPc  lora.o
    0x00001a54   0x00000040   Code   RO          335    i._ZN4LoRa17stringConcatenateEPcS0_  lora.o
    0x00001a94   0x00000050   Code   RO          336    i._ZN4LoRa17stringConcatenateEPcS0_S0_  lora.o
    0x00001ae4   0x00000068   Code   RO          337    i._ZN4LoRa17stringConcatenateEPcS0_S0_S0_  lora.o
    0x00001b4c   0x00000064   Code   RO          340    i._ZN4LoRa18uartLoraInitializeEv  lora.o
    0x00001bb0   0x0000003c   Code   RO          344    i._ZN4LoRa3mac2txEPcS1_S1_  lora.o
    0x00001bec   0x00000030   Code   RO          345    i._ZN4LoRa3mac3getEPc  lora.o
    0x00001c1c   0x00000038   Code   RO          348    i._ZN4LoRa3mac3setEPcS1_  lora.o
    0x00001c54   0x0000003c   Code   RO          349    i._ZN4LoRa3mac3setEPcS1_S1_  lora.o
    0x00001c90   0x00000034   Code   RO          352    i._ZN4LoRa3mac4joinEPc  lora.o
    0x00001cc4   0x00000028   Code   RO          353    i._ZN4LoRa3mac4saveEv  lora.o
    0x00001cec   0x00000028   Code   RO          362    i._ZN4LoRa3sys5resetEv  lora.o
    0x00001d14   0x00000046   Code   RO         2837    i._init_box         RTX_CM3.lib(rt_membox.o)
    0x00001d5a   0x0000000e   Code   RO         2997    i._is_digit         c_w.l(__printf_wp.o)
    0x00001d68   0x00000020   Code   RO          835    i._mutex_acquire    rtx_conf_cm.o
    0x00001d88   0x0000001c   Code   RO          837    i._mutex_release    rtx_conf_cm.o
    0x00001da4   0x0000006c   Code   RO          937    i.auxClkGet         em_cmu.o
    0x00001e10   0x00000044   Code   RO          938    i.dbgClkGet         em_cmu.o
    0x00001e54   0x00000030   Code   RO         2890    i.dbg_init          RTX_CM3.lib(hal_cm.o)
    0x00001e84   0x00000020   Code   RO         2891    i.dbg_task_notify   RTX_CM3.lib(hal_cm.o)
    0x00001ea4   0x00000010   Code   RO         2892    i.dbg_task_switch   RTX_CM3.lib(hal_cm.o)
    0x00001eb4   0x00000090   Code   RO          939    i.flashWaitStateControl  em_cmu.o
    0x00001f44   0x0000000e   Code   RO          940    i.flashWaitStateMax  em_cmu.o
    0x00001f52   0x0000002a   Code   RO         1746    i.isrMessageGet     RTX_CM3.lib(rt_cmsis.o)
    0x00001f7c   0x0000002c   Code   RO         1747    i.isrMessagePut     RTX_CM3.lib(rt_cmsis.o)
    0x00001fa8   0x00000056   Code   RO         2692    i.isr_mbx_receive   RTX_CM3.lib(rt_mailbox.o)
    0x00001ffe   0x0000000e   Code   RO         2693    i.isr_mbx_send      RTX_CM3.lib(rt_mailbox.o)
    0x0000200c   0x000000dc   Code   RO          941    i.lfClkGet          em_cmu.o
    0x000020e8   0x000000bc   Code   RO           12    i.main              main.o
    0x000021a4   0x0000005c   Code   RO          942    i.maxFreqHfle       em_cmu.o
    0x00002200   0x00000018   Code   RO         1750    i.osDelay           RTX_CM3.lib(rt_cmsis.o)
    0x00002218   0x00000024   Code   RO         1751    i.osKernelInitialize  RTX_CM3.lib(rt_cmsis.o)
    0x0000223c   0x0000006c   Code   RO         1753    i.osKernelStart     RTX_CM3.lib(rt_cmsis.o)
    0x000022a8   0x00000018   Code   RO         1762    i.osMessageGet      RTX_CM3.lib(rt_cmsis.o)
    0x000022c0   0x0000002c   Code   RO         1779    i.osThreadCreate    RTX_CM3.lib(rt_cmsis.o)
    0x000022ec   0x00000018   Code   RO         1780    i.osThreadExit      RTX_CM3.lib(rt_cmsis.o)
    0x00002304   0x0000000c   Code   RO         1786    i.osTimerCall       RTX_CM3.lib(rt_cmsis.o)
    0x00002310   0x0000002c   Code   RO         1791    i.osTimerThread     RTX_CM3.lib(rt_cmsis.o)
    0x0000233c   0x00000022   Code   RO          838    i.os_error          rtx_conf_cm.o
    0x0000235e   0x00000004   Code   RO          839    i.os_idle_demon     rtx_conf_cm.o
    0x00002362   0x00000002   PAD
    0x00002364   0x00000028   Code   RO         2484    i.os_tick_init      RTX_CM3.lib(rt_system.o)
    0x0000238c   0x00000002   Code   RO         2485    i.os_tick_irqack    RTX_CM3.lib(rt_system.o)
    0x0000238e   0x0000001a   Code   RO         2838    i.rt_alloc_box      RTX_CM3.lib(rt_membox.o)
    0x000023a8   0x0000003e   Code   RO         2866    i.rt_alloc_mem      RTX_CM3.lib(rt_memory.o)
    0x000023e6   0x00000002   PAD
    0x000023e8   0x00000038   Code   RO         2365    i.rt_block          RTX_CM3.lib(rt_task.o)
    0x00002420   0x00000048   Code   RO         2815    i.rt_chk_robin      RTX_CM3.lib(rt_robin.o)
    0x00002468   0x00000070   Code   RO         2616    i.rt_dec_dly        RTX_CM3.lib(rt_list.o)
    0x000024d8   0x00000044   Code   RO         2366    i.rt_dispatch       RTX_CM3.lib(rt_task.o)
    0x0000251c   0x00000006   Code   RO         2782    i.rt_dly_wait       RTX_CM3.lib(rt_time.o)
    0x00002522   0x00000002   PAD
    0x00002524   0x00000050   Code   RO         2577    i.rt_evt_psh        RTX_CM3.lib(rt_event.o)
    0x00002574   0x0000002c   Code   RO         2839    i.rt_free_box       RTX_CM3.lib(rt_membox.o)
    0x000025a0   0x00000028   Code   RO         2867    i.rt_free_mem       RTX_CM3.lib(rt_memory.o)
    0x000025c8   0x00000028   Code   RO         2617    i.rt_get_first      RTX_CM3.lib(rt_list.o)
    0x000025f0   0x00000008   Code   RO         1796    i.rt_id2obj         RTX_CM3.lib(rt_cmsis.o)
    0x000025f8   0x00000048   Code   RO         2367    i.rt_init_context   RTX_CM3.lib(rt_task.o)
    0x00002640   0x0000001a   Code   RO         2868    i.rt_init_mem       RTX_CM3.lib(rt_memory.o)
    0x0000265a   0x00000002   PAD
    0x0000265c   0x00000018   Code   RO         2816    i.rt_init_robin     RTX_CM3.lib(rt_robin.o)
    0x00002674   0x00000080   Code   RO         2893    i.rt_init_stack     RTX_CM3.lib(hal_cm.o)
    0x000026f4   0x00000008   Code   RO         2694    i.rt_mbx_check      RTX_CM3.lib(rt_mailbox.o)
    0x000026fc   0x0000001a   Code   RO         2695    i.rt_mbx_init       RTX_CM3.lib(rt_mailbox.o)
    0x00002716   0x00000002   PAD
    0x00002718   0x000000f0   Code   RO         2696    i.rt_mbx_psh        RTX_CM3.lib(rt_mailbox.o)
    0x00002808   0x000000b4   Code   RO         2698    i.rt_mbx_wait       RTX_CM3.lib(rt_mailbox.o)
    0x000028bc   0x00000044   Code   RO         1797    i.rt_ms2tick        RTX_CM3.lib(rt_cmsis.o)
    0x00002900   0x000000d8   Code   RO         2451    i.rt_mut_release    RTX_CM3.lib(rt_mutex.o)
    0x000029d8   0x00000078   Code   RO         2452    i.rt_mut_wait       RTX_CM3.lib(rt_mutex.o)
    0x00002a50   0x0000007c   Code   RO         2488    i.rt_pop_req        RTX_CM3.lib(rt_system.o)
    0x00002acc   0x00000020   Code   RO         2489    i.rt_psh_req        RTX_CM3.lib(rt_system.o)
    0x00002aec   0x0000005c   Code   RO         2619    i.rt_psq_enq        RTX_CM3.lib(rt_list.o)
    0x00002b48   0x00000048   Code   RO         2620    i.rt_put_dly        RTX_CM3.lib(rt_list.o)
    0x00002b90   0x00000036   Code   RO         2621    i.rt_put_prio       RTX_CM3.lib(rt_list.o)
    0x00002bc6   0x00000002   PAD
    0x00002bc8   0x00000014   Code   RO         2622    i.rt_put_rdy_first  RTX_CM3.lib(rt_list.o)
    0x00002bdc   0x00000034   Code   RO         2623    i.rt_resort_prio    RTX_CM3.lib(rt_list.o)
    0x00002c10   0x00000006   Code   RO         2894    i.rt_ret_val        RTX_CM3.lib(hal_cm.o)
    0x00002c16   0x00000008   Code   RO         2895    i.rt_ret_val2       RTX_CM3.lib(hal_cm.o)
    0x00002c1e   0x00000028   Code   RO         2624    i.rt_rmv_dly        RTX_CM3.lib(rt_list.o)
    0x00002c46   0x00000002   PAD
    0x00002c48   0x00000030   Code   RO         2625    i.rt_rmv_list       RTX_CM3.lib(rt_list.o)
    0x00002c78   0x00000034   Code   RO         2743    i.rt_sem_psh        RTX_CM3.lib(rt_semaphore.o)
    0x00002cac   0x00000024   Code   RO         2491    i.rt_stk_check      RTX_CM3.lib(rt_system.o)
    0x00002cd0   0x00000028   Code   RO         2368    i.rt_switch_req     RTX_CM3.lib(rt_task.o)
    0x00002cf8   0x000000cc   Code   RO         2369    i.rt_sys_init       RTX_CM3.lib(rt_task.o)
    0x00002dc4   0x00000078   Code   RO         2370    i.rt_sys_start      RTX_CM3.lib(rt_task.o)
    0x00002e3c   0x00000040   Code   RO         2493    i.rt_systick        RTX_CM3.lib(rt_system.o)
    0x00002e7c   0x00000012   Code   RO         1798    i.rt_tid2ptcb       RTX_CM3.lib(rt_cmsis.o)
    0x00002e8e   0x00000002   PAD
    0x00002e90   0x00000034   Code   RO         1799    i.rt_timer_insert   RTX_CM3.lib(rt_cmsis.o)
    0x00002ec4   0x00000088   Code   RO         2371    i.rt_tsk_create     RTX_CM3.lib(rt_task.o)
    0x00002f4c   0x0000017c   Code   RO         2372    i.rt_tsk_delete     RTX_CM3.lib(rt_task.o)
    0x000030c8   0x0000007c   Code   RO         2374    i.rt_tsk_prio       RTX_CM3.lib(rt_task.o)
    0x00003144   0x00000010   Code   RO         2375    i.rt_tsk_self       RTX_CM3.lib(rt_task.o)
    0x00003154   0x00000012   Code   RO         1801    i.svcDelay          RTX_CM3.lib(rt_cmsis.o)
    0x00003166   0x00000002   PAD
    0x00003168   0x00000070   Code   RO         1802    i.svcKernelInitialize  RTX_CM3.lib(rt_cmsis.o)
    0x000031d8   0x00000048   Code   RO         1804    i.svcKernelStart    RTX_CM3.lib(rt_cmsis.o)
    0x00003220   0x00000024   Code   RO         1807    i.svcMessageCreate  RTX_CM3.lib(rt_cmsis.o)
    0x00003244   0x0000003a   Code   RO         1808    i.svcMessageGet     RTX_CM3.lib(rt_cmsis.o)
    0x0000327e   0x00000002   PAD
    0x00003280   0x0000006c   Code   RO         1822    i.svcThreadCreate   RTX_CM3.lib(rt_cmsis.o)
    0x000032ec   0x0000001c   Code   RO         1823    i.svcThreadGetId    RTX_CM3.lib(rt_cmsis.o)
    0x00003308   0x00000038   Code   RO         1826    i.svcThreadTerminate  RTX_CM3.lib(rt_cmsis.o)
    0x00003340   0x00000018   Code   RO         1828    i.svcTimerCall      RTX_CM3.lib(rt_cmsis.o)
    0x00003358   0x00000020   Code   RO          943    i.syncReg           em_cmu.o
    0x00003378   0x0000005c   Code   RO         1837    i.sysTimerTick      RTX_CM3.lib(rt_cmsis.o)
    0x000033d4   0x00000040   Code   RO          944    i.usbCClkGet        em_cmu.o
    0x00003414   0x00000062   Code   RO         3023    x$fpl$d2f           fz_ws.l(d2f.o)
    0x00003476   0x00000002   PAD
    0x00003478   0x000002b0   Code   RO         3026    x$fpl$ddiv          fz_ws.l(ddiv.o)
    0x00003728   0x00000154   Code   RO         3029    x$fpl$dmul          fz_ws.l(dmul.o)
    0x0000387c   0x0000009c   Code   RO         3063    x$fpl$dnaninf       fz_ws.l(dnaninf.o)
    0x00003918   0x0000000c   Code   RO         3065    x$fpl$dretinf       fz_ws.l(dretinf.o)
    0x00003924   0x00000056   Code   RO         3031    x$fpl$f2d           fz_ws.l(f2d.o)
    0x0000397a   0x00000002   PAD
    0x0000397c   0x00000184   Code   RO         3034    x$fpl$fdiv          fz_ws.l(fdiv.o)
    0x00003b00   0x0000003e   Code   RO         3037    x$fpl$ffixu         fz_ws.l(ffixu.o)
    0x00003b3e   0x00000002   PAD
    0x00003b40   0x00000026   Code   RO         3041    x$fpl$ffltu         fz_ws.l(fflt_clz.o)
    0x00003b66   0x0000008c   Code   RO         3067    x$fpl$fnaninf       fz_ws.l(fnaninf.o)
    0x00003bf2   0x0000000a   Code   RO         3069    x$fpl$fretinf       fz_ws.l(fretinf.o)
    0x00003bfc   0x00000000   Code   RO         3071    x$fpl$usenofp       fz_ws.l(usenofp.o)
    0x00003bfc   0x00000048   Data   RO           23    .constdata          main.o
    0x00003c44   0x00000018   Data   RO          409    .constdata          lora.o
    0x00003c5c   0x00000018   Data   RO          743    .constdata          lis3dsh.o
    0x00003c74   0x00000068   Data   RO          841    .constdata          rtx_conf_cm.o
    0x00003cdc   0x00000028   Data   RO         2970    .constdata          c_w.l(_printf_hex_int.o)
    0x00003d04   0x00000011   Data   RO         3000    .constdata          c_w.l(__printf_flags_wp.o)
    0x00003d15   0x00000003   PAD
    0x00003d18   0x00000020   Data   RO         3224    Region$$Table       anon$$obj.o


    Execution Region RW_IRAM1 (Base: 0x20000000, Size: 0x00002300, Max: 0x00020000, ABSOLUTE)

    Base Addr    Size         Type   Attr      Idx    E Section Name        Object

    0x20000000   0x0000000e   Data   RW           24    .data               main.o
    0x2000000e   0x00000002   PAD
    0x20000010   0x00000004   Data   RW          410    .data               lora.o
    0x20000014   0x00000004   Data   RW          744    .data               lis3dsh.o
    0x20000018   0x00000004   Data   RW          805    .data               rn2483.o
    0x2000001c   0x00000014   Data   RW          842    .data               rtx_conf_cm.o
    0x20000030   0x00000004   Data   RW         1306    .data               em_emu.o
    0x20000034   0x0000000c   Data   RW         1672    .data               system_efm32gg.o
    0x20000040   0x00000008   Data   RW         1840    .data               RTX_CM3.lib(rt_cmsis.o)
    0x20000048   0x00000008   Data   RW         2377    .data               RTX_CM3.lib(rt_task.o)
    0x20000050   0x00000008   Data   RW         2496    .data               RTX_CM3.lib(rt_system.o)
    0x20000058   0x00000004   Data   RW         2786    .data               RTX_CM3.lib(rt_time.o)
    0x2000005c   0x00000008   Data   RW         2817    .data               RTX_CM3.lib(rt_robin.o)
    0x20000064   0x00000001   Data   RW         2896    .data               RTX_CM3.lib(hal_cm.o)
    0x20000065   0x00000003   PAD
    0x20000068   0x00000030   Zero   RW           22    .bss                main.o
    0x20000098   0x00000140   Zero   RW          408    .bss                lora.o
    0x200001d8   0x00001060   Zero   RW          840    .bss                rtx_conf_cm.o
    0x20001238   0x00000034   Zero   RW         2376    .bss                RTX_CM3.lib(rt_task.o)
    0x2000126c   0x00000030   Zero   RW         2626    .bss                RTX_CM3.lib(rt_list.o)
    0x2000129c   0x00000060   Zero   RW         2954    .bss                c_w.l(libspace.o)
    0x200012fc   0x00000004   PAD
    0x20001300   0x00000c00   Zero   RW         1653    HEAP                startup_efm32gg.o
    0x20001f00   0x00000400   Zero   RW         1652    STACK               startup_efm32gg.o


==============================================================================

Image component sizes


      Code (inc. data)   RO Data    RW Data    ZI Data      Debug   Object Name

      2716        242          0          0          0      65100   em_cmu.o
        20         10          0          4          0        638   em_emu.o
       206         12          0          0          0       6394   em_gpio.o
       492         32          0          0          0      11147   em_usart.o
       438         26         24          4          0       2966   lis3dsh.o
       732        146         24          4        320      63056   lora.o
       836        174         72         14         48     106005   main.o
       620        320          0          4          0       1415   rn2483.o
       126         26        104         20       4192      13451   rtx_conf_cm.o
        64         26        220          0       4096        836   startup_efm32gg.o
       298         72          0         12          0       4806   system_efm32gg.o

    ----------------------------------------------------------------------
      6554       1086        476         64       8656     275814   Object Totals
         0          0         32          0          0          0   (incl. Generated)
         6          0          0          2          0          0   (incl. Padding)

    ----------------------------------------------------------------------

      Code (inc. data)   RO Data    RW Data    ZI Data      Debug   Library Member Name

       238         24          0          1          0       3312   hal_cm.o
       304         36          0          0          0        768   hal_cm3.o
      1152        144          0          8          0      32862   rt_cmsis.o
        80          4          0          0          0        661   rt_event.o
       530         34          0          0         48       8253   rt_list.o
       554         10          0          0          0       3949   rt_mailbox.o
       140          0          0          0          0       1925   rt_membox.o
       128          0          0          0          0       2307   rt_memory.o
       336         14          0          0          0       1643   rt_mutex.o
        96         22          0          8          0       1158   rt_robin.o
        52          4          0          0          0        573   rt_semaphore.o
       298         52          0          8          0       6223   rt_system.o
      1216        174          0          8         52       9649   rt_task.o
         6          0          0          4          0        652   rt_time.o
         4          4          0          0          0        208   svc_table.o
         8          0          0          0          0         68   __main.o
       312          4         17          0          0         92   __printf_flags_wp.o
        14          0          0          0          0         68   __printf_wp.o
         0          0          0          0          0          0   __rtentry.o
        20          0          0          0          0          0   __rtentry2.o
         6          0          0          0          0          0   __rtentry4.o
        52          8          0          0          0          0   __scatter.o
        26          0          0          0          0          0   __scatter_copy.o
        28          0          0          0          0          0   __scatter_zi.o
        48          6          0          0          0         96   _printf_char_common.o
        88          4         40          0          0         88   _printf_hex_int.o
       178          0          0          0          0         88   _printf_intcommon.o
        78          0          0          0          0        108   _printf_pad.o
         0          0          0          0          0          0   _printf_percent.o
         4          0          0          0          0          0   _printf_percent_end.o
         6          0          0          0          0          0   _printf_x.o
        10          0          0          0          0         68   _sputc.o
        18          0          0          0          0         80   exit.o
         6          0          0          0          0        152   heapauxi.o
         0          0          0          0          0          0   indicate_semi.o
         2          0          0          0          0          0   libinit.o
         2          0          0          0          0          0   libinit2.o
         2          0          0          0          0          0   libshutdown.o
         2          0          0          0          0          0   libshutdown2.o
         8          4          0          0         96         68   libspace.o
        40          6          0          0          0         84   noretval__2sprintf.o
        68          0          0          0          0         68   rt_memclr.o
        78          0          0          0          0         80   rt_memclr_w.o
       100          0          0          0          0         80   rt_memcpy_w.o
         2          0          0          0          0          0   rtexit.o
        10          0          0          0          0          0   rtexit2.o
        24          0          0          0          0         68   strcat.o
        72          0          0          0          0         80   strcpy.o
        12          4          0          0          0         68   sys_exit.o
        74          0          0          0          0         80   sys_stackheap_outer.o
         2          0          0          0          0         68   use_no_semi.o
        98          4          0          0          0         92   d2f.o
       688        140          0          0          0        208   ddiv.o
       340         12          0          0          0        104   dmul.o
       156          4          0          0          0         92   dnaninf.o
        12          0          0          0          0         68   dretinf.o
        86          4          0          0          0         84   f2d.o
       388         76          0          0          0         96   fdiv.o
        62          4          0          0          0         84   ffixu.o
        38          0          0          0          0         68   fflt_clz.o
       140          4          0          0          0         84   fnaninf.o
        10          0          0          0          0         68   fretinf.o
         0          0          0          0          0          0   usenofp.o

    ----------------------------------------------------------------------
      8582        806         60         40        200      76843   Library Totals
        30          0          3          3          4          0   (incl. Padding)

    ----------------------------------------------------------------------

      Code (inc. data)   RO Data    RW Data    ZI Data      Debug   Library Name

      5134        522          0         37        100      74143   RTX_CM3.lib
      1400         36         57          0         96       1652   c_w.l
      2018        248          0          0          0       1048   fz_ws.l

    ----------------------------------------------------------------------
      8582        806         60         40        200      76843   Library Totals

    ----------------------------------------------------------------------

==============================================================================


      Code (inc. data)   RO Data    RW Data    ZI Data      Debug   

     15136       1892        536        104       8856     344125   Grand Totals
     15136       1892        536        104       8856     344125   ELF Image Totals
     15136       1892        536        104          0          0   ROM Totals

==============================================================================

    Total RO  Size (Code + RO Data)                15672 (  15.30kB)
    Total RW  Size (RW Data + ZI Data)              8960 (   8.75kB)
    Total ROM Size (Code + RO Data + RW Data)      15776 (  15.41kB)

==============================================================================

