Component: ARM Compiler 6.10.1 Tool: armlink [5d142800]

==============================================================================

Section Cross References

    main.o(.text) refers (Special) to _printf_hex_int.o(.text) for _printf_longlong_hex
    main.o(.text) refers (Special) to _printf_percent.o(.ARM.Collect$$_printf_percent$$00000000) for _printf_percent
    main.o(.text) refers (Special) to _printf_pad.o(.text) for _printf_pre_padding
    main.o(.text) refers (Special) to _printf_x.o(.ARM.Collect$$_printf_percent$$0000000C) for _printf_x
    main.o(.text._Z10Initializev) refers (Special) to _printf_hex_int.o(.text) for _printf_longlong_hex
    main.o(.text._Z10Initializev) refers (Special) to _printf_percent.o(.ARM.Collect$$_printf_percent$$00000000) for _printf_percent
    main.o(.text._Z10Initializev) refers (Special) to _printf_pad.o(.text) for _printf_pre_padding
    main.o(.text._Z10Initializev) refers (Special) to _printf_x.o(.ARM.Collect$$_printf_percent$$0000000C) for _printf_x
    main.o(.text._Z10Initializev) refers to em_cmu.o(.text.CMU_OscillatorEnable) for CMU_OscillatorEnable
    main.o(.text._Z10Initializev) refers to em_cmu.o(.text.CMU_ClockSelectSet) for CMU_ClockSelectSet
    main.o(.text._Z10Initializev) refers to em_cmu.o(.text.CMU_ClockDivSet) for CMU_ClockDivSet
    main.o(.text._Z10Initializev) refers to em_cmu.o(.text.CMU_ClockEnable) for CMU_ClockEnable
    main.o(.ARM.exidx.text._Z10Initializev) refers (Special) to _printf_hex_int.o(.text) for _printf_longlong_hex
    main.o(.ARM.exidx.text._Z10Initializev) refers (Special) to _printf_percent.o(.ARM.Collect$$_printf_percent$$00000000) for _printf_percent
    main.o(.ARM.exidx.text._Z10Initializev) refers (Special) to _printf_pad.o(.text) for _printf_pre_padding
    main.o(.ARM.exidx.text._Z10Initializev) refers (Special) to _printf_x.o(.ARM.Collect$$_printf_percent$$0000000C) for _printf_x
    main.o(.ARM.exidx.text._Z10Initializev) refers to Unwind-EHABI.cpp.o(.text.__aeabi_unwind_cpp_pr0) for __aeabi_unwind_cpp_pr0
    main.o(.ARM.exidx.text._Z10Initializev) refers to main.o(.text._Z10Initializev) for [Anonymous Symbol]
    main.o(.text._Z7adcFuncv) refers (Special) to _printf_hex_int.o(.text) for _printf_longlong_hex
    main.o(.text._Z7adcFuncv) refers (Special) to _printf_percent.o(.ARM.Collect$$_printf_percent$$00000000) for _printf_percent
    main.o(.text._Z7adcFuncv) refers (Special) to _printf_pad.o(.text) for _printf_pre_padding
    main.o(.text._Z7adcFuncv) refers (Special) to _printf_x.o(.ARM.Collect$$_printf_percent$$0000000C) for _printf_x
    main.o(.text._Z7adcFuncv) refers to em_gpio.o(.text.GPIO_PinModeSet) for GPIO_PinModeSet
    main.o(.text._Z7adcFuncv) refers to fflt_clz.o(x$fpl$ffltu) for __aeabi_ui2f
    main.o(.text._Z7adcFuncv) refers to fdiv.o(x$fpl$fdiv) for __aeabi_fdiv
    main.o(.text._Z7adcFuncv) refers to f2d.o(x$fpl$f2d) for __aeabi_f2d
    main.o(.text._Z7adcFuncv) refers to dmul.o(x$fpl$dmul) for __aeabi_dmul
    main.o(.text._Z7adcFuncv) refers to ddiv.o(x$fpl$ddiv) for __aeabi_ddiv
    main.o(.text._Z7adcFuncv) refers to d2f.o(x$fpl$d2f) for __aeabi_d2f
    main.o(.text._Z7adcFuncv) refers to ffixu.o(x$fpl$ffixu) for __aeabi_f2uiz
    main.o(.text._Z7adcFuncv) refers to main.o(.data..L_MergedGlobals) for [Anonymous Symbol]
    main.o(.ARM.exidx.text._Z7adcFuncv) refers (Special) to _printf_hex_int.o(.text) for _printf_longlong_hex
    main.o(.ARM.exidx.text._Z7adcFuncv) refers (Special) to _printf_percent.o(.ARM.Collect$$_printf_percent$$00000000) for _printf_percent
    main.o(.ARM.exidx.text._Z7adcFuncv) refers (Special) to _printf_pad.o(.text) for _printf_pre_padding
    main.o(.ARM.exidx.text._Z7adcFuncv) refers (Special) to _printf_x.o(.ARM.Collect$$_printf_percent$$0000000C) for _printf_x
    main.o(.ARM.exidx.text._Z7adcFuncv) refers to Unwind-EHABI.cpp.o(.text.__aeabi_unwind_cpp_pr0) for __aeabi_unwind_cpp_pr0
    main.o(.ARM.exidx.text._Z7adcFuncv) refers to main.o(.text._Z7adcFuncv) for [Anonymous Symbol]
    main.o(.text._Z6blinkyPKv) refers (Special) to _printf_hex_int.o(.text) for _printf_longlong_hex
    main.o(.text._Z6blinkyPKv) refers (Special) to _printf_percent.o(.ARM.Collect$$_printf_percent$$00000000) for _printf_percent
    main.o(.text._Z6blinkyPKv) refers (Special) to _printf_pad.o(.text) for _printf_pre_padding
    main.o(.text._Z6blinkyPKv) refers (Special) to _printf_x.o(.ARM.Collect$$_printf_percent$$0000000C) for _printf_x
    main.o(.text._Z6blinkyPKv) refers to em_gpio.o(.text.GPIO_PinModeSet) for GPIO_PinModeSet
    main.o(.text._Z6blinkyPKv) refers to rt_cmsis.o(i.osDelay) for osDelay
    main.o(.ARM.exidx.text._Z6blinkyPKv) refers (Special) to _printf_hex_int.o(.text) for _printf_longlong_hex
    main.o(.ARM.exidx.text._Z6blinkyPKv) refers (Special) to _printf_percent.o(.ARM.Collect$$_printf_percent$$00000000) for _printf_percent
    main.o(.ARM.exidx.text._Z6blinkyPKv) refers (Special) to _printf_pad.o(.text) for _printf_pre_padding
[...]
    __arm_cp.7_5                             0x000017b4   Number         4  main.o(.text.main)
    __arm_cp.7_6                             0x000017b8   Number         4  main.o(.text.main)
    __arm_cp.7_7                             0x000017bc   Number         4  main.o(.text.main)
    __arm_cp.7_8                             0x000017c0   Number         4  main.o(.text.main)
    [Anonymous Symbol]                       0x000017c4   Section        0  em_cmu.o(.text.maxFreqHfle)
    maxFreqHfle                              0x000017c5   Thumb Code    84  em_cmu.o(.text.maxFreqHfle)
    __arm_cp.18_0                            0x0000180c   Number         4  em_cmu.o(.text.maxFreqHfle)
    __arm_cp.18_1                            0x00001810   Number         4  em_cmu.o(.text.maxFreqHfle)
    __arm_cp.18_2                            0x00001814   Number         4  em_cmu.o(.text.maxFreqHfle)
    [Anonymous Symbol]                       0x00001818   Section        0  rtx_conf_cm.o(.text.os_error)
    [Anonymous Symbol]                       0x0000181a   Section        0  rtx_conf_cm.o(.text.os_idle_demon)
    [Anonymous Symbol]                       0x0000181c   Section        0  em_cmu.o(.text.setHfLeConfig)
    setHfLeConfig                            0x0000181d   Thumb Code    68  em_cmu.o(.text.setHfLeConfig)
    __arm_cp.10_0                            0x00001858   Number         4  em_cmu.o(.text.setHfLeConfig)
    __arm_cp.10_1                            0x0000185c   Number         4  em_cmu.o(.text.setHfLeConfig)
    [Anonymous Symbol]                       0x00001860   Section        0  em_cmu.o(.text.syncReg)
    syncReg                                  0x00001861   Thumb Code    24  em_cmu.o(.text.syncReg)
    __arm_cp.11_0                            0x00001874   Number         4  em_cmu.o(.text.syncReg)
    SVC_TABLE                                0x00001878   Section        4  svc_table.o(SVC_TABLE)
    i._init_box                              0x0000187c   Section        0  rt_membox.o(i._init_box)
    i._is_digit                              0x000018c2   Section        0  __printf_wp.o(i._is_digit)
    i.dbg_init                               0x000018d0   Section        0  hal_cm.o(i.dbg_init)
    i.dbg_task_notify                        0x00001900   Section        0  hal_cm.o(i.dbg_task_notify)
    i.dbg_task_switch                        0x00001920   Section        0  hal_cm.o(i.dbg_task_switch)
    i.isrMessageGet                          0x00001930   Section        0  rt_cmsis.o(i.isrMessageGet)
    i.isrMessagePut                          0x0000195a   Section        0  rt_cmsis.o(i.isrMessagePut)
    i.isr_mbx_receive                        0x00001988   Section        0  rt_mailbox.o(i.isr_mbx_receive)
    i.isr_mbx_send                           0x000019de   Section        0  rt_mailbox.o(i.isr_mbx_send)
    i.osDelay                                0x000019ec   Section        0  rt_cmsis.o(i.osDelay)
    i.osKernelInitialize                     0x00001a04   Section        0  rt_cmsis.o(i.osKernelInitialize)
    i.osKernelStart                          0x00001a28   Section        0  rt_cmsis.o(i.osKernelStart)
    i.osMessageGet                           0x00001a94   Section        0  rt_cmsis.o(i.osMessageGet)
    i.osThreadCreate                         0x00001aac   Section        0  rt_cmsis.o(i.osThreadCreate)
    i.osThreadExit                           0x00001ad8   Section        0  rt_cmsis.o(i.osThreadExit)
    i.osTimerCall                            0x00001af0   Section        0  rt_cmsis.o(i.osTimerCall)
    i.osTimerThread                          0x00001afc   Section        0  rt_cmsis.o(i.osTimerThread)
    i.os_tick_init                           0x00001b28   Section        0  rt_system.o(i.os_tick_init)
    i.os_tick_irqack                         0x00001b50   Section        0  rt_system.o(i.os_tick_irqack)
    i.rt_alloc_box                           0x00001b52   Section        0  rt_membox.o(i.rt_alloc_box)
    i.rt_alloc_mem                           0x00001b6c   Section        0  rt_memory.o(i.rt_alloc_mem)
    i.rt_block                               0x00001bac   Section        0  rt_task.o(i.rt_block)
    i.rt_chk_robin                           0x00001be4   Section        0  rt_robin.o(i.rt_chk_robin)
    i.rt_dec_dly                             0x00001c2c   Section        0  rt_list.o(i.rt_dec_dly)
    i.rt_dispatch                            0x00001c9c   Section        0  rt_task.o(i.rt_dispatch)
    i.rt_dly_wait                            0x00001ce0   Section        0  rt_time.o(i.rt_dly_wait)
    i.rt_evt_psh                             0x00001ce8   Section        0  rt_event.o(i.rt_evt_psh)
    i.rt_free_box                            0x00001d38   Section        0  rt_membox.o(i.rt_free_box)
    i.rt_free_mem                            0x00001d64   Section        0  rt_memory.o(i.rt_free_mem)
    i.rt_get_first                           0x00001d8c   Section        0  rt_list.o(i.rt_get_first)
    i.rt_id2obj                              0x00001db4   Section        0  rt_cmsis.o(i.rt_id2obj)
    rt_id2obj                                0x00001db5   Thumb Code     8  rt_cmsis.o(i.rt_id2obj)
    i.rt_init_context                        0x00001dbc   Section        0  rt_task.o(i.rt_init_context)
    rt_init_context                          0x00001dbd   Thumb Code    66  rt_task.o(i.rt_init_context)
    i.rt_init_mem                            0x00001e04   Section        0  rt_memory.o(i.rt_init_mem)
    i.rt_init_robin                          0x00001e20   Section        0  rt_robin.o(i.rt_init_robin)
    i.rt_init_stack                          0x00001e38   Section        0  hal_cm.o(i.rt_init_stack)
    i.rt_mbx_check                           0x00001eb8   Section        0  rt_mailbox.o(i.rt_mbx_check)
    i.rt_mbx_init                            0x00001ec0   Section        0  rt_mailbox.o(i.rt_mbx_init)
    i.rt_mbx_psh                             0x00001edc   Section        0  rt_mailbox.o(i.rt_mbx_psh)
    i.rt_mbx_wait                            0x00001fcc   Section        0  rt_mailbox.o(i.rt_mbx_wait)
    i.rt_ms2tick                             0x00002080   Section        0  rt_cmsis.o(i.rt_ms2tick)
    rt_ms2tick                               0x00002081   Thumb Code    58  rt_cmsis.o(i.rt_ms2tick)
    i.rt_mut_release                         0x000020c4   Section        0  rt_mutex.o(i.rt_mut_release)
    i.rt_mut_wait                            0x0000219c   Section        0  rt_mutex.o(i.rt_mut_wait)
    i.rt_pop_req                             0x00002214   Section        0  rt_system.o(i.rt_pop_req)
    i.rt_psh_req                             0x00002290   Section        0  rt_system.o(i.rt_psh_req)
    i.rt_psq_enq                             0x000022b0   Section        0  rt_list.o(i.rt_psq_enq)
    i.rt_put_dly                             0x0000230c   Section        0  rt_list.o(i.rt_put_dly)
    i.rt_put_prio                            0x00002354   Section        0  rt_list.o(i.rt_put_prio)
    i.rt_put_rdy_first                       0x0000238c   Section        0  rt_list.o(i.rt_put_rdy_first)
    i.rt_resort_prio                         0x000023a0   Section        0  rt_list.o(i.rt_resort_prio)
    i.rt_ret_val                             0x000023d4   Section        0  hal_cm.o(i.rt_ret_val)
    i.rt_ret_val2                            0x000023da   Section        0  hal_cm.o(i.rt_ret_val2)
    i.rt_rmv_dly                             0x000023e2   Section        0  rt_list.o(i.rt_rmv_dly)
    i.rt_rmv_list                            0x0000240c   Section        0  rt_list.o(i.rt_rmv_list)
    i.rt_sem_psh                             0x0000243c   Section        0  rt_semaphore.o(i.rt_sem_psh)
    i.rt_stk_check                           0x00002470   Section        0  rt_system.o(i.rt_stk_check)
    i.rt_switch_req                          0x00002494   Section        0  rt_task.o(i.rt_switch_req)
    i.rt_sys_init                            0x000024bc   Section        0  rt_task.o(i.rt_sys_init)
    i.rt_sys_start                           0x00002588   Section        0  rt_task.o(i.rt_sys_start)
    i.rt_systick                             0x00002600   Section        0  rt_system.o(i.rt_systick)
    i.rt_tid2ptcb                            0x00002640   Section        0  rt_cmsis.o(i.rt_tid2ptcb)
    rt_tid2ptcb                              0x00002641   Thumb Code    18  rt_cmsis.o(i.rt_tid2ptcb)
    i.rt_timer_insert                        0x00002654   Section        0  rt_cmsis.o(i.rt_timer_insert)
    rt_timer_insert                          0x00002655   Thumb Code    48  rt_cmsis.o(i.rt_timer_insert)
    i.rt_tsk_create                          0x00002688   Section        0  rt_task.o(i.rt_tsk_create)
    i.rt_tsk_delete                          0x00002710   Section        0  rt_task.o(i.rt_tsk_delete)
    i.rt_tsk_prio                            0x0000288c   Section        0  rt_task.o(i.rt_tsk_prio)
    i.rt_tsk_self                            0x00002908   Section        0  rt_task.o(i.rt_tsk_self)
    i.svcDelay                               0x00002918   Section        0  rt_cmsis.o(i.svcDelay)
    i.svcKernelInitialize                    0x0000292c   Section        0  rt_cmsis.o(i.svcKernelInitialize)
    i.svcKernelStart                         0x0000299c   Section        0  rt_cmsis.o(i.svcKernelStart)
    i.svcMessageCreate                       0x000029e4   Section        0  rt_cmsis.o(i.svcMessageCreate)
    i.svcMessageGet                          0x00002a08   Section        0  rt_cmsis.o(i.svcMessageGet)
    i.svcThreadCreate                        0x00002a44   Section        0  rt_cmsis.o(i.svcThreadCreate)
    i.svcThreadGetId                         0x00002ab0   Section        0  rt_cmsis.o(i.svcThreadGetId)
    i.svcThreadTerminate                     0x00002acc   Section        0  rt_cmsis.o(i.svcThreadTerminate)
    i.svcTimerCall                           0x00002b04   Section        0  rt_cmsis.o(i.svcTimerCall)
    i.sysTimerTick                           0x00002b1c   Section        0  rt_cmsis.o(i.sysTimerTick)
    x$fpl$d2f                                0x00002b78   Section       98  d2f.o(x$fpl$d2f)
    x$fpl$ddiv                               0x00002bdc   Section      688  ddiv.o(x$fpl$ddiv)
    ddiv_entry                               0x00002be3   Thumb Code     0  ddiv.o(x$fpl$ddiv)
    x$fpl$dmul                               0x00002e8c   Section      340  dmul.o(x$fpl$dmul)
    x$fpl$dnaninf                            0x00002fe0   Section      156  dnaninf.o(x$fpl$dnaninf)
    x$fpl$dretinf                            0x0000307c   Section       12  dretinf.o(x$fpl$dretinf)
    x$fpl$f2d                                0x00003088   Section       86  f2d.o(x$fpl$f2d)
    x$fpl$fdiv                               0x000030e0   Section      388  fdiv.o(x$fpl$fdiv)
    _fdiv1                                   0x000030e1   Thumb Code     0  fdiv.o(x$fpl$fdiv)
    x$fpl$ffixu                              0x00003264   Section       62  ffixu.o(x$fpl$ffixu)
    x$fpl$ffltu                              0x000032a4   Section       38  fflt_clz.o(x$fpl$ffltu)
    x$fpl$fnaninf                            0x000032ca   Section      140  fnaninf.o(x$fpl$fnaninf)
    x$fpl$fretinf                            0x00003356   Section       10  fretinf.o(x$fpl$fretinf)
    .constdata                               0x00003360   Section       40  _printf_hex_int.o(.constdata)
    x$fpl$usenofp                            0x00003360   Section        0  usenofp.o(x$fpl$usenofp)
    uc_hextab                                0x00003360   Data          20  _printf_hex_int.o(.constdata)
    lc_hextab                                0x00003374   Data          20  _printf_hex_int.o(.constdata)
    .constdata                               0x00003388   Section       17  __printf_flags_wp.o(.constdata)
    maptable                                 0x00003388   Data          17  __printf_flags_wp.o(.constdata)
    [Anonymous Symbol]                       0x0000339c   Section        0  lis3dsh.o(.rodata..L_ZZ13accInitializevE19usartInitTypeDefAcc)
    [Anonymous Symbol]                       0x000033b4   Section        0  main.o(.rodata..L_ZZ15uart0InitializevE18uartInitTypeDef232)
    [Anonymous Symbol]                       0x000033cc   Section        0  lora.o(.rodata..L_ZZN4LoRa18uartLoraInitializeEvE19uartInitTypeDefLora)
    __tagsym$$used.2                         0x000033e4   Number         0  rtx_conf_cm.o(.rodata.CMSIS_RTOS_API_Version)
    __tagsym$$used.3                         0x000033e8   Number         0  rtx_conf_cm.o(.rodata.CMSIS_RTOS_RTX_Version)
    [Anonymous Symbol]                       0x000033ec   Section        0  main.o(.rodata._ZL20os_thread_def_blinky)
    _ZL20os_thread_def_blinky                0x000033ec   Data          16  main.o(.rodata._ZL20os_thread_def_blinky)
    [Anonymous Symbol]                       0x000033fc   Section        0  main.o(.rodata._ZL26os_thread_def_LoraTransmit)
    _ZL26os_thread_def_LoraTransmit          0x000033fc   Data          16  main.o(.rodata._ZL26os_thread_def_LoraTransmit)
    [Anonymous Symbol]                       0x0000340c   Section        0  main.o(.rodata._ZL27os_thread_def_ReceiveThread)
    _ZL27os_thread_def_ReceiveThread         0x0000340c   Data          16  main.o(.rodata._ZL27os_thread_def_ReceiveThread)
    __tagsym$$used.4                         0x00003424   Number         0  rtx_conf_cm.o(.rodata.os_clockrate)
    __tagsym$$used.5                         0x00003460   Number         0  rtx_conf_cm.o(.rodata.os_timernum)
    [Anonymous Symbol]                       0x00003468   Section        0  lora.o(.rodata.str1.1)
    .L.str.9                                 0x00003468   Data           7  lora.o(.rodata.str1.1)
    .L.str.3                                 0x0000346b   Data           8  lora.o(.rodata.str1.1)
    .L.str.7                                 0x00003473   Data           8  lora.o(.rodata.str1.1)
    .L.str.15                                0x00003482   Data           8  lora.o(.rodata.str1.1)
    .L.str.16                                0x0000348a   Data           8  lora.o(.rodata.str1.1)
    .L.str.19                                0x00003492   Data          10  lora.o(.rodata.str1.1)
    .data                                    0x20000004   Section        8  rt_cmsis.o(.data)
    .data                                    0x2000000c   Section        8  rt_task.o(.data)
    .data                                    0x20000014   Section        8  rt_system.o(.data)
    os_lock                                  0x20000014   Data           1  rt_system.o(.data)
    os_psh_flag                              0x20000015   Data           1  rt_system.o(.data)
    pend_flags                               0x20000016   Data           1  rt_system.o(.data)
    .data                                    0x2000001c   Section        4  rt_time.o(.data)
    .data                                    0x20000020   Section        8  rt_robin.o(.data)
    .data                                    0x20000028   Section        1  hal_cm.o(.data)
    [Anonymous Symbol]                       0x20000030   Section        0  main.o(.data..L_MergedGlobals)
    [Anonymous Symbol]                       0x2000004c   Section        0  system_efm32gg.o(.data..L_MergedGlobals)
    SystemLFXOClock                          0x2000004c   Data           4  system_efm32gg.o(.data..L_MergedGlobals)
    SystemHFXOClock                          0x20000050   Data           4  system_efm32gg.o(.data..L_MergedGlobals)
    .bss                                     0x20000068   Section       52  rt_task.o(.bss)
    .bss                                     0x2000009c   Section       48  rt_list.o(.bss)
    .bss                                     0x200000cc   Section       96  libspace.o(.bss)
    [Anonymous Symbol]                       0x2000012c   Section        0  lora.o(.bss._ZZN4LoRa17stringConcatenateEPcS0_E4temp)
    LoRa::stringConcatenate(char*, char*)::temp 0x2000012c   Data          64  lora.o(.bss._ZZN4LoRa17stringConcatenateEPcS0_E4temp)
    [Anonymous Symbol]                       0x2000016c   Section        0  lora.o(.bss._ZZN4LoRa17stringConcatenateEPcS0_S0_S0_E4temp)
    LoRa::stringConcatenate(char*, char*, char*, char*)::temp 0x2000016c   Data          64  lora.o(.bss._ZZN4LoRa17stringConcatenateEPcS0_S0_S0_E4temp)
    HEAP                                     0x20000ef8   Section     3072  startup_efm32gg.o(HEAP)
    Heap_Mem                                 0x20000ef8   Data        3072  startup_efm32gg.o(HEAP)
    STACK                                    0x20001af8   Section     1024  startup_efm32gg.o(STACK)
    Stack_Mem                                0x20001af8   Data        1024  startup_efm32gg.o(STACK)
    __initial_sp                             0x20001ef8   Data           0  startup_efm32gg.o(STACK)

    Global Symbols

    Symbol Name                              Value     Ov Type        Size  Object(Section)

    BuildAttributes$$THM_ISAv4$P$D$K$B$S$PE$A:L22UL41UL21$X:L11$S22US41US21$IEEE1$IW$~IW$USESV6$~STKCKD$USESV7$~SHL$OSPACE$ROPI$EBA8$UX$STANDARDLIB$REQ8$EABIv2 0x00000000   Number         0  anon$$obj.o ABSOLUTE
    __Vectors                                0x00000000   Data           4  startup_efm32gg.o(RESET)
    _printf_flags                            0x00000000   Number         0  printf_stubs.o ABSOLUTE
    _printf_return_value                     0x00000000   Number         0  printf_stubs.o ABSOLUTE
    _printf_sizespec                         0x00000000   Number         0  printf_stubs.o ABSOLUTE
    _printf_widthprec                        0x00000000   Number         0  printf_stubs.o ABSOLUTE
    SHT$$ARM_EXIDX$$Base                      - Undefined Reference
    SHT$$ARM_EXIDX$$Limit                     - Undefined Reference
    __ARM_exceptions_init                     - Undefined Weak Reference
    __alloca_initialize                       - Undefined Weak Reference
    __arm_preinit_                            - Undefined Weak Reference
    __cpp_initialize__aeabi_                  - Undefined Weak Reference
    __cxa_finalize                            - Undefined Weak Reference
    __rt_locale                               - Undefined Weak Reference
    __sigvec_lookup                           - Undefined Weak Reference
    _atexit_init                              - Undefined Weak Reference
    _call_atexit_fns                          - Undefined Weak Reference
    _clock_init                               - Undefined Weak Reference
    _fp_trap_init                             - Undefined Weak Reference
    _fp_trap_shutdown                         - Undefined Weak Reference
    _get_lc_collate                           - Undefined Weak Reference
    _get_lc_ctype                             - Undefined Weak Reference
    _get_lc_monetary                          - Undefined Weak Reference
    _get_lc_numeric                           - Undefined Weak Reference
    _get_lc_time                              - Undefined Weak Reference
    _getenv_init                              - Undefined Weak Reference
    _handle_redirection                       - Undefined Weak Reference
    _init_alloc                               - Undefined Weak Reference
    _init_user_alloc                          - Undefined Weak Reference
    _initio                                   - Undefined Weak Reference
    _printf_truncate_unsigned                 - Undefined Weak Reference
    _rand_init                                - Undefined Weak Reference
    _signal_finish                            - Undefined Weak Reference
    _signal_init                              - Undefined Weak Reference
    _terminate_alloc                          - Undefined Weak Reference
    _terminate_user_alloc                     - Undefined Weak Reference
    _terminateio                              - Undefined Weak Reference
    __Vectors_End                            0x000000dc   Data           0  startup_efm32gg.o(RESET)
    __Vectors_Size                           0x000000dc   Number         0  startup_efm32gg.o ABSOLUTE
    __main                                   0x000000dd   Thumb Code     8  __main.o(!!!main)
    __scatterload                            0x000000e5   Thumb Code     0  __scatter.o(!!!scatter)
    __scatterload_rt2                        0x000000e5   Thumb Code    44  __scatter.o(!!!scatter)
    __scatterload_rt2_thumb_only             0x000000e5   Thumb Code     0  __scatter.o(!!!scatter)
    __scatterload_null                       0x000000f3   Thumb Code     0  __scatter.o(!!!scatter)
    __scatterload_copy                       0x00000119   Thumb Code    26  __scatter_copy.o(!!handler_copy)
    __scatterload_zeroinit                   0x00000135   Thumb Code    28  __scatter_zi.o(!!handler_zi)
    _printf_percent                          0x00000151   Thumb Code     0  _printf_percent.o(.ARM.Collect$$_printf_percent$$00000000)
    _printf_x                                0x00000151   Thumb Code     0  _printf_x.o(.ARM.Collect$$_printf_percent$$0000000C)
    _printf_percent_end                      0x00000157   Thumb Code     0  _printf_percent_end.o(.ARM.Collect$$_printf_percent$$00000017)
    __rt_lib_init                            0x0000015b   Thumb Code     0  libinit.o(.ARM.Collect$$libinit$$00000000)
    __rt_lib_init_alloca_1                   0x0000015d   Thumb Code     0  libinit2.o(.ARM.Collect$$libinit$$0000002E)
    __rt_lib_init_argv_1                     0x0000015d   Thumb Code     0  libinit2.o(.ARM.Collect$$libinit$$0000002C)
    __rt_lib_init_atexit_1                   0x0000015d   Thumb Code     0  libinit2.o(.ARM.Collect$$libinit$$0000001B)
    __rt_lib_init_clock_1                    0x0000015d   Thumb Code     0  libinit2.o(.ARM.Collect$$libinit$$00000021)
    __rt_lib_init_cpp_1                      0x0000015d   Thumb Code     0  libinit2.o(.ARM.Collect$$libinit$$00000032)
    __rt_lib_init_exceptions_1               0x0000015d   Thumb Code     0  libinit2.o(.ARM.Collect$$libinit$$00000030)
    __rt_lib_init_fp_1                       0x0000015d   Thumb Code     0  libinit2.o(.ARM.Collect$$libinit$$00000002)
    __rt_lib_init_fp_trap_1                  0x0000015d   Thumb Code     0  libinit2.o(.ARM.Collect$$libinit$$0000001F)
    __rt_lib_init_getenv_1                   0x0000015d   Thumb Code     0  libinit2.o(.ARM.Collect$$libinit$$00000023)
    __rt_lib_init_heap_1                     0x0000015d   Thumb Code     0  libinit2.o(.ARM.Collect$$libinit$$0000000A)
    __rt_lib_init_lc_collate_1               0x0000015d   Thumb Code     0  libinit2.o(.ARM.Collect$$libinit$$00000011)
    __rt_lib_init_lc_ctype_1                 0x0000015d   Thumb Code     0  libinit2.o(.ARM.Collect$$libinit$$00000013)
    __rt_lib_init_lc_monetary_1              0x0000015d   Thumb Code     0  libinit2.o(.ARM.Collect$$libinit$$00000015)
    __rt_lib_init_lc_numeric_1               0x0000015d   Thumb Code     0  libinit2.o(.ARM.Collect$$libinit$$00000017)
    __rt_lib_init_lc_time_1                  0x0000015d   Thumb Code     0  libinit2.o(.ARM.Collect$$libinit$$00000019)
    __rt_lib_init_preinit_1                  0x0000015d   Thumb Code     0  libinit2.o(.ARM.Collect$$libinit$$00000004)
    __rt_lib_init_rand_1                     0x0000015d   Thumb Code     0  libinit2.o(.ARM.Collect$$libinit$$0000000E)
    __rt_lib_init_return                     0x0000015d   Thumb Code     0  libinit2.o(.ARM.Collect$$libinit$$00000033)
    __rt_lib_init_signal_1                   0x0000015d   Thumb Code     0  libinit2.o(.ARM.Collect$$libinit$$0000001D)
    __rt_lib_init_stdio_1                    0x0000015d   Thumb Code     0  libinit2.o(.ARM.Collect$$libinit$$00000025)
    __rt_lib_init_user_alloc_1               0x0000015d   Thumb Code     0  libinit2.o(.ARM.Collect$$libinit$$0000000C)
    __rt_lib_shutdown                        0x0000015f   Thumb Code     0  libshutdown.o(.ARM.Collect$$libshutdown$$00000000)
    __rt_lib_shutdown_cpp_1                  0x00000161   Thumb Code     0  libshutdown2.o(.ARM.Collect$$libshutdown$$00000002)
    __rt_lib_shutdown_fp_trap_1              0x00000161   Thumb Code     0  libshutdown2.o(.ARM.Collect$$libshutdown$$00000007)
    __rt_lib_shutdown_heap_1                 0x00000161   Thumb Code     0  libshutdown2.o(.ARM.Collect$$libshutdown$$0000000F)
    __rt_lib_shutdown_return                 0x00000161   Thumb Code     0  libshutdown2.o(.ARM.Collect$$libshutdown$$00000010)
    __rt_lib_shutdown_signal_1               0x00000161   Thumb Code     0  libshutdown2.o(.ARM.Collect$$libshutdown$$0000000A)
    __rt_lib_shutdown_stdio_1                0x00000161   Thumb Code     0  libshutdown2.o(.ARM.Collect$$libshutdown$$00000004)
    __rt_lib_shutdown_user_alloc_1           0x00000161   Thumb Code     0  libshutdown2.o(.ARM.Collect$$libshutdown$$0000000C)
    __rt_entry                               0x00000163   Thumb Code     0  __rtentry.o(.ARM.Collect$$rtentry$$00000000)
    __rt_entry_presh_1                       0x00000163   Thumb Code     0  __rtentry2.o(.ARM.Collect$$rtentry$$00000002)
    __rt_entry_sh                            0x00000163   Thumb Code     0  __rtentry4.o(.ARM.Collect$$rtentry$$00000004)
    __rt_entry_li                            0x00000169   Thumb Code     0  __rtentry2.o(.ARM.Collect$$rtentry$$0000000A)
    __rt_entry_postsh_1                      0x00000169   Thumb Code     0  __rtentry2.o(.ARM.Collect$$rtentry$$00000009)
    __rt_entry_postli_1                      0x0000016d   Thumb Code     0  __rtentry2.o(.ARM.Collect$$rtentry$$0000000B)
    __rt_entry_main                          0x00000175   Thumb Code     0  __rtentry2.o(.ARM.Collect$$rtentry$$0000000D)
    __rt_exit                                0x0000017d   Thumb Code     0  rtexit.o(.ARM.Collect$$rtexit$$00000000)
    __rt_exit_ls                             0x0000017f   Thumb Code     0  rtexit2.o(.ARM.Collect$$rtexit$$00000003)
    __rt_exit_prels_1                        0x0000017f   Thumb Code     0  rtexit2.o(.ARM.Collect$$rtexit$$00000002)
    __rt_exit_exit                           0x00000183   Thumb Code     0  rtexit2.o(.ARM.Collect$$rtexit$$00000004)
    rt_set_PSP                               0x00000189   Thumb Code     6  hal_cm3.o(.emb_text)
    rt_get_PSP                               0x0000018f   Thumb Code     6  hal_cm3.o(.emb_text)
    os_set_env                               0x00000195   Thumb Code    24  hal_cm3.o(.emb_text)
    _alloc_box                               0x000001b1   Thumb Code    28  hal_cm3.o(.emb_text)
    _free_box                                0x000001d1   Thumb Code    28  hal_cm3.o(.emb_text)
    SVC_Handler                              0x000001f1   Thumb Code   108  hal_cm3.o(.emb_text)
    PendSV_Handler                           0x00000269   Thumb Code    56  hal_cm3.o(.emb_text)
    SysTick_Handler                          0x000002a5   Thumb Code     8  hal_cm3.o(.emb_text)
    OS_Tick_Handler                          0x000002ad   Thumb Code    12  hal_cm3.o(.emb_text)
    Reset_Handler                            0x000002b9   Thumb Code     8  startup_efm32gg.o(.text)
    NMI_Handler                              0x000002c1   Thumb Code     2  startup_efm32gg.o(.text)
    HardFault_Handler                        0x000002c3   Thumb Code     2  startup_efm32gg.o(.text)
    MemManage_Handler                        0x000002c5   Thumb Code     2  startup_efm32gg.o(.text)
    BusFault_Handler                         0x000002c7   Thumb Code     2  startup_efm32gg.o(.text)
    UsageFault_Handler                       0x000002c9   Thumb Code     2  startup_efm32gg.o(.text)
    DebugMon_Handler                         0x000002cd   Thumb Code     2  startup_efm32gg.o(.text)
    ACMP0_IRQHandler                         0x000002d3   Thumb Code     0  startup_efm32gg.o(.text)
    ADC0_IRQHandler                          0x000002d3   Thumb Code     0  startup_efm32gg.o(.text)
    AES_IRQHandler                           0x000002d3   Thumb Code     0  startup_efm32gg.o(.text)
    BURTC_IRQHandler                         0x000002d3   Thumb Code     0  startup_efm32gg.o(.text)
    CMU_IRQHandler                           0x000002d3   Thumb Code     0  startup_efm32gg.o(.text)
    DAC0_IRQHandler                          0x000002d3   Thumb Code     0  startup_efm32gg.o(.text)
    DMA_IRQHandler                           0x000002d3   Thumb Code     0  startup_efm32gg.o(.text)
    EBI_IRQHandler                           0x000002d3   Thumb Code     0  startup_efm32gg.o(.text)
    EMU_IRQHandler                           0x000002d3   Thumb Code     0  startup_efm32gg.o(.text)
    GPIO_EVEN_IRQHandler                     0x000002d3   Thumb Code     0  startup_efm32gg.o(.text)
    GPIO_ODD_IRQHandler                      0x000002d3   Thumb Code     0  startup_efm32gg.o(.text)
    I2C0_IRQHandler                          0x000002d3   Thumb Code     0  startup_efm32gg.o(.text)
    I2C1_IRQHandler                          0x000002d3   Thumb Code     0  startup_efm32gg.o(.text)
    LCD_IRQHandler                           0x000002d3   Thumb Code     0  startup_efm32gg.o(.text)
    LESENSE_IRQHandler                       0x000002d3   Thumb Code     0  startup_efm32gg.o(.text)
    LETIMER0_IRQHandler                      0x000002d3   Thumb Code     0  startup_efm32gg.o(.text)
    LEUART0_IRQHandler                       0x000002d3   Thumb Code     0  startup_efm32gg.o(.text)
    LEUART1_IRQHandler                       0x000002d3   Thumb Code     0  startup_efm32gg.o(.text)
    MSC_IRQHandler                           0x000002d3   Thumb Code     0  startup_efm32gg.o(.text)
    PCNT0_IRQHandler                         0x000002d3   Thumb Code     0  startup_efm32gg.o(.text)
    PCNT1_IRQHandler                         0x000002d3   Thumb Code     0  startup_efm32gg.o(.text)
    PCNT2_IRQHandler                         0x000002d3   Thumb Code     0  startup_efm32gg.o(.text)
    RTC_IRQHandler                           0x000002d3   Thumb Code     0  startup_efm32gg.o(.text)
    TIMER0_IRQHandler                        0x000002d3   Thumb Code     0  startup_efm32gg.o(.text)
    TIMER1_IRQHandler                        0x000002d3   Thumb Code     0  startup_efm32gg.o(.text)
    TIMER2_IRQHandler                        0x000002d3   Thumb Code     0  startup_efm32gg.o(.text)
    TIMER3_IRQHandler                        0x000002d3   Thumb Code     0  startup_efm32gg.o(.text)
    UART0_RX_IRQHandler                      0x000002d3   Thumb Code     0  startup_efm32gg.o(.text)
    UART0_TX_IRQHandler                      0x000002d3   Thumb Code     0  startup_efm32gg.o(.text)
    UART1_RX_IRQHandler                      0x000002d3   Thumb Code     0  startup_efm32gg.o(.text)
    UART1_TX_IRQHandler                      0x000002d3   Thumb Code     0  startup_efm32gg.o(.text)
    USART0_RX_IRQHandler                     0x000002d3   Thumb Code     0  startup_efm32gg.o(.text)
    USART0_TX_IRQHandler                     0x000002d3   Thumb Code     0  startup_efm32gg.o(.text)
    USART1_RX_IRQHandler                     0x000002d3   Thumb Code     0  startup_efm32gg.o(.text)
    USART1_TX_IRQHandler                     0x000002d3   Thumb Code     0  startup_efm32gg.o(.text)
    USART2_RX_IRQHandler                     0x000002d3   Thumb Code     0  startup_efm32gg.o(.text)
    USART2_TX_IRQHandler                     0x000002d3   Thumb Code     0  startup_efm32gg.o(.text)
    USB_IRQHandler                           0x000002d3   Thumb Code     0  startup_efm32gg.o(.text)
    VCMP_IRQHandler                          0x000002d3   Thumb Code     0  startup_efm32gg.o(.text)
    __user_initial_stackheap                 0x000002d5   Thumb Code    10  startup_efm32gg.o(.text)
    __user_libspace                          0x000002f9   Thumb Code     8  libspace.o(.text)
    __user_perproc_libspace                  0x000002f9   Thumb Code     0  libspace.o(.text)
    __2sprintf                               0x00000301   Thumb Code    34  noretval__2sprintf.o(.text)
    _printf_pre_padding                      0x00000329   Thumb Code    44  _printf_pad.o(.text)
    _printf_post_padding                     0x00000355   Thumb Code    34  _printf_pad.o(.text)
    _printf_int_hex                          0x00000379   Thumb Code    84  _printf_hex_int.o(.text)
    _printf_longlong_hex                     0x00000379   Thumb Code     0  _printf_hex_int.o(.text)
    __printf                                 0x000003d1   Thumb Code   308  __printf_flags_wp.o(.text)
    __RL_RTX_VER                             0x00000482   Number         0  rt_system.o ABSOLUTE
    strcpy                                   0x00000509   Thumb Code    72  strcpy.o(.text)
    strlen                                   0x00000551   Thumb Code    62  strlen.o(.text)
    strcat                                   0x0000058f   Thumb Code    24  strcat.o(.text)
    __aeabi_memclr4                          0x000005a7   Thumb Code     0  rt_memclr_w.o(.text)
    __aeabi_memclr8                          0x000005a7   Thumb Code     0  rt_memclr_w.o(.text)
    __rt_memclr_w                            0x000005a7   Thumb Code    78  rt_memclr_w.o(.text)
    _memset_w                                0x000005ab   Thumb Code     0  rt_memclr_w.o(.text)
    __use_two_region_memory                  0x000005f5   Thumb Code     2  heapauxi.o(.text)
    __rt_heap_escrow$2region                 0x000005f7   Thumb Code     2  heapauxi.o(.text)
    __rt_heap_expand$2region                 0x000005f9   Thumb Code     2  heapauxi.o(.text)
    _printf_int_common                       0x000005fb   Thumb Code   178  _printf_intcommon.o(.text)
    _printf_char_common                      0x000006b7   Thumb Code    32  _printf_char_common.o(.text)
    _sputc                                   0x000006dd   Thumb Code    10  _sputc.o(.text)
    _sys_exit                                0x000006e9   Thumb Code     8  sys_exit.o(.text)
    __I$use$semihosting                      0x000006f5   Thumb Code     0  use_no_semi.o(.text)
    __use_no_semihosting_swi                 0x000006f5   Thumb Code     2  use_no_semi.o(.text)
    __semihosting_library_function           0x000006f7   Thumb Code     0  indicate_semi.o(.text)
    __user_setup_stackheap                   0x000006f7   Thumb Code    74  sys_stackheap_outer.o(.text)
    exit                                     0x00000741   Thumb Code    18  exit.o(.text)
    CMU_ClockDivSet                          0x00000755   Thumb Code   360  em_cmu.o(.text.CMU_ClockDivSet)
    CMU_ClockEnable                          0x000008b9   Thumb Code    92  em_cmu.o(.text.CMU_ClockEnable)
    CMU_ClockFreqGet                         0x00000915   Thumb Code   292  em_cmu.o(.text.CMU_ClockFreqGet)
    CMU_ClockSelectGet                       0x00000a39   Thumb Code   196  em_cmu.o(.text.CMU_ClockSelectGet)
    CMU_ClockSelectSet                       0x00000afd   Thumb Code   412  em_cmu.o(.text.CMU_ClockSelectSet)
    CMU_OscillatorEnable                     0x00000c99   Thumb Code   108  em_cmu.o(.text.CMU_OscillatorEnable)
    GPIO_PinModeSet                          0x00000d05   Thumb Code   132  em_gpio.o(.text.GPIO_PinModeSet)
    SystemCoreClockGet                       0x00000d89   Thumb Code    32  system_efm32gg.o(.text.SystemCoreClockGet)
    SystemHFClockGet                         0x00000da9   Thumb Code   176  system_efm32gg.o(.text.SystemHFClockGet)
    SystemHFXOClockGet                       0x00000e55   Thumb Code    12  system_efm32gg.o(.text.SystemHFXOClockGet)
    SystemInit                               0x00000e5d   Thumb Code    16  system_efm32gg.o(.text.SystemInit)
    SystemLFRCOClockGet                      0x00000e6d   Thumb Code     6  system_efm32gg.o(.text.SystemLFRCOClockGet)
    SystemLFXOClockGet                       0x00000e75   Thumb Code    12  system_efm32gg.o(.text.SystemLFXOClockGet)
    SystemMaxCoreClockGet                    0x00000e81   Thumb Code     8  system_efm32gg.o(.text.SystemMaxCoreClockGet)
    SystemULFRCOClockGet                     0x00000e89   Thumb Code     6  system_efm32gg.o(.text.SystemULFRCOClockGet)
    USART_BaudrateAsyncSet                   0x00000e91   Thumb Code   100  em_usart.o(.text.USART_BaudrateAsyncSet)
    USART_BaudrateSyncSet                    0x00000ef5   Thumb Code    36  em_usart.o(.text.USART_BaudrateSyncSet)
    USART_Enable                             0x00000f15   Thumb Code    12  em_usart.o(.text.USART_Enable)
    USART_InitAsync                          0x00000f21   Thumb Code    64  em_usart.o(.text.USART_InitAsync)
    USART_InitSync                           0x00000f61   Thumb Code    94  em_usart.o(.text.USART_InitSync)
    USART_Reset                              0x00000fc1   Thumb Code    72  em_usart.o(.text.USART_Reset)
    USART_Rx                                 0x00001009   Thumb Code    14  em_usart.o(.text.USART_Rx)
    USART_Tx                                 0x00001017   Thumb Code    12  em_usart.o(.text.USART_Tx)
    Initialize()                             0x00001025   Thumb Code   100  main.o(.text._Z10Initializev)
    LoraConfig()                             0x00001089   Thumb Code    36  rn2483.o(.text._Z10LoraConfigv)
    LoraTransmit(const void*)                0x000010ad   Thumb Code    80  main.o(.text._Z12LoraTransmitPKv)
    LoraTransmit(char*, char*)               0x000010fd   Thumb Code    28  rn2483.o(.text._Z12LoraTransmitPcS_)
    ReceiveThread(const void*)               0x00001119   Thumb Code    40  main.o(.text._Z13ReceiveThreadPKv)
    accInitialize()                          0x0000113d   Thumb Code   152  lis3dsh.o(.text._Z13accInitializev)
    uart0Initialize()                        0x000011d1   Thumb Code   100  main.o(.text._Z15uart0Initializev)
    blinky(const void*)                      0x00001235   Thumb Code    44  main.o(.text._Z6blinkyPKv)
    accRead(unsigned char)                   0x00001261   Thumb Code   104  lis3dsh.o(.text._Z7accReadh)
    accRead()                                0x000012c5   Thumb Code    36  lis3dsh.o(.text._Z7accReadv)
    adcFunc()                                0x000012e9   Thumb Code   140  main.o(.text._Z7adcFuncv)
    accWrite(unsigned char, unsigned char)   0x00001375   Thumb Code    36  lis3dsh.o(.text._Z8accWritehh)
    uartSend(USART_TypeDef*, char*)          0x00001399   Thumb Code    24  main.o(.text._Z8uartSendP13USART_TypeDefPc)
    accConfig()                              0x000013b1   Thumb Code    44  lis3dsh.o(.text._Z9accConfigv)
    LoRa::uartLoraSend(USART_TypeDef*, char*) 0x000013dd   Thumb Code    24  lora.o(.text._ZN4LoRa12uartLoraSendEP13USART_TypeDefPc)
    LoRa::stringConcatenate(char*, char*)    0x000013f5   Thumb Code    68  lora.o(.text._ZN4LoRa17stringConcatenateEPcS0_)
    LoRa::stringConcatenate(char*, char*, char*, char*) 0x00001435   Thumb Code   108  lora.o(.text._ZN4LoRa17stringConcatenateEPcS0_S0_S0_)
    LoRa::uartLoraInitialize()               0x0000149d   Thumb Code   100  lora.o(.text._ZN4LoRa18uartLoraInitializeEv)
    LoRa::mac::tx(char*, char*, char*)       0x000014fd   Thumb Code    44  lora.o(.text._ZN4LoRa3mac2txEPcS1_S1_)
    LoRa::mac::join(char*)                   0x00001525   Thumb Code    52  lora.o(.text._ZN4LoRa3mac4joinEPc)
    _mutex_acquire                           0x00001559   Thumb Code    28  rtx_conf_cm.o(.text._mutex_acquire)
    _mutex_release                           0x00001579   Thumb Code    24  rtx_conf_cm.o(.text._mutex_release)
    _platform_post_lib_init                  0x00001595   Thumb Code    24  rtx_conf_cm.o(.text._platform_post_lib_init)
    main                                     0x00001725   Thumb Code   160  main.o(.text.main)
    os_error                                 0x00001819   Thumb Code     2  rtx_conf_cm.o(.text.os_error)
    os_idle_demon                            0x0000181b   Thumb Code     2  rtx_conf_cm.o(.text.os_idle_demon)
    SVC_Count                                0x00001878   Data           4  svc_table.o(SVC_TABLE)
    SVC_Table                                0x0000187c   Data           0  svc_table.o(SVC_TABLE)
    _init_box                                0x0000187d   Thumb Code    70  rt_membox.o(i._init_box)
    _is_digit                                0x000018c3   Thumb Code    14  __printf_wp.o(i._is_digit)
    dbg_init                                 0x000018d1   Thumb Code    34  hal_cm.o(i.dbg_init)
    dbg_task_notify                          0x00001901   Thumb Code    32  hal_cm.o(i.dbg_task_notify)
    dbg_task_switch                          0x00001921   Thumb Code    16  hal_cm.o(i.dbg_task_switch)
    isrMessageGet                            0x00001931   Thumb Code    42  rt_cmsis.o(i.isrMessageGet)
    isrMessagePut                            0x0000195b   Thumb Code    44  rt_cmsis.o(i.isrMessagePut)
    isr_mbx_receive                          0x00001989   Thumb Code    86  rt_mailbox.o(i.isr_mbx_receive)
    isr_mbx_send                             0x000019df   Thumb Code    14  rt_mailbox.o(i.isr_mbx_send)
    osDelay                                  0x000019ed   Thumb Code    18  rt_cmsis.o(i.osDelay)
    osKernelInitialize                       0x00001a05   Thumb Code    30  rt_cmsis.o(i.osKernelInitialize)
    osKernelStart                            0x00001a29   Thumb Code    98  rt_cmsis.o(i.osKernelStart)
    osMessageGet                             0x00001a95   Thumb Code    18  rt_cmsis.o(i.osMessageGet)
    osThreadCreate                           0x00001aad   Thumb Code    36  rt_cmsis.o(i.osThreadCreate)
    osThreadExit                             0x00001ad9   Thumb Code    14  rt_cmsis.o(i.osThreadExit)
    osTimerCall                              0x00001af1   Thumb Code     8  rt_cmsis.o(i.osTimerCall)
    osTimerThread                            0x00001afd   Thumb Code    38  rt_cmsis.o(i.osTimerThread)
    os_tick_init                             0x00001b29   Thumb Code    32  rt_system.o(i.os_tick_init)
    os_tick_irqack                           0x00001b51   Thumb Code     2  rt_system.o(i.os_tick_irqack)
    rt_alloc_box                             0x00001b53   Thumb Code    26  rt_membox.o(i.rt_alloc_box)
    rt_alloc_mem                             0x00001b6d   Thumb Code    62  rt_memory.o(i.rt_alloc_mem)
    rt_block                                 0x00001bad   Thumb Code    48  rt_task.o(i.rt_block)
    rt_chk_robin                             0x00001be5   Thumb Code    60  rt_robin.o(i.rt_chk_robin)
    rt_dec_dly                               0x00001c2d   Thumb Code   102  rt_list.o(i.rt_dec_dly)
    rt_dispatch                              0x00001c9d   Thumb Code    60  rt_task.o(i.rt_dispatch)
    rt_dly_wait                              0x00001ce1   Thumb Code     6  rt_time.o(i.rt_dly_wait)
    rt_evt_psh                               0x00001ce9   Thumb Code    76  rt_event.o(i.rt_evt_psh)
    rt_free_box                              0x00001d39   Thumb Code    44  rt_membox.o(i.rt_free_box)
    rt_free_mem                              0x00001d65   Thumb Code    40  rt_memory.o(i.rt_free_mem)
    rt_get_first                             0x00001d8d   Thumb Code    40  rt_list.o(i.rt_get_first)
    rt_init_mem                              0x00001e05   Thumb Code    26  rt_memory.o(i.rt_init_mem)
    rt_init_robin                            0x00001e21   Thumb Code    14  rt_robin.o(i.rt_init_robin)
    rt_init_stack                            0x00001e39   Thumb Code   118  hal_cm.o(i.rt_init_stack)
    rt_mbx_check                             0x00001eb9   Thumb Code     8  rt_mailbox.o(i.rt_mbx_check)
    rt_mbx_init                              0x00001ec1   Thumb Code    26  rt_mailbox.o(i.rt_mbx_init)
    rt_mbx_psh                               0x00001edd   Thumb Code   236  rt_mailbox.o(i.rt_mbx_psh)
    rt_mbx_wait                              0x00001fcd   Thumb Code   174  rt_mailbox.o(i.rt_mbx_wait)
    rt_mut_release                           0x000020c5   Thumb Code   208  rt_mutex.o(i.rt_mut_release)
    rt_mut_wait                              0x0000219d   Thumb Code   114  rt_mutex.o(i.rt_mut_wait)
    rt_pop_req                               0x00002215   Thumb Code   112  rt_system.o(i.rt_pop_req)
    rt_psh_req                               0x00002291   Thumb Code    22  rt_system.o(i.rt_psh_req)
    rt_psq_enq                               0x000022b1   Thumb Code    88  rt_list.o(i.rt_psq_enq)
    rt_put_dly                               0x0000230d   Thumb Code    68  rt_list.o(i.rt_put_dly)
    rt_put_prio                              0x00002355   Thumb Code    54  rt_list.o(i.rt_put_prio)
    rt_put_rdy_first                         0x0000238d   Thumb Code    14  rt_list.o(i.rt_put_rdy_first)
    rt_resort_prio                           0x000023a1   Thumb Code    46  rt_list.o(i.rt_resort_prio)
    rt_ret_val                               0x000023d5   Thumb Code     6  hal_cm.o(i.rt_ret_val)
    rt_ret_val2                              0x000023db   Thumb Code     8  hal_cm.o(i.rt_ret_val2)
    rt_rmv_dly                               0x000023e3   Thumb Code    40  rt_list.o(i.rt_rmv_dly)
    rt_rmv_list                              0x0000240d   Thumb Code    44  rt_list.o(i.rt_rmv_list)
    rt_sem_psh                               0x0000243d   Thumb Code    48  rt_semaphore.o(i.rt_sem_psh)
    rt_stk_check                             0x00002471   Thumb Code    28  rt_system.o(i.rt_stk_check)
    rt_switch_req                            0x00002495   Thumb Code    30  rt_task.o(i.rt_switch_req)
    rt_sys_init                              0x000024bd   Thumb Code   138  rt_task.o(i.rt_sys_init)
    rt_sys_start                             0x00002589   Thumb Code   110  rt_task.o(i.rt_sys_start)
    rt_systick                               0x00002601   Thumb Code    50  rt_system.o(i.rt_systick)
    rt_tsk_create                            0x00002689   Thumb Code   118  rt_task.o(i.rt_tsk_create)
    rt_tsk_delete                            0x00002711   Thumb Code   352  rt_task.o(i.rt_tsk_delete)
    rt_tsk_prio                              0x0000288d   Thumb Code   108  rt_task.o(i.rt_tsk_prio)
    rt_tsk_self                              0x00002909   Thumb Code    12  rt_task.o(i.rt_tsk_self)
    svcDelay                                 0x00002919   Thumb Code    18  rt_cmsis.o(i.svcDelay)
    svcKernelInitialize                      0x0000292d   Thumb Code    80  rt_cmsis.o(i.svcKernelInitialize)
    svcKernelStart                           0x0000299d   Thumb Code    62  rt_cmsis.o(i.svcKernelStart)
    svcMessageCreate                         0x000029e5   Thumb Code    36  rt_cmsis.o(i.svcMessageCreate)
    svcMessageGet                            0x00002a09   Thumb Code    58  rt_cmsis.o(i.svcMessageGet)
    svcThreadCreate                          0x00002a45   Thumb Code    96  rt_cmsis.o(i.svcThreadCreate)
    svcThreadGetId                           0x00002ab1   Thumb Code    22  rt_cmsis.o(i.svcThreadGetId)
    svcThreadTerminate                       0x00002acd   Thumb Code    50  rt_cmsis.o(i.svcThreadTerminate)
    svcTimerCall                             0x00002b05   Thumb Code    24  rt_cmsis.o(i.svcTimerCall)
    sysTimerTick                             0x00002b1d   Thumb Code    84  rt_cmsis.o(i.sysTimerTick)
    __aeabi_d2f                              0x00002b79   Thumb Code     0  d2f.o(x$fpl$d2f)
    _d2f                                     0x00002b79   Thumb Code    98  d2f.o(x$fpl$d2f)
    __aeabi_ddiv                             0x00002bdd   Thumb Code     0  ddiv.o(x$fpl$ddiv)
    _ddiv                                    0x00002bdd   Thumb Code   552  ddiv.o(x$fpl$ddiv)
    __aeabi_dmul                             0x00002e8d   Thumb Code     0  dmul.o(x$fpl$dmul)
    _dmul                                    0x00002e8d   Thumb Code   332  dmul.o(x$fpl$dmul)
    __fpl_dnaninf                            0x00002fe1   Thumb Code   156  dnaninf.o(x$fpl$dnaninf)
    __fpl_dretinf                            0x0000307d   Thumb Code    12  dretinf.o(x$fpl$dretinf)
    __aeabi_f2d                              0x00003089   Thumb Code     0  f2d.o(x$fpl$f2d)
    _f2d                                     0x00003089   Thumb Code    86  f2d.o(x$fpl$f2d)
    __aeabi_fdiv                             0x000030e1   Thumb Code     0  fdiv.o(x$fpl$fdiv)
    _fdiv                                    0x000030e1   Thumb Code   384  fdiv.o(x$fpl$fdiv)
    __aeabi_f2uiz                            0x00003265   Thumb Code     0  ffixu.o(x$fpl$ffixu)
    _ffixu                                   0x00003265   Thumb Code    62  ffixu.o(x$fpl$ffixu)
    __aeabi_ui2f                             0x000032a5   Thumb Code     0  fflt_clz.o(x$fpl$ffltu)
    _ffltu                                   0x000032a5   Thumb Code    38  fflt_clz.o(x$fpl$ffltu)
    __fpl_fnaninf                            0x000032cb   Thumb Code   140  fnaninf.o(x$fpl$fnaninf)
    __fpl_fretinf                            0x00003357   Thumb Code    10  fretinf.o(x$fpl$fretinf)
    __I$use$fp                               0x00003360   Number         0  usenofp.o(x$fpl$usenofp)
    CMSIS_RTOS_API_Version                   0x000033e4   Data           4  rtx_conf_cm.o(.rodata.CMSIS_RTOS_API_Version)
    CMSIS_RTOS_RTX_Version                   0x000033e8   Data           4  rtx_conf_cm.o(.rodata.CMSIS_RTOS_RTX_Version)
    mp_stk_size                              0x0000341c   Data           4  rtx_conf_cm.o(.rodata.mp_stk_size)
    mp_tcb_size                              0x00003420   Data           2  rtx_conf_cm.o(.rodata.mp_tcb_size)
    mp_tmr_size                              0x00003422   Data           2  rtx_conf_cm.o(.rodata.mp_tmr_size)
    os_clockrate                             0x00003424   Data           4  rtx_conf_cm.o(.rodata.os_clockrate)
    os_fifo_size                             0x00003428   Data           1  rtx_conf_cm.o(.rodata.os_fifo_size)
    os_flags                                 0x00003429   Data           1  rtx_conf_cm.o(.rodata.os_flags)
    os_maxtaskrun                            0x0000342a   Data           2  rtx_conf_cm.o(.rodata.os_maxtaskrun)
    os_messageQ_def_osTimerMessageQ          0x0000342c   Data           8  rtx_conf_cm.o(.rodata.os_messageQ_def_osTimerMessageQ)
    os_rrobin                                0x00003434   Data           4  rtx_conf_cm.o(.rodata.os_rrobin)
    os_stack_sz                              0x00003438   Data           4  rtx_conf_cm.o(.rodata.os_stack_sz)
    os_stackinfo                             0x0000343c   Data           4  rtx_conf_cm.o(.rodata.os_stackinfo)
    os_thread_def_main                       0x00003440   Data          16  rtx_conf_cm.o(.rodata.os_thread_def_main)
    os_thread_def_osTimerThread              0x00003450   Data          16  rtx_conf_cm.o(.rodata.os_thread_def_osTimerThread)
    os_timernum                              0x00003460   Data           4  rtx_conf_cm.o(.rodata.os_timernum)
    os_trv                                   0x00003464   Data           4  rtx_conf_cm.o(.rodata.os_trv)
    Region$$Table$$Base                      0x00003470   Number         0  anon$$obj.o(Region$$Table)
    Region$$Table$$Limit                     0x00003490   Number         0  anon$$obj.o(Region$$Table)
    __ARM_use_no_argv                        0x20000000   Data           4  main.o(.ARM.use_no_argv)
    os_initialized                           0x20000004   Data           1  rt_cmsis.o(.data)
    os_running                               0x20000005   Data           1  rt_cmsis.o(.data)
    os_timer_head                            0x20000008   Data           4  rt_cmsis.o(.data)
    os_tsk                                   0x2000000c   Data           8  rt_task.o(.data)
    os_tick_irqn                             0x20000018   Data           4  rt_system.o(.data)
    os_time                                  0x2000001c   Data           4  rt_time.o(.data)
    os_robin                                 0x20000020   Data           8  rt_robin.o(.data)
    dbg_msg                                  0x20000028   Data           1  hal_cm.o(.data)
    AxisZ                                    0x20000030   Data           2  main.o(.data..L_MergedGlobals)
    adcResult                                0x20000034   Data           4  main.o(.data..L_MergedGlobals)
    adcResultwhat                            0x20000038   Data           4  main.o(.data..L_MergedGlobals)
    iotBuffer                                0x2000003c   Data          16  main.o(.data..L_MergedGlobals)
    SystemCoreClock                          0x20000054   Data           4  system_efm32gg.o(.data.SystemCoreClock)
    uart232                                  0x20000058   Data           4  main.o(.data.uart232)
    uartClassLora                            0x2000005c   Data           4  lora.o(.data.uartClassLora)
    uartLora                                 0x20000060   Data           4  rn2483.o(.data.uartLora)
    usartAcc                                 0x20000064   Data           4  lis3dsh.o(.data.usartAcc)
    os_idle_TCB                              0x20000068   Data          52  rt_task.o(.bss)
    os_rdy                                   0x2000009c   Data          24  rt_list.o(.bss)
    os_dly                                   0x200000b4   Data          24  rt_list.o(.bss)
    __libspace_start                         0x200000cc   Data          96  libspace.o(.bss)
    __temporary_stack_top$libspace           0x2000012c   Data           0  libspace.o(.bss)
    m_tmr                                    0x200001ac   Data           4  rtx_conf_cm.o(.bss.m_tmr)
    mp_stk                                   0x200001b0   Data        1792  rtx_conf_cm.o(.bss.mp_stk)
    mp_tcb                                   0x200008b0   Data         376  rtx_conf_cm.o(.bss.mp_tcb)
    osMessageQId_osTimerMessageQ             0x20000a28   Data           4  rtx_conf_cm.o(.bss.osMessageQId_osTimerMessageQ)
    osThreadId_osTimerThread                 0x20000a2c   Data           4  rtx_conf_cm.o(.bss.osThreadId_osTimerThread)
    os_active_TCB                            0x20000a30   Data          28  rtx_conf_cm.o(.bss.os_active_TCB)
    os_fifo                                  0x20000a4c   Data         132  rtx_conf_cm.o(.bss.os_fifo)
    os_messageQ_q_osTimerMessageQ            0x20000ad0   Data          32  rtx_conf_cm.o(.bss.os_messageQ_q_osTimerMessageQ)
    os_stack_mem                             0x20000af0   Data        1032  rtx_conf_cm.o(.bss.os_stack_mem)



==============================================================================

Memory Map of the image

  Image Entry point : 0x000000dd

  Load Region LR_IROM1 (Base: 0x00000000, Size: 0x000034f8, Max: 0x00100000, ABSOLUTE)

    Execution Region ER_IROM1 (Exec base: 0x00000000, Load base: 0x00000000, Size: 0x00003490, Max: 0x00100000, ABSOLUTE)

    Exec Addr    Load Addr    Size         Type   Attr      Idx    E Section Name        Object

    0x00000000   0x00000000   0x000000dc   Data   RO          462    RESET               startup_efm32gg.o
    0x000000dc   0x000000dc   0x00000008   Code   RO         1779  * !!!main             c_w.l(__main.o)
    0x000000e4   0x000000e4   0x00000034   Code   RO         2111    !!!scatter          c_w.l(__scatter.o)
    0x00000118   0x00000118   0x0000001a   Code   RO         2113    !!handler_copy      c_w.l(__scatter_copy.o)
    0x00000132   0x00000132   0x00000002   PAD
    0x00000134   0x00000134   0x0000001c   Code   RO         2115    !!handler_zi        c_w.l(__scatter_zi.o)
    0x00000150   0x00000150   0x00000000   Code   RO         1768    .ARM.Collect$$_printf_percent$$00000000  c_w.l(_printf_percent.o)
    0x00000150   0x00000150   0x00000006   Code   RO         1767    .ARM.Collect$$_printf_percent$$0000000C  c_w.l(_printf_x.o)
    0x00000156   0x00000156   0x00000004   Code   RO         1852    .ARM.Collect$$_printf_percent$$00000017  c_w.l(_printf_percent_end.o)
    0x0000015a   0x0000015a   0x00000002   Code   RO         1991    .ARM.Collect$$libinit$$00000000  c_w.l(libinit.o)
    0x0000015c   0x0000015c   0x00000000   Code   RO         2001    .ARM.Collect$$libinit$$00000002  c_w.l(libinit2.o)
    0x0000015c   0x0000015c   0x00000000   Code   RO         2003    .ARM.Collect$$libinit$$00000004  c_w.l(libinit2.o)
    0x0000015c   0x0000015c   0x00000000   Code   RO         2006    .ARM.Collect$$libinit$$0000000A  c_w.l(libinit2.o)
    0x0000015c   0x0000015c   0x00000000   Code   RO         2008    .ARM.Collect$$libinit$$0000000C  c_w.l(libinit2.o)
    0x0000015c   0x0000015c   0x00000000   Code   RO         2010    .ARM.Collect$$libinit$$0000000E  c_w.l(libinit2.o)
    0x0000015c   0x0000015c   0x00000000   Code   RO         2013    .ARM.Collect$$libinit$$00000011  c_w.l(libinit2.o)
    0x0000015c   0x0000015c   0x00000000   Code   RO         2015    .ARM.Collect$$libinit$$00000013  c_w.l(libinit2.o)
    0x0000015c   0x0000015c   0x00000000   Code   RO         2017    .ARM.Collect$$libinit$$00000015  c_w.l(libinit2.o)
    0x0000015c   0x0000015c   0x00000000   Code   RO         2019    .ARM.Collect$$libinit$$00000017  c_w.l(libinit2.o)
    0x0000015c   0x0000015c   0x00000000   Code   RO         2021    .ARM.Collect$$libinit$$00000019  c_w.l(libinit2.o)
    0x0000015c   0x0000015c   0x00000000   Code   RO         2023    .ARM.Collect$$libinit$$0000001B  c_w.l(libinit2.o)
    0x0000015c   0x0000015c   0x00000000   Code   RO         2025    .ARM.Collect$$libinit$$0000001D  c_w.l(libinit2.o)
    0x0000015c   0x0000015c   0x00000000   Code   RO         2027    .ARM.Collect$$libinit$$0000001F  c_w.l(libinit2.o)
    0x0000015c   0x0000015c   0x00000000   Code   RO         2029    .ARM.Collect$$libinit$$00000021  c_w.l(libinit2.o)
    0x0000015c   0x0000015c   0x00000000   Code   RO         2031    .ARM.Collect$$libinit$$00000023  c_w.l(libinit2.o)
    0x0000015c   0x0000015c   0x00000000   Code   RO         2033    .ARM.Collect$$libinit$$00000025  c_w.l(libinit2.o)
    0x0000015c   0x0000015c   0x00000000   Code   RO         2037    .ARM.Collect$$libinit$$0000002C  c_w.l(libinit2.o)
    0x0000015c   0x0000015c   0x00000000   Code   RO         2039    .ARM.Collect$$libinit$$0000002E  c_w.l(libinit2.o)
    0x0000015c   0x0000015c   0x00000000   Code   RO         2041    .ARM.Collect$$libinit$$00000030  c_w.l(libinit2.o)
    0x0000015c   0x0000015c   0x00000000   Code   RO         2043    .ARM.Collect$$libinit$$00000032  c_w.l(libinit2.o)
    0x0000015c   0x0000015c   0x00000002   Code   RO         2044    .ARM.Collect$$libinit$$00000033  c_w.l(libinit2.o)
    0x0000015e   0x0000015e   0x00000002   Code   RO         2082    .ARM.Collect$$libshutdown$$00000000  c_w.l(libshutdown.o)
    0x00000160   0x00000160   0x00000000   Code   RO         2094    .ARM.Collect$$libshutdown$$00000002  c_w.l(libshutdown2.o)
    0x00000160   0x00000160   0x00000000   Code   RO         2096    .ARM.Collect$$libshutdown$$00000004  c_w.l(libshutdown2.o)
    0x00000160   0x00000160   0x00000000   Code   RO         2099    .ARM.Collect$$libshutdown$$00000007  c_w.l(libshutdown2.o)
    0x00000160   0x00000160   0x00000000   Code   RO         2102    .ARM.Collect$$libshutdown$$0000000A  c_w.l(libshutdown2.o)
    0x00000160   0x00000160   0x00000000   Code   RO         2104    .ARM.Collect$$libshutdown$$0000000C  c_w.l(libshutdown2.o)
    0x00000160   0x00000160   0x00000000   Code   RO         2107    .ARM.Collect$$libshutdown$$0000000F  c_w.l(libshutdown2.o)
    0x00000160   0x00000160   0x00000002   Code   RO         2108    .ARM.Collect$$libshutdown$$00000010  c_w.l(libshutdown2.o)
    0x00000162   0x00000162   0x00000000   Code   RO         1841    .ARM.Collect$$rtentry$$00000000  c_w.l(__rtentry.o)
    0x00000162   0x00000162   0x00000000   Code   RO         1943    .ARM.Collect$$rtentry$$00000002  c_w.l(__rtentry2.o)
    0x00000162   0x00000162   0x00000006   Code   RO         1955    .ARM.Collect$$rtentry$$00000004  c_w.l(__rtentry4.o)
    0x00000168   0x00000168   0x00000000   Code   RO         1945    .ARM.Collect$$rtentry$$00000009  c_w.l(__rtentry2.o)
    0x00000168   0x00000168   0x00000004   Code   RO         1946    .ARM.Collect$$rtentry$$0000000A  c_w.l(__rtentry2.o)
    0x0000016c   0x0000016c   0x00000008   Code   RO         1947    .ARM.Collect$$rtentry$$0000000B  c_w.l(__rtentry2.o)
    0x00000174   0x00000174   0x00000008   Code   RO         1949    .ARM.Collect$$rtentry$$0000000D  c_w.l(__rtentry2.o)
    0x0000017c   0x0000017c   0x00000002   Code   RO         1992    .ARM.Collect$$rtexit$$00000000  c_w.l(rtexit.o)
    0x0000017e   0x0000017e   0x00000000   Code   RO         2050    .ARM.Collect$$rtexit$$00000002  c_w.l(rtexit2.o)
    0x0000017e   0x0000017e   0x00000004   Code   RO         2051    .ARM.Collect$$rtexit$$00000003  c_w.l(rtexit2.o)
    0x00000182   0x00000182   0x00000006   Code   RO         2052    .ARM.Collect$$rtexit$$00000004  c_w.l(rtexit2.o)
    0x00000188   0x00000188   0x00000130   Code   RO         1698    .emb_text           RTX_CM3.lib(hal_cm3.o)
    0x000002b8   0x000002b8   0x00000040   Code   RO          463    .text               startup_efm32gg.o
    0x000002f8   0x000002f8   0x00000008   Code   RO         1713    .text               c_w.l(libspace.o)
    0x00000300   0x00000300   0x00000028   Code   RO         1720    .text               c_w.l(noretval__2sprintf.o)
    0x00000328   0x00000328   0x0000004e   Code   RO         1724    .text               c_w.l(_printf_pad.o)
    0x00000376   0x00000376   0x00000002   PAD
    0x00000378   0x00000378   0x00000058   Code   RO         1729    .text               c_w.l(_printf_hex_int.o)
    0x000003d0   0x000003d0   0x00000138   Code   RO         1759    .text               c_w.l(__printf_flags_wp.o)
    0x00000508   0x00000508   0x00000048   Code   RO         1769    .text               c_w.l(strcpy.o)
    0x00000550   0x00000550   0x0000003e   Code   RO         1771    .text               c_w.l(strlen.o)
    0x0000058e   0x0000058e   0x00000018   Code   RO         1773    .text               c_w.l(strcat.o)
    0x000005a6   0x000005a6   0x0000004e   Code   RO         1775    .text               c_w.l(rt_memclr_w.o)
    0x000005f4   0x000005f4   0x00000006   Code   RO         1777    .text               c_w.l(heapauxi.o)
    0x000005fa   0x000005fa   0x000000b2   Code   RO         1846    .text               c_w.l(_printf_intcommon.o)
    0x000006ac   0x000006ac   0x00000030   Code   RO         1848    .text               c_w.l(_printf_char_common.o)
    0x000006dc   0x000006dc   0x0000000a   Code   RO         1850    .text               c_w.l(_sputc.o)
    0x000006e6   0x000006e6   0x00000002   PAD
    0x000006e8   0x000006e8   0x0000000c   Code   RO         1938    .text               c_w.l(sys_exit.o)
    0x000006f4   0x000006f4   0x00000002   Code   RO         1968    .text               c_w.l(use_no_semi.o)
    0x000006f6   0x000006f6   0x00000000   Code   RO         1970    .text               c_w.l(indicate_semi.o)
    0x000006f6   0x000006f6   0x0000004a   Code   RO         1971    .text               c_w.l(sys_stackheap_outer.o)
    0x00000740   0x00000740   0x00000012   Code   RO         1975    .text               c_w.l(exit.o)
    0x00000752   0x00000752   0x00000002   PAD
    0x00000754   0x00000754   0x00000164   Code   RO          269    .text.CMU_ClockDivSet  em_cmu.o
    0x000008b8   0x000008b8   0x0000005c   Code   RO          277    .text.CMU_ClockEnable  em_cmu.o
    0x00000914   0x00000914   0x00000124   Code   RO          279    .text.CMU_ClockFreqGet  em_cmu.o
    0x00000a38   0x00000a38   0x000000c4   Code   RO          285    .text.CMU_ClockSelectGet  em_cmu.o
    0x00000afc   0x00000afc   0x0000019c   Code   RO          287    .text.CMU_ClockSelectSet  em_cmu.o
    0x00000c98   0x00000c98   0x0000006c   Code   RO          291    .text.CMU_OscillatorEnable  em_cmu.o
    0x00000d04   0x00000d04   0x00000084   Code   RO          378    .text.GPIO_PinModeSet  em_gpio.o
    0x00000d88   0x00000d88   0x00000020   Code   RO          470    .text.SystemCoreClockGet  system_efm32gg.o
    0x00000da8   0x00000da8   0x000000ac   Code   RO          472    .text.SystemHFClockGet  system_efm32gg.o
    0x00000e54   0x00000e54   0x00000008   Code   RO          476    .text.SystemHFXOClockGet  system_efm32gg.o
    0x00000e5c   0x00000e5c   0x00000010   Code   RO          480    .text.SystemInit    system_efm32gg.o
    0x00000e6c   0x00000e6c   0x00000006   Code   RO          482    .text.SystemLFRCOClockGet  system_efm32gg.o
    0x00000e72   0x00000e72   0x00000002   PAD
    0x00000e74   0x00000e74   0x0000000c   Code   RO          486    .text.SystemLFXOClockGet  system_efm32gg.o
    0x00000e80   0x00000e80   0x00000008   Code   RO          474    .text.SystemMaxCoreClockGet  system_efm32gg.o
    0x00000e88   0x00000e88   0x00000006   Code   RO          484    .text.SystemULFRCOClockGet  system_efm32gg.o
    0x00000e8e   0x00000e8e   0x00000002   PAD
    0x00000e90   0x00000e90   0x00000064   Code   RO          410    .text.USART_BaudrateAsyncSet  em_usart.o
    0x00000ef4   0x00000ef4   0x00000020   Code   RO          416    .text.USART_BaudrateSyncSet  em_usart.o
    0x00000f14   0x00000f14   0x0000000c   Code   RO          418    .text.USART_Enable  em_usart.o
    0x00000f20   0x00000f20   0x00000040   Code   RO          420    .text.USART_InitAsync  em_usart.o
    0x00000f60   0x00000f60   0x0000005e   Code   RO          424    .text.USART_InitSync  em_usart.o
    0x00000fbe   0x00000fbe   0x00000002   PAD
    0x00000fc0   0x00000fc0   0x00000048   Code   RO          422    .text.USART_Reset   em_usart.o
    0x00001008   0x00001008   0x0000000e   Code   RO          432    .text.USART_Rx      em_usart.o
    0x00001016   0x00001016   0x0000000c   Code   RO          442    .text.USART_Tx      em_usart.o
    0x00001022   0x00001022   0x00000002   PAD
    0x00001024   0x00001024   0x00000064   Code   RO            2    .text._Z10Initializev  main.o
    0x00001088   0x00001088   0x00000024   Code   RO          172    .text._Z10LoraConfigv  rn2483.o
    0x000010ac   0x000010ac   0x00000050   Code   RO           14    .text._Z12LoraTransmitPKv  main.o
    0x000010fc   0x000010fc   0x0000001c   Code   RO          174    .text._Z12LoraTransmitPcS_  rn2483.o
    0x00001118   0x00001118   0x00000024   Code   RO           12    .text._Z13ReceiveThreadPKv  main.o
    0x0000113c   0x0000113c   0x00000094   Code   RO          155    .text._Z13accInitializev  lis3dsh.o
    0x000011d0   0x000011d0   0x00000064   Code   RO            8    .text._Z15uart0Initializev  main.o
    0x00001234   0x00001234   0x0000002c   Code   RO            6    .text._Z6blinkyPKv  main.o
    0x00001260   0x00001260   0x00000064   Code   RO          149    .text._Z7accReadh   lis3dsh.o
    0x000012c4   0x000012c4   0x00000024   Code   RO          157    .text._Z7accReadv   lis3dsh.o
    0x000012e8   0x000012e8   0x0000008c   Code   RO            4    .text._Z7adcFuncv   main.o
    0x00001374   0x00001374   0x00000024   Code   RO          151    .text._Z8accWritehh  lis3dsh.o
    0x00001398   0x00001398   0x00000018   Code   RO           10    .text._Z8uartSendP13USART_TypeDefPc  main.o
    0x000013b0   0x000013b0   0x0000002c   Code   RO          153    .text._Z9accConfigv  lis3dsh.o
    0x000013dc   0x000013dc   0x00000018   Code   RO           68    .text._ZN4LoRa12uartLoraSendEP13USART_TypeDefPc  lora.o
    0x000013f4   0x000013f4   0x00000040   Code   RO           58    .text._ZN4LoRa17stringConcatenateEPcS0_  lora.o
    0x00001434   0x00001434   0x00000068   Code   RO           62    .text._ZN4LoRa17stringConcatenateEPcS0_S0_S0_  lora.o
    0x0000149c   0x0000149c   0x00000060   Code   RO           56    .text._ZN4LoRa18uartLoraInitializeEv  lora.o
    0x000014fc   0x000014fc   0x00000028   Code   RO           92    .text._ZN4LoRa3mac2txEPcS1_S1_  lora.o
    0x00001524   0x00001524   0x00000034   Code   RO           96    .text._ZN4LoRa3mac4joinEPc  lora.o
    0x00001558   0x00001558   0x00000020   Code   RO          196    .text._mutex_acquire  rtx_conf_cm.o
    0x00001578   0x00001578   0x0000001c   Code   RO          198    .text._mutex_release  rtx_conf_cm.o
    0x00001594   0x00001594   0x00000018   Code   RO          206    .text._platform_post_lib_init  rtx_conf_cm.o
    0x000015ac   0x000015ac   0x00000074   Code   RO          283    .text.auxClkGet     em_cmu.o
    0x00001620   0x00001620   0x00000070   Code   RO          255    .text.flashWaitStateControl  em_cmu.o
    0x00001690   0x00001690   0x0000000e   Code   RO          271    .text.flashWaitStateMax  em_cmu.o
    0x0000169e   0x0000169e   0x00000002   PAD
    0x000016a0   0x000016a0   0x00000084   Code   RO          281    .text.lfClkGet      em_cmu.o
    0x00001724   0x00001724   0x000000a0   Code   RO           16    .text.main          main.o
    0x000017c4   0x000017c4   0x00000054   Code   RO          289    .text.maxFreqHfle   em_cmu.o
    0x00001818   0x00001818   0x00000002   Code   RO          190    .text.os_error      rtx_conf_cm.o
    0x0000181a   0x0000181a   0x00000002   Code   RO          188    .text.os_idle_demon  rtx_conf_cm.o
    0x0000181c   0x0000181c   0x00000044   Code   RO          273    .text.setHfLeConfig  em_cmu.o
    0x00001860   0x00001860   0x00000018   Code   RO          275    .text.syncReg       em_cmu.o
    0x00001878   0x00001878   0x00000004   Code   RO         1708    SVC_TABLE           RTX_CM3.lib(svc_table.o)
    0x0000187c   0x0000187c   0x00000046   Code   RO         1597    i._init_box         RTX_CM3.lib(rt_membox.o)
    0x000018c2   0x000018c2   0x0000000e   Code   RO         1757    i._is_digit         c_w.l(__printf_wp.o)
    0x000018d0   0x000018d0   0x00000030   Code   RO         1650    i.dbg_init          RTX_CM3.lib(hal_cm.o)
    0x00001900   0x00001900   0x00000020   Code   RO         1651    i.dbg_task_notify   RTX_CM3.lib(hal_cm.o)
    0x00001920   0x00001920   0x00000010   Code   RO         1652    i.dbg_task_switch   RTX_CM3.lib(hal_cm.o)
    0x00001930   0x00001930   0x0000002a   Code   RO          505    i.isrMessageGet     RTX_CM3.lib(rt_cmsis.o)
    0x0000195a   0x0000195a   0x0000002c   Code   RO          506    i.isrMessagePut     RTX_CM3.lib(rt_cmsis.o)
    0x00001986   0x00001986   0x00000002   PAD
    0x00001988   0x00001988   0x00000056   Code   RO         1452    i.isr_mbx_receive   RTX_CM3.lib(rt_mailbox.o)
    0x000019de   0x000019de   0x0000000e   Code   RO         1453    i.isr_mbx_send      RTX_CM3.lib(rt_mailbox.o)
    0x000019ec   0x000019ec   0x00000018   Code   RO          509    i.osDelay           RTX_CM3.lib(rt_cmsis.o)
    0x00001a04   0x00001a04   0x00000024   Code   RO          510    i.osKernelInitialize  RTX_CM3.lib(rt_cmsis.o)
    0x00001a28   0x00001a28   0x0000006c   Code   RO          512    i.osKernelStart     RTX_CM3.lib(rt_cmsis.o)
    0x00001a94   0x00001a94   0x00000018   Code   RO          521    i.osMessageGet      RTX_CM3.lib(rt_cmsis.o)
    0x00001aac   0x00001aac   0x0000002c   Code   RO          538    i.osThreadCreate    RTX_CM3.lib(rt_cmsis.o)
    0x00001ad8   0x00001ad8   0x00000018   Code   RO          539    i.osThreadExit      RTX_CM3.lib(rt_cmsis.o)
    0x00001af0   0x00001af0   0x0000000c   Code   RO          545    i.osTimerCall       RTX_CM3.lib(rt_cmsis.o)
    0x00001afc   0x00001afc   0x0000002c   Code   RO          550    i.osTimerThread     RTX_CM3.lib(rt_cmsis.o)
    0x00001b28   0x00001b28   0x00000028   Code   RO         1244    i.os_tick_init      RTX_CM3.lib(rt_system.o)
    0x00001b50   0x00001b50   0x00000002   Code   RO         1245    i.os_tick_irqack    RTX_CM3.lib(rt_system.o)
    0x00001b52   0x00001b52   0x0000001a   Code   RO         1598    i.rt_alloc_box      RTX_CM3.lib(rt_membox.o)
    0x00001b6c   0x00001b6c   0x0000003e   Code   RO         1626    i.rt_alloc_mem      RTX_CM3.lib(rt_memory.o)
    0x00001baa   0x00001baa   0x00000002   PAD
    0x00001bac   0x00001bac   0x00000038   Code   RO         1125    i.rt_block          RTX_CM3.lib(rt_task.o)
    0x00001be4   0x00001be4   0x00000048   Code   RO         1575    i.rt_chk_robin      RTX_CM3.lib(rt_robin.o)
    0x00001c2c   0x00001c2c   0x00000070   Code   RO         1376    i.rt_dec_dly        RTX_CM3.lib(rt_list.o)
    0x00001c9c   0x00001c9c   0x00000044   Code   RO         1126    i.rt_dispatch       RTX_CM3.lib(rt_task.o)
    0x00001ce0   0x00001ce0   0x00000006   Code   RO         1542    i.rt_dly_wait       RTX_CM3.lib(rt_time.o)
    0x00001ce6   0x00001ce6   0x00000002   PAD
    0x00001ce8   0x00001ce8   0x00000050   Code   RO         1337    i.rt_evt_psh        RTX_CM3.lib(rt_event.o)
    0x00001d38   0x00001d38   0x0000002c   Code   RO         1599    i.rt_free_box       RTX_CM3.lib(rt_membox.o)
    0x00001d64   0x00001d64   0x00000028   Code   RO         1627    i.rt_free_mem       RTX_CM3.lib(rt_memory.o)
    0x00001d8c   0x00001d8c   0x00000028   Code   RO         1377    i.rt_get_first      RTX_CM3.lib(rt_list.o)
    0x00001db4   0x00001db4   0x00000008   Code   RO          555    i.rt_id2obj         RTX_CM3.lib(rt_cmsis.o)
    0x00001dbc   0x00001dbc   0x00000048   Code   RO         1127    i.rt_init_context   RTX_CM3.lib(rt_task.o)
    0x00001e04   0x00001e04   0x0000001a   Code   RO         1628    i.rt_init_mem       RTX_CM3.lib(rt_memory.o)
    0x00001e1e   0x00001e1e   0x00000002   PAD
    0x00001e20   0x00001e20   0x00000018   Code   RO         1576    i.rt_init_robin     RTX_CM3.lib(rt_robin.o)
    0x00001e38   0x00001e38   0x00000080   Code   RO         1653    i.rt_init_stack     RTX_CM3.lib(hal_cm.o)
    0x00001eb8   0x00001eb8   0x00000008   Code   RO         1454    i.rt_mbx_check      RTX_CM3.lib(rt_mailbox.o)
    0x00001ec0   0x00001ec0   0x0000001a   Code   RO         1455    i.rt_mbx_init       RTX_CM3.lib(rt_mailbox.o)
    0x00001eda   0x00001eda   0x00000002   PAD
    0x00001edc   0x00001edc   0x000000f0   Code   RO         1456    i.rt_mbx_psh        RTX_CM3.lib(rt_mailbox.o)
    0x00001fcc   0x00001fcc   0x000000b4   Code   RO         1458    i.rt_mbx_wait       RTX_CM3.lib(rt_mailbox.o)
    0x00002080   0x00002080   0x00000044   Code   RO          556    i.rt_ms2tick        RTX_CM3.lib(rt_cmsis.o)
    0x000020c4   0x000020c4   0x000000d8   Code   RO         1211    i.rt_mut_release    RTX_CM3.lib(rt_mutex.o)
    0x0000219c   0x0000219c   0x00000078   Code   RO         1212    i.rt_mut_wait       RTX_CM3.lib(rt_mutex.o)
    0x00002214   0x00002214   0x0000007c   Code   RO         1248    i.rt_pop_req        RTX_CM3.lib(rt_system.o)
    0x00002290   0x00002290   0x00000020   Code   RO         1249    i.rt_psh_req        RTX_CM3.lib(rt_system.o)
    0x000022b0   0x000022b0   0x0000005c   Code   RO         1379    i.rt_psq_enq        RTX_CM3.lib(rt_list.o)
    0x0000230c   0x0000230c   0x00000048   Code   RO         1380    i.rt_put_dly        RTX_CM3.lib(rt_list.o)
    0x00002354   0x00002354   0x00000036   Code   RO         1381    i.rt_put_prio       RTX_CM3.lib(rt_list.o)
    0x0000238a   0x0000238a   0x00000002   PAD
    0x0000238c   0x0000238c   0x00000014   Code   RO         1382    i.rt_put_rdy_first  RTX_CM3.lib(rt_list.o)
    0x000023a0   0x000023a0   0x00000034   Code   RO         1383    i.rt_resort_prio    RTX_CM3.lib(rt_list.o)
    0x000023d4   0x000023d4   0x00000006   Code   RO         1654    i.rt_ret_val        RTX_CM3.lib(hal_cm.o)
    0x000023da   0x000023da   0x00000008   Code   RO         1655    i.rt_ret_val2       RTX_CM3.lib(hal_cm.o)
    0x000023e2   0x000023e2   0x00000028   Code   RO         1384    i.rt_rmv_dly        RTX_CM3.lib(rt_list.o)
    0x0000240a   0x0000240a   0x00000002   PAD
    0x0000240c   0x0000240c   0x00000030   Code   RO         1385    i.rt_rmv_list       RTX_CM3.lib(rt_list.o)
    0x0000243c   0x0000243c   0x00000034   Code   RO         1503    i.rt_sem_psh        RTX_CM3.lib(rt_semaphore.o)
    0x00002470   0x00002470   0x00000024   Code   RO         1251    i.rt_stk_check      RTX_CM3.lib(rt_system.o)
    0x00002494   0x00002494   0x00000028   Code   RO         1128    i.rt_switch_req     RTX_CM3.lib(rt_task.o)
    0x000024bc   0x000024bc   0x000000cc   Code   RO         1129    i.rt_sys_init       RTX_CM3.lib(rt_task.o)
    0x00002588   0x00002588   0x00000078   Code   RO         1130    i.rt_sys_start      RTX_CM3.lib(rt_task.o)
    0x00002600   0x00002600   0x00000040   Code   RO         1253    i.rt_systick        RTX_CM3.lib(rt_system.o)
    0x00002640   0x00002640   0x00000012   Code   RO          557    i.rt_tid2ptcb       RTX_CM3.lib(rt_cmsis.o)
    0x00002652   0x00002652   0x00000002   PAD
    0x00002654   0x00002654   0x00000034   Code   RO          558    i.rt_timer_insert   RTX_CM3.lib(rt_cmsis.o)
    0x00002688   0x00002688   0x00000088   Code   RO         1131    i.rt_tsk_create     RTX_CM3.lib(rt_task.o)
    0x00002710   0x00002710   0x0000017c   Code   RO         1132    i.rt_tsk_delete     RTX_CM3.lib(rt_task.o)
    0x0000288c   0x0000288c   0x0000007c   Code   RO         1134    i.rt_tsk_prio       RTX_CM3.lib(rt_task.o)
    0x00002908   0x00002908   0x00000010   Code   RO         1135    i.rt_tsk_self       RTX_CM3.lib(rt_task.o)
    0x00002918   0x00002918   0x00000012   Code   RO          560    i.svcDelay          RTX_CM3.lib(rt_cmsis.o)
    0x0000292a   0x0000292a   0x00000002   PAD
    0x0000292c   0x0000292c   0x00000070   Code   RO          561    i.svcKernelInitialize  RTX_CM3.lib(rt_cmsis.o)
    0x0000299c   0x0000299c   0x00000048   Code   RO          563    i.svcKernelStart    RTX_CM3.lib(rt_cmsis.o)
    0x000029e4   0x000029e4   0x00000024   Code   RO          566    i.svcMessageCreate  RTX_CM3.lib(rt_cmsis.o)
    0x00002a08   0x00002a08   0x0000003a   Code   RO          567    i.svcMessageGet     RTX_CM3.lib(rt_cmsis.o)
    0x00002a42   0x00002a42   0x00000002   PAD
    0x00002a44   0x00002a44   0x0000006c   Code   RO          581    i.svcThreadCreate   RTX_CM3.lib(rt_cmsis.o)
    0x00002ab0   0x00002ab0   0x0000001c   Code   RO          582    i.svcThreadGetId    RTX_CM3.lib(rt_cmsis.o)
    0x00002acc   0x00002acc   0x00000038   Code   RO          585    i.svcThreadTerminate  RTX_CM3.lib(rt_cmsis.o)
    0x00002b04   0x00002b04   0x00000018   Code   RO          587    i.svcTimerCall      RTX_CM3.lib(rt_cmsis.o)
    0x00002b1c   0x00002b1c   0x0000005c   Code   RO          596    i.sysTimerTick      RTX_CM3.lib(rt_cmsis.o)
    0x00002b78   0x00002b78   0x00000062   Code   RO         1781    x$fpl$d2f           fz_ws.l(d2f.o)
    0x00002bda   0x00002bda   0x00000002   PAD
    0x00002bdc   0x00002bdc   0x000002b0   Code   RO         1784    x$fpl$ddiv          fz_ws.l(ddiv.o)
    0x00002e8c   0x00002e8c   0x00000154   Code   RO         1787    x$fpl$dmul          fz_ws.l(dmul.o)
    0x00002fe0   0x00002fe0   0x0000009c   Code   RO         1855    x$fpl$dnaninf       fz_ws.l(dnaninf.o)
    0x0000307c   0x0000307c   0x0000000c   Code   RO         1857    x$fpl$dretinf       fz_ws.l(dretinf.o)
    0x00003088   0x00003088   0x00000056   Code   RO         1789    x$fpl$f2d           fz_ws.l(f2d.o)
    0x000030de   0x000030de   0x00000002   PAD
    0x000030e0   0x000030e0   0x00000184   Code   RO         1792    x$fpl$fdiv          fz_ws.l(fdiv.o)
    0x00003264   0x00003264   0x0000003e   Code   RO         1795    x$fpl$ffixu         fz_ws.l(ffixu.o)
    0x000032a2   0x000032a2   0x00000002   PAD
    0x000032a4   0x000032a4   0x00000026   Code   RO         1799    x$fpl$ffltu         fz_ws.l(fflt_clz.o)
    0x000032ca   0x000032ca   0x0000008c   Code   RO         1859    x$fpl$fnaninf       fz_ws.l(fnaninf.o)
    0x00003356   0x00003356   0x0000000a   Code   RO         1861    x$fpl$fretinf       fz_ws.l(fretinf.o)
    0x00003360   0x00003360   0x00000000   Code   RO         1863    x$fpl$usenofp       fz_ws.l(usenofp.o)
    0x00003360   0x00003360   0x00000028   Data   RO         1730    .constdata          c_w.l(_printf_hex_int.o)
    0x00003388   0x00003388   0x00000011   Data   RO         1760    .constdata          c_w.l(__printf_flags_wp.o)
    0x00003399   0x00003399   0x00000003   PAD
    0x0000339c   0x0000339c   0x00000018   Data   RO          160    .rodata..L_ZZ13accInitializevE19usartInitTypeDefAcc  lis3dsh.o
    0x000033b4   0x000033b4   0x00000018   Data   RO           20    .rodata..L_ZZ15uart0InitializevE18uartInitTypeDef232  main.o
    0x000033cc   0x000033cc   0x00000018   Data   RO          131    .rodata..L_ZZN4LoRa18uartLoraInitializeEvE19uartInitTypeDefLora  lora.o
    0x000033e4   0x000033e4   0x00000004   Data   RO          216    .rodata.CMSIS_RTOS_API_Version  rtx_conf_cm.o
    0x000033e8   0x000033e8   0x00000004   Data   RO          217    .rodata.CMSIS_RTOS_RTX_Version  rtx_conf_cm.o
    0x000033ec   0x000033ec   0x00000010   Data   RO           21    .rodata._ZL20os_thread_def_blinky  main.o
    0x000033fc   0x000033fc   0x00000010   Data   RO           23    .rodata._ZL26os_thread_def_LoraTransmit  main.o
    0x0000340c   0x0000340c   0x00000010   Data   RO           22    .rodata._ZL27os_thread_def_ReceiveThread  main.o
    0x0000341c   0x0000341c   0x00000004   Data   RO          221    .rodata.mp_stk_size  rtx_conf_cm.o
    0x00003420   0x00003420   0x00000002   Data   RO          220    .rodata.mp_tcb_size  rtx_conf_cm.o
    0x00003422   0x00003422   0x00000002   Data   RO          229    .rodata.mp_tmr_size  rtx_conf_cm.o
    0x00003424   0x00003424   0x00000004   Data   RO          218    .rodata.os_clockrate  rtx_conf_cm.o
    0x00003428   0x00003428   0x00000001   Data   RO          223    .rodata.os_fifo_size  rtx_conf_cm.o
    0x00003429   0x00003429   0x00000001   Data   RO          215    .rodata.os_flags    rtx_conf_cm.o
    0x0000342a   0x0000342a   0x00000002   Data   RO          208    .rodata.os_maxtaskrun  rtx_conf_cm.o
    0x0000342c   0x0000342c   0x00000008   Data   RO          226    .rodata.os_messageQ_def_osTimerMessageQ  rtx_conf_cm.o
    0x00003434   0x00003434   0x00000004   Data   RO          210    .rodata.os_rrobin   rtx_conf_cm.o
    0x00003438   0x00003438   0x00000004   Data   RO          222    .rodata.os_stack_sz  rtx_conf_cm.o
    0x0000343c   0x0000343c   0x00000004   Data   RO          209    .rodata.os_stackinfo  rtx_conf_cm.o
    0x00003440   0x00003440   0x00000010   Data   RO          233    .rodata.os_thread_def_main  rtx_conf_cm.o
    0x00003450   0x00003450   0x00000010   Data   RO          224    .rodata.os_thread_def_osTimerThread  rtx_conf_cm.o
    0x00003460   0x00003460   0x00000004   Data   RO          219    .rodata.os_timernum  rtx_conf_cm.o
    0x00003464   0x00003464   0x00000004   Data   RO          214    .rodata.os_trv      rtx_conf_cm.o
    0x00003468   0x00003468   0x00000007   Data   RO          133    .rodata.str1.1      lora.o
    0x0000346f   0x0000346f   0x00000001   PAD
    0x00003470   0x00003470   0x00000020   Data   RO         2109    Region$$Table       anon$$obj.o


    Execution Region RW_IRAM1 (Exec base: 0x20000000, Load base: 0x00003490, Size: 0x00001ef8, Max: 0x00020000, ABSOLUTE)

    Exec Addr    Load Addr    Size         Type   Attr      Idx    E Section Name        Object

    0x20000000   0x00003490   0x00000004   Data   RW           24    .ARM.use_no_argv    main.o
    0x20000004   0x00003494   0x00000008   Data   RW          599    .data               RTX_CM3.lib(rt_cmsis.o)
    0x2000000c   0x0000349c   0x00000008   Data   RW         1137    .data               RTX_CM3.lib(rt_task.o)
    0x20000014   0x000034a4   0x00000008   Data   RW         1256    .data               RTX_CM3.lib(rt_system.o)
    0x2000001c   0x000034ac   0x00000004   Data   RW         1546    .data               RTX_CM3.lib(rt_time.o)
    0x20000020   0x000034b0   0x00000008   Data   RW         1577    .data               RTX_CM3.lib(rt_robin.o)
    0x20000028   0x000034b8   0x00000001   Data   RW         1656    .data               RTX_CM3.lib(hal_cm.o)
    0x20000029   0x000034b9   0x00000007   PAD
    0x20000030   0x000034c0   0x0000001c   Data   RW           25    .data..L_MergedGlobals  main.o
    0x2000004c   0x000034dc   0x00000008   Data   RW          491    .data..L_MergedGlobals  system_efm32gg.o
    0x20000054   0x000034e4   0x00000004   Data   RW          490    .data.SystemCoreClock  system_efm32gg.o
    0x20000058   0x000034e8   0x00000004   Data   RW           18    .data.uart232       main.o
    0x2000005c   0x000034ec   0x00000004   Data   RW          130    .data.uartClassLora  lora.o
    0x20000060   0x000034f0   0x00000004   Data   RW          176    .data.uartLora      rn2483.o
    0x20000064   0x000034f4   0x00000004   Data   RW          159    .data.usartAcc      lis3dsh.o
    0x20000068        -       0x00000034   Zero   RW         1136    .bss                RTX_CM3.lib(rt_task.o)
    0x2000009c        -       0x00000030   Zero   RW         1386    .bss                RTX_CM3.lib(rt_list.o)
    0x200000cc        -       0x00000060   Zero   RW         1714    .bss                c_w.l(libspace.o)
    0x2000012c        -       0x00000040   Zero   RW          132    .bss._ZZN4LoRa17stringConcatenateEPcS0_E4temp  lora.o
    0x2000016c        -       0x00000040   Zero   RW          135    .bss._ZZN4LoRa17stringConcatenateEPcS0_S0_S0_E4temp  lora.o
    0x200001ac        -       0x00000004   Zero   RW          228    .bss.m_tmr          rtx_conf_cm.o
    0x200001b0        -       0x00000700   Zero   RW          235    .bss.mp_stk         rtx_conf_cm.o
    0x200008b0        -       0x00000178   Zero   RW          234    .bss.mp_tcb         rtx_conf_cm.o
    0x20000a28        -       0x00000004   Zero   RW          240    .bss.osMessageQId_osTimerMessageQ  rtx_conf_cm.o
    0x20000a2c        -       0x00000004   Zero   RW          239    .bss.osThreadId_osTimerThread  rtx_conf_cm.o
    0x20000a30        -       0x0000001c   Zero   RW          238    .bss.os_active_TCB  rtx_conf_cm.o
    0x20000a4c        -       0x00000084   Zero   RW          237    .bss.os_fifo        rtx_conf_cm.o
    0x20000ad0        -       0x00000020   Zero   RW          225    .bss.os_messageQ_q_osTimerMessageQ  rtx_conf_cm.o
    0x20000af0        -       0x00000408   Zero   RW          236    .bss.os_stack_mem   rtx_conf_cm.o
    0x20000ef8        -       0x00000c00   Zero   RW          461    HEAP                startup_efm32gg.o
    0x20001af8        -       0x00000400   Zero   RW          460    STACK               startup_efm32gg.o


==============================================================================

Image component sizes


      Code (inc. data)   RO Data    RW Data    ZI Data      Debug   Object Name

      2006        244          0          0          0      21840   em_cmu.o
       132          4          0          0          0       5261   em_gpio.o
       400         36          0          0          0      11474   em_usart.o
       364         28         24          4          0      12642   lis3dsh.o
       380         40         31          4        128      18692   lora.o
       684        140         72         36          0      21917   main.o
        64         12          0          4          0      14708   rn2483.o
        88         20         84          0       3404       6917   rtx_conf_cm.o
        64         26        220          0       4096        852   startup_efm32gg.o
       260         62          0         12          0       4475   system_efm32gg.o

    ----------------------------------------------------------------------
      4452        612        464         60       7628     118778   Object Totals
         0          0         32          0          0          0   (incl. Generated)
        10          0          1          0          0          0   (incl. Padding)

    ----------------------------------------------------------------------

      Code (inc. data)   RO Data    RW Data    ZI Data      Debug   Library Member Name

       238         24          0          1          0       3312   hal_cm.o
       304         36          0          0          0        768   hal_cm3.o
      1152        144          0          8          0      34306   rt_cmsis.o
        80          4          0          0          0        661   rt_event.o
       530         34          0          0         48       8253   rt_list.o
       554         10          0          0          0       3949   rt_mailbox.o
       140          0          0          0          0       1925   rt_membox.o
       128          0          0          0          0       2307   rt_memory.o
       336         14          0          0          0       1643   rt_mutex.o
        96         22          0          8          0       1158   rt_robin.o
        52          4          0          0          0        573   rt_semaphore.o
       298         52          0          8          0       6223   rt_system.o
      1216        174          0          8         52       9649   rt_task.o
         6          0          0          4          0        652   rt_time.o
         4          4          0          0          0        208   svc_table.o
         8          0          0          0          0         68   __main.o
       312          4         17          0          0         92   __printf_flags_wp.o
        14          0          0          0          0         68   __printf_wp.o
         0          0          0          0          0          0   __rtentry.o
        20          0          0          0          0          0   __rtentry2.o
         6          0          0          0          0          0   __rtentry4.o
        52          8          0          0          0          0   __scatter.o
        26          0          0          0          0          0   __scatter_copy.o
        28          0          0          0          0          0   __scatter_zi.o
        48          6          0          0          0         96   _printf_char_common.o
        88          4         40          0          0         88   _printf_hex_int.o
       178          0          0          0          0         88   _printf_intcommon.o
        78          0          0          0          0        108   _printf_pad.o
         0          0          0          0          0          0   _printf_percent.o
         4          0          0          0          0          0   _printf_percent_end.o
         6          0          0          0          0          0   _printf_x.o
        10          0          0          0          0         68   _sputc.o
        18          0          0          0          0         80   exit.o
         6          0          0          0          0        152   heapauxi.o
         0          0          0          0          0          0   indicate_semi.o
         2          0          0          0          0          0   libinit.o
         2          0          0          0          0          0   libinit2.o
         2          0          0          0          0          0   libshutdown.o
         2          0          0          0          0          0   libshutdown2.o
         8          4          0          0         96         68   libspace.o
        40          6          0          0          0         84   noretval__2sprintf.o
        78          0          0          0          0         80   rt_memclr_w.o
         2          0          0          0          0          0   rtexit.o
        10          0          0          0          0          0   rtexit2.o
        24          0          0          0          0         68   strcat.o
        72          0          0          0          0         80   strcpy.o
        62          0          0          0          0         76   strlen.o
        12          4          0          0          0         68   sys_exit.o
        74          0          0          0          0         80   sys_stackheap_outer.o
         2          0          0          0          0         68   use_no_semi.o
        98          4          0          0          0         92   d2f.o
       688        140          0          0          0        216   ddiv.o
       340         12          0          0          0        104   dmul.o
       156          4          0          0          0         92   dnaninf.o
        12          0          0          0          0         68   dretinf.o
        86          4          0          0          0         84   f2d.o
       388         76          0          0          0         96   fdiv.o
        62          4          0          0          0         84   ffixu.o
        38          0          0          0          0         68   fflt_clz.o
       140          4          0          0          0         84   fnaninf.o
        10          0          0          0          0         68   fretinf.o
         0          0          0          0          0          0   usenofp.o

    ----------------------------------------------------------------------
      8480        806         60         44        196      78223   Library Totals
        34          0          3          7          0          0   (incl. Padding)

    ----------------------------------------------------------------------

      Code (inc. data)   RO Data    RW Data    ZI Data      Debug   Library Name

      5134        522          0         37        100      75587   RTX_CM3.lib
      1294         36         57          0         96       1580   c_w.l
      2018        248          0          0          0       1056   fz_ws.l

    ----------------------------------------------------------------------
      8480        806         60         44        196      78223   Library Totals

    ----------------------------------------------------------------------

==============================================================================


      Code (inc. data)   RO Data    RW Data    ZI Data      Debug   

     12932       1418        524        104       7824     191877   Grand Totals
     12932       1418        524        104       7824     191877   ELF Image Totals
     12932       1418        524        104          0          0   ROM Totals

==============================================================================

    Total RO  Size (Code + RO Data)                13456 (  13.14kB)
    Total RW  Size (RW Data + ZI Data)              7928 (   7.74kB)
    Total ROM Size (Code + RO Data + RW Data)      13560 (  13.24kB)

==============================================================================

